node.exe : - Generating browser application bundles (phase: setup)...
At C:\Program Files\nodejs\npx.ps1:29 char:3
+   & $NODE_EXE $NPX_CLI_JS $args
+   ~~~~~~~~~~~~~~~~~~~~~~~~~~~~~
    + CategoryInfo          : NotSpecified: (- Generating br...hase: setup)...:String) [], RemoteException
    + FullyQualifiedErrorId : NativeCommandError
 
ΓêÜ Browser application bundle generation complete.
[32m28 04 2026 00:33:25.331:INFO [karma-server]: [39mKarma v6.4.4 server started at http://localhost:9876/
[32m28 04 2026 00:33:25.333:INFO [launcher]: [39mLaunching browsers ChromeHeadless with concurrency unlimited
[32m28 04 2026 00:33:25.337:INFO [launcher]: [39mStarting browser ChromeHeadless
[32m28 04 2026 00:33:26.749:INFO [Chrome Headless 147.0.0.0 (Windows 10)]: [39mConnected on socket wUhWjfVABG2mU8VgAAAB with id 28216739
Chrome Headless 147.0.0.0 (Windows 10): Executed 0 of 217[32m SUCCESS[39m (0 secs / 0 secs)
[1A[2KChrome Headless 147.0.0.0 (Windows 10): Executed 1 of 217[32m SUCCESS[39m (0 secs / 0.011 secs)
[1A[2K[31mChrome Headless 147.0.0.0 (Windows 10) MentorStore should clear error FAILED[39m
	TypeError: store.clearError is not a function
	    at UserContext.apply (src/app/core/auth/mentor.store.spec.ts:216:11)
	    at _ZoneDelegate.invoke (node_modules/zone.js/fesm2015/zone.js:369:28)
	    at ProxyZoneSpec.onInvoke (node_modules/zone.js/fesm2015/zone-testing.js:2081:39)
	    at _ZoneDelegate.invoke (node_modules/zone.js/fesm2015/zone.js:368:34)
	    at ZoneImpl.run (node_modules/zone.js/fesm2015/zone.js:111:43)
	    at runInTestZone (node_modules/zone.js/fesm2015/zone-testing.js:216:38)
	    at UserContext.<anonymous> (node_modules/zone.js/fesm2015/zone-testing.js:234:32)
	    at <Jasmine>
Chrome Headless 147.0.0.0 (Windows 10): Executed 2 of 217[31m (1 FAILED)[39m (0 secs / 0.014 secs)
[1A[2KChrome Headless 147.0.0.0 (Windows 10): Executed 3 of 217[31m (1 FAILED)[39m (0 secs / 0.016 secs)
[1A[2KChrome Headless 147.0.0.0 (Windows 10): Executed 4 of 217[31m (1 FAILED)[39m (0 secs / 0.018 secs)
[1A[2K[31mChrome Headless 147.0.0.0 (Windows 10) MentorStore should load my profile successfully FAILED[39m
	TypeError: authStore.roles is not a function
	    at project (src/app/core/auth/mentor.store.ts:114:26)
	    at onNext (node_modules/rxjs/dist/esm/internal/operators/switchMap.js:14:23)
	    at OperatorSubscriber._next (node_modules/rxjs/dist/esm/internal/operators/OperatorSubscriber.js:13:21)
	    at OperatorSubscriber.next (node_modules/rxjs/dist/esm/internal/Subscriber.js:31:18)
	    at onNext (node_modules/rxjs/dist/esm/internal/operators/tap.js:18:28)
	    at OperatorSubscriber._next (node_modules/rxjs/dist/esm/internal/operators/OperatorSubscriber.js:13:21)
	    at OperatorSubscriber.next (node_modules/rxjs/dist/esm/internal/Subscriber.js:31:18)
	    at cb (node_modules/rxjs/dist/esm/internal/Subject.js:34:30)
	    at errorContext (node_modules/rxjs/dist/esm/internal/util/errorContext.js:19:9)
	    at Subject.next (node_modules/rxjs/dist/esm/internal/Subject.js:27:21)
Chrome Headless 147.0.0.0 (Windows 10): Executed 5 of 217[31m (2 FAILED)[39m (0 secs / 0.021 secs)
[1A[2KChrome Headless 147.0.0.0 (Windows 10): Executed 6 of 217[31m (2 FAILED)[39m (0 secs / 0.024 secs)
[1A[2KChrome Headless 147.0.0.0 (Windows 10): Executed 7 of 217[31m (2 FAILED)[39m (0 secs / 0.026 secs)
[1A[2KChrome Headless 147.0.0.0 (Windows 10): Executed 8 of 217[31m (2 FAILED)[39m (0 secs / 0.028 secs)
[1A[2KChrome Headless 147.0.0.0 (Windows 10): Executed 9 of 217[31m (2 FAILED)[39m (0 secs / 0.031 secs)
[1A[2KChrome Headless 147.0.0.0 (Windows 10): Executed 10 of 217[31m (2 FAILED)[39m (0 secs / 0.033 secs)
[1A[2KChrome Headless 147.0.0.0 (Windows 10): Executed 11 of 217[31m (2 FAILED)[39m (0 secs / 0.034 secs)
[1A[2KChrome Headless 147.0.0.0 (Windows 10): Executed 12 of 217[31m (2 FAILED)[39m (0 secs / 0.037 secs)
[1A[2K[31mChrome Headless 147.0.0.0 (Windows 10) MentorStore should handle loadApproved error with 403 by refreshing FAILED[39m
	Expected spy AuthStore.refreshToken to have been called.
	    at <Jasmine>
	    at UserContext.apply (src/app/core/auth/mentor.store.spec.ts:64:39)
	    at UserContext.apply (node_modules/zone.js/fesm2015/zone-testing.js:1702:26)
	    at _ZoneDelegate.invoke (node_modules/zone.js/fesm2015/zone.js:369:28)
	    at ProxyZoneSpec.onInvoke (node_modules/zone.js/fesm2015/zone-testing.js:2081:39)
Chrome Headless 147.0.0.0 (Windows 10): Executed 13 of 217[31m (3 FAILED)[39m (0 secs / 0.039 secs)
[1A[2K[31mChrome Headless 147.0.0.0 (Windows 10) MentorStore should load my profile and suppress "not found" errors FAILED[39m
	TypeError: authStore.roles is not a function
	    at project (src/app/core/auth/mentor.store.ts:114:26)
	    at onNext (node_modules/rxjs/dist/esm/internal/operators/switchMap.js:14:23)
	    at OperatorSubscriber._next (node_modules/rxjs/dist/esm/internal/operators/OperatorSubscriber.js:13:21)
	    at OperatorSubscriber.next (node_modules/rxjs/dist/esm/internal/Subscriber.js:31:18)
	    at onNext (node_modules/rxjs/dist/esm/internal/operators/tap.js:18:28)
	    at OperatorSubscriber._next (node_modules/rxjs/dist/esm/internal/operators/OperatorSubscriber.js:13:21)
	    at OperatorSubscriber.next (node_modules/rxjs/dist/esm/internal/Subscriber.js:31:18)
	    at cb (node_modules/rxjs/dist/esm/internal/Subject.js:34:30)
	    at errorContext (node_modules/rxjs/dist/esm/internal/util/errorContext.js:19:9)
	    at Subject.next (node_modules/rxjs/dist/esm/internal/Subject.js:27:21)
Chrome Headless 147.0.0.0 (Windows 10): Executed 14 of 217[31m (4 FAILED)[39m (0 secs / 0.041 secs)
[1A[2KChrome Headless 147.0.0.0 (Windows 10): Executed 15 of 217[31m (4 FAILED)[39m (0 secs / 0.043 secs)
[1A[2KChrome Headless 147.0.0.0 (Windows 10): Executed 16 of 217[31m (4 FAILED)[39m (0 secs / 0.045 secs)
[1A[2KChrome Headless 147.0.0.0 (Windows 10): Executed 17 of 217[31m (4 FAILED)[39m (0 secs / 0.046 secs)
[1A[2KChrome Headless 147.0.0.0 (Windows 10): Executed 18 of 217[31m (4 FAILED)[39m (0 secs / 0.047 secs)
[1A[2KChrome Headless 147.0.0.0 (Windows 10): Executed 19 of 217[31m (4 FAILED)[39m (0 secs / 0.049 secs)
[1A[2KChrome Headless 147.0.0.0 (Windows 10): Executed 20 of 217[31m (4 FAILED)[39m (0 secs / 0.05 secs)
[1A[2KChrome Headless 147.0.0.0 (Windows 10): Executed 21 of 217[31m (4 FAILED)[39m (0 secs / 0.052 secs)
[1A[2KChrome Headless 147.0.0.0 (Windows 10): Executed 22 of 217[31m (4 FAILED)[39m (0 secs / 0.053 secs)
[1A[2KChrome Headless 147.0.0.0 (Windows 10): Executed 23 of 217[31m (4 FAILED)[39m (0 secs / 0.054 secs)
[1A[2KChrome Headless 147.0.0.0 (Windows 10): Executed 24 of 217[31m (4 FAILED)[39m (0 secs / 0.056 secs)
[1A[2KChrome Headless 147.0.0.0 (Windows 10): Executed 25 of 217[31m (4 FAILED)[39m (0 secs / 0.057 secs)
[1A[2KChrome Headless 147.0.0.0 (Windows 10): Executed 26 of 217[31m (4 FAILED)[39m (0 secs / 0.059 secs)
[1A[2KChrome Headless 147.0.0.0 (Windows 10): Executed 27 of 217[31m (4 FAILED)[39m (0 secs / 0.06 secs)
[1A[2KChrome Headless 147.0.0.0 (Windows 10): Executed 28 of 217[31m (4 FAILED)[39m (0 secs / 0.062 secs)
[1A[2KChrome Headless 147.0.0.0 (Windows 10): Executed 29 of 217[31m (4 FAILED)[39m (0 secs / 0.063 secs)
[1A[2KChrome Headless 147.0.0.0 (Windows 10): Executed 30 of 217[31m (4 FAILED)[39m (0 secs / 0.064 secs)
[1A[2KChrome Headless 147.0.0.0 (Windows 10): Executed 31 of 217[31m (4 FAILED)[39m (0 secs / 0.066 secs)
[1A[2KChrome Headless 147.0.0.0 (Windows 10): Executed 32 of 217[31m (4 FAILED)[39m (0 secs / 0.067 secs)
[1A[2KChrome Headless 147.0.0.0 (Windows 10): Executed 33 of 217[31m (4 FAILED)[39m (0 secs / 0.068 secs)
[1A[2KChrome Headless 147.0.0.0 (Windows 10): Executed 34 of 217[31m (4 FAILED)[39m (0 secs / 0.074 secs)
[1A[2KChrome Headless 147.0.0.0 (Windows 10): Executed 35 of 217[31m (4 FAILED)[39m (0 secs / 0.075 secs)
[1A[2KChrome Headless 147.0.0.0 (Windows 10): Executed 36 of 217[31m (4 FAILED)[39m (0 secs / 0.077 secs)
[1A[2KChrome Headless 147.0.0.0 (Windows 10): Executed 37 of 217[31m (4 FAILED)[39m (0 secs / 0.078 secs)
[1A[2KERROR: [36m'HTTP Error 403:', 'Http failure response for /api/forbidden: 403 Forbidden', 'URL:', '/api/forbidden'[39m
Chrome Headless 147.0.0.0 (Windows 10): Executed 37 of 217[31m (4 FAILED)[39m (0 secs / 0.078 secs)
ERROR: 'HTTP Error 403:', 'Http failure response for /api/forbidden: 403 Forbidden', 'URL:', '/api/forbidden'
[1A[2KWARN: [36m'Access forbidden for:', '/api/forbidden'[39m
Chrome Headless 147.0.0.0 (Windows 10): Executed 37 of 217[31m (4 FAILED)[39m (0 secs / 0.078 secs)
WARN: 'Access forbidden for:', '/api/forbidden'
[1A[2KChrome Headless 147.0.0.0 (Windows 10): Executed 38 of 217[31m (4 FAILED)[39m (0 secs / 0.081 secs)
[1A[2KERROR: [36m'HTTP Error 401:', 'Http failure response for /api/auth/login: 401 Unauthorized', 'URL:', '/api/auth/login'[39m
Chrome Headless 147.0.0.0 (Windows 10): Executed 38 of 217[31m (4 FAILED)[39m (0 secs / 0.081 secs)
ERROR: 'HTTP Error 401:', 'Http failure response for /api/auth/login: 401 Unauthorized', 'URL:', '/api/auth/login'
[1A[2KWARN: [36m'Auth endpoint returned 401, not attempting refresh'[39m
Chrome Headless 147.0.0.0 (Windows 10): Executed 38 of 217[31m (4 FAILED)[39m (0 secs / 0.081 secs)
WARN: 'Auth endpoint returned 401, not attempting refresh'
[1A[2KChrome Headless 147.0.0.0 (Windows 10): Executed 39 of 217[31m (4 FAILED)[39m (0 secs / 0.083 secs)
[1A[2KERROR: [36m'HTTP Error 401:', 'Http failure response for /api/test: 401 Unauthorized', 'URL:', '/api/test'[39m
Chrome Headless 147.0.0.0 (Windows 10): Executed 39 of 217[31m (4 FAILED)[39m (0 secs / 0.083 secs)
ERROR: 'HTTP Error 401:', 'Http failure response for /api/test: 401 Unauthorized', 'URL:', '/api/test'
[1A[2KWARN: [36m'Token expired, attempting refresh...'[39m
Chrome Headless 147.0.0.0 (Windows 10): Executed 39 of 217[31m (4 FAILED)[39m (0 secs / 0.083 secs)
WARN: 'Token expired, attempting refresh...'
[1A[2KChrome Headless 147.0.0.0 (Windows 10): Executed 40 of 217[31m (4 FAILED)[39m (0 secs / 0.086 secs)
[1A[2KERROR: [36m'HTTP Error 401:', 'Http failure response for /api/test: 401 Unauthorized', 'URL:', '/api/test'[39m
Chrome Headless 147.0.0.0 (Windows 10): Executed 40 of 217[31m (4 FAILED)[39m (0 secs / 0.086 secs)
ERROR: 'HTTP Error 401:', 'Http failure response for /api/test: 401 Unauthorized', 'URL:', '/api/test'
[1A[2KWARN: [36m'Token expired, attempting refresh...'[39m
Chrome Headless 147.0.0.0 (Windows 10): Executed 40 of 217[31m (4 FAILED)[39m (0 secs / 0.086 secs)
WARN: 'Token expired, attempting refresh...'
[1A[2KChrome Headless 147.0.0.0 (Windows 10): Executed 41 of 217[31m (4 FAILED)[39m (0 secs / 0.089 secs)
[1A[2KChrome Headless 147.0.0.0 (Windows 10): Executed 42 of 217[31m (4 FAILED)[39m (0 secs / 0.091 secs)
[1A[2KChrome Headless 147.0.0.0 (Windows 10): Executed 43 of 217[31m (4 FAILED)[39m (0 secs / 0.092 secs)
[1A[2KWARN: [36m'Spec 'jwtInterceptor should NOT normalize URLs if already absolute' has no expectations.'[39m
Chrome Headless 147.0.0.0 (Windows 10): Executed 43 of 217[31m (4 FAILED)[39m (0 secs / 0.092 secs)
WARN: 'Spec 'jwtInterceptor should NOT normalize URLs if already absolute' has no expectations.'
[1A[2KChrome Headless 147.0.0.0 (Windows 10): Executed 44 of 217[31m (4 FAILED)[39m (0 secs / 0.094 secs)
[1A[2KERROR: [36m'HTTP Error 401:', 'Http failure response for /api/req1: 401 Unauthorized', 'URL:', '/api/req1'[39m
Chrome Headless 147.0.0.0 (Windows 10): Executed 44 of 217[31m (4 FAILED)[39m (0 secs / 0.094 secs)
ERROR: 'HTTP Error 401:', 'Http failure response for /api/req1: 401 Unauthorized', 'URL:', '/api/req1'
[1A[2KWARN: [36m'Token expired, attempting refresh...'[39m
Chrome Headless 147.0.0.0 (Windows 10): Executed 44 of 217[31m (4 FAILED)[39m (0 secs / 0.094 secs)
WARN: 'Token expired, attempting refresh...'
[1A[2KERROR: [36m'HTTP Error 401:', 'Http failure response for /api/req2: 401 Unauthorized', 'URL:', '/api/req2'[39m
Chrome Headless 147.0.0.0 (Windows 10): Executed 44 of 217[31m (4 FAILED)[39m (0 secs / 0.094 secs)
ERROR: 'HTTP Error 401:', 'Http failure response for /api/req2: 401 Unauthorized', 'URL:', '/api/req2'
[1A[2KWARN: [36m'Token expired, attempting refresh...'[39m
Chrome Headless 147.0.0.0 (Windows 10): Executed 44 of 217[31m (4 FAILED)[39m (0 secs / 0.094 secs)
WARN: 'Token expired, attempting refresh...'
[1A[2K[31mChrome Headless 147.0.0.0 (Windows 10) jwtInterceptor should handle concurrent 401 errors by queuing requests FAILED[39m
	Expected spy AuthService.refreshToken to have been called once. It was called 2 times.
	    at <Jasmine>
	    at UserContext.apply (src/app/core/interceptors/jwt.interceptor.spec.ts:133:41)
	    at _ZoneDelegate.invoke (node_modules/zone.js/fesm2015/zone.js:369:28)
	    at ProxyZoneSpec.onInvoke (node_modules/zone.js/fesm2015/zone-testing.js:2081:39)
	    at _ZoneDelegate.invoke (node_modules/zone.js/fesm2015/zone.js:368:34)
Chrome Headless 147.0.0.0 (Windows 10): Executed 45 of 217[31m (5 FAILED)[39m (0 secs / 0.098 secs)
[1A[2KWARN: [36m'Spec 'jwtInterceptor should normalize URLs by prepending apiUrl if relative' has no expectations.'[39m
Chrome Headless 147.0.0.0 (Windows 10): Executed 45 of 217[31m (5 FAILED)[39m (0 secs / 0.098 secs)
WARN: 'Spec 'jwtInterceptor should normalize URLs by prepending apiUrl if relative' has no expectations.'
[1A[2KChrome Headless 147.0.0.0 (Windows 10): Executed 46 of 217[31m (5 FAILED)[39m (0 secs / 0.1 secs)
[1A[2K[31mChrome Headless 147.0.0.0 (Windows 10) MentorListPage should filter mentors by availability FAILED[39m
	TypeError: this.authStore.isMentor is not a function
	    at MentorListPage.loadMentors (src/app/features/mentors/pages/mentor-list/mentor-list.page.ts:135:24)
	    at MentorListPage.call [as ngOnInit] (src/app/features/mentors/pages/mentor-list/mentor-list.page.ts:67:10)
	    at callHookInternal (node_modules/@angular/core/fesm2022/core.mjs:5154:14)
	    at callHook (node_modules/@angular/core/fesm2022/core.mjs:5181:13)
	    at callHooks (node_modules/@angular/core/fesm2022/core.mjs:5135:17)
	    at executeInitAndCheckHooks (node_modules/@angular/core/fesm2022/core.mjs:5085:9)
	    at refreshView (node_modules/@angular/core/fesm2022/core.mjs:13792:21)
	    at detectChangesInView (node_modules/@angular/core/fesm2022/core.mjs:13993:9)
	    at detectChangesInViewWhileDirty (node_modules/@angular/core/fesm2022/core.mjs:13688:9)
	    at detectChangesInternal (node_modules/@angular/core/fesm2022/core.mjs:13667:9)
Chrome Headless 147.0.0.0 (Windows 10): Executed 47 of 217[31m (6 FAILED)[39m (0 secs / 0.198 secs)
[1A[2K[31mChrome Headless 147.0.0.0 (Windows 10) MentorListPage should return all approved mentors if no user is logged in FAILED[39m
	TypeError: this.authStore.isMentor is not a function
	    at MentorListPage.loadMentors (src/app/features/mentors/pages/mentor-list/mentor-list.page.ts:135:24)
	    at MentorListPage.call [as ngOnInit] (src/app/features/mentors/pages/mentor-list/mentor-list.page.ts:67:10)
	    at callHookInternal (node_modules/@angular/core/fesm2022/core.mjs:5154:14)
	    at callHook (node_modules/@angular/core/fesm2022/core.mjs:5181:13)
	    at callHooks (node_modules/@angular/core/fesm2022/core.mjs:5135:17)
	    at executeInitAndCheckHooks (node_modules/@angular/core/fesm2022/core.mjs:5085:9)
	    at refreshView (node_modules/@angular/core/fesm2022/core.mjs:13792:21)
	    at detectChangesInView (node_modules/@angular/core/fesm2022/core.mjs:13993:9)
	    at detectChangesInViewWhileDirty (node_modules/@angular/core/fesm2022/core.mjs:13688:9)
	    at detectChangesInternal (node_modules/@angular/core/fesm2022/core.mjs:13667:9)
Chrome Headless 147.0.0.0 (Windows 10): Executed 48 of 217[31m (7 FAILED)[39m (0 secs / 0.202 secs)
[1A[2K[31mChrome Headless 147.0.0.0 (Windows 10) MentorListPage should sync approved mentors with current user profile FAILED[39m
	TypeError: this.authStore.isMentor is not a function
	    at MentorListPage.loadMentors (src/app/features/mentors/pages/mentor-list/mentor-list.page.ts:135:24)
	    at MentorListPage.call [as ngOnInit] (src/app/features/mentors/pages/mentor-list/mentor-list.page.ts:67:10)
	    at callHookInternal (node_modules/@angular/core/fesm2022/core.mjs:5154:14)
	    at callHook (node_modules/@angular/core/fesm2022/core.mjs:5181:13)
	    at callHooks (node_modules/@angular/core/fesm2022/core.mjs:5135:17)
	    at executeInitAndCheckHooks (node_modules/@angular/core/fesm2022/core.mjs:5085:9)
	    at refreshView (node_modules/@angular/core/fesm2022/core.mjs:13792:21)
	    at detectChangesInView (node_modules/@angular/core/fesm2022/core.mjs:13993:9)
	    at detectChangesInViewWhileDirty (node_modules/@angular/core/fesm2022/core.mjs:13688:9)
	    at detectChangesInternal (node_modules/@angular/core/fesm2022/core.mjs:13667:9)
Chrome Headless 147.0.0.0 (Windows 10): Executed 49 of 217[31m (8 FAILED)[39m (0 secs / 0.206 secs)
[1A[2K[31mChrome Headless 147.0.0.0 (Windows 10) MentorListPage should filter mentors reactively based on form changes FAILED[39m
	TypeError: this.authStore.isMentor is not a function
	    at MentorListPage.loadMentors (src/app/features/mentors/pages/mentor-list/mentor-list.page.ts:135:24)
	    at MentorListPage.call [as ngOnInit] (src/app/features/mentors/pages/mentor-list/mentor-list.page.ts:67:10)
	    at callHookInternal (node_modules/@angular/core/fesm2022/core.mjs:5154:14)
	    at callHook (node_modules/@angular/core/fesm2022/core.mjs:5181:13)
	    at callHooks (node_modules/@angular/core/fesm2022/core.mjs:5135:17)
	    at executeInitAndCheckHooks (node_modules/@angular/core/fesm2022/core.mjs:5085:9)
	    at refreshView (node_modules/@angular/core/fesm2022/core.mjs:13792:21)
	    at detectChangesInView (node_modules/@angular/core/fesm2022/core.mjs:13993:9)
	    at detectChangesInViewWhileDirty (node_modules/@angular/core/fesm2022/core.mjs:13688:9)
	    at detectChangesInternal (node_modules/@angular/core/fesm2022/core.mjs:13667:9)
Chrome Headless 147.0.0.0 (Windows 10): Executed 50 of 217[31m (9 FAILED)[39m (0 secs / 0.21 secs)
[1A[2K[31mChrome Headless 147.0.0.0 (Windows 10) MentorListPage should create FAILED[39m
	TypeError: this.authStore.isMentor is not a function
	    at MentorListPage.loadMentors (src/app/features/mentors/pages/mentor-list/mentor-list.page.ts:135:24)
	    at MentorListPage.call [as ngOnInit] (src/app/features/mentors/pages/mentor-list/mentor-list.page.ts:67:10)
	    at callHookInternal (node_modules/@angular/core/fesm2022/core.mjs:5154:14)
	    at callHook (node_modules/@angular/core/fesm2022/core.mjs:5181:13)
	    at callHooks (node_modules/@angular/core/fesm2022/core.mjs:5135:17)
	    at executeInitAndCheckHooks (node_modules/@angular/core/fesm2022/core.mjs:5085:9)
	    at refreshView (node_modules/@angular/core/fesm2022/core.mjs:13792:21)
	    at detectChangesInView (node_modules/@angular/core/fesm2022/core.mjs:13993:9)
	    at detectChangesInViewWhileDirty (node_modules/@angular/core/fesm2022/core.mjs:13688:9)
	    at detectChangesInternal (node_modules/@angular/core/fesm2022/core.mjs:13667:9)
Chrome Headless 147.0.0.0 (Windows 10): Executed 51 of 217[31m (10 FAILED)[39m (0 secs / 0.214 secs)
[1A[2K[31mChrome Headless 147.0.0.0 (Windows 10) MentorListPage should load my profile and reviews if user is a mentor FAILED[39m
	TypeError: this.authStore.isMentor is not a function
	    at MentorListPage.loadMentors (src/app/features/mentors/pages/mentor-list/mentor-list.page.ts:135:24)
	    at MentorListPage.call [as ngOnInit] (src/app/features/mentors/pages/mentor-list/mentor-list.page.ts:67:10)
	    at callHookInternal (node_modules/@angular/core/fesm2022/core.mjs:5154:14)
	    at callHook (node_modules/@angular/core/fesm2022/core.mjs:5181:13)
	    at callHooks (node_modules/@angular/core/fesm2022/core.mjs:5135:17)
	    at executeInitAndCheckHooks (node_modules/@angular/core/fesm2022/core.mjs:5085:9)
	    at refreshView (node_modules/@angular/core/fesm2022/core.mjs:13792:21)
	    at detectChangesInView (node_modules/@angular/core/fesm2022/core.mjs:13993:9)
	    at detectChangesInViewWhileDirty (node_modules/@angular/core/fesm2022/core.mjs:13688:9)
	    at detectChangesInternal (node_modules/@angular/core/fesm2022/core.mjs:13667:9)
Chrome Headless 147.0.0.0 (Windows 10): Executed 52 of 217[31m (11 FAILED)[39m (0 secs / 0.218 secs)
[1A[2K[31mChrome Headless 147.0.0.0 (Windows 10) MentorListPage should use search results when search is active FAILED[39m
	TypeError: this.authStore.isMentor is not a function
	    at MentorListPage.loadMentors (src/app/features/mentors/pages/mentor-list/mentor-list.page.ts:135:24)
	    at MentorListPage.call [as ngOnInit] (src/app/features/mentors/pages/mentor-list/mentor-list.page.ts:67:10)
	    at callHookInternal (node_modules/@angular/core/fesm2022/core.mjs:5154:14)
	    at callHook (node_modules/@angular/core/fesm2022/core.mjs:5181:13)
	    at callHooks (node_modules/@angular/core/fesm2022/core.mjs:5135:17)
	    at executeInitAndCheckHooks (node_modules/@angular/core/fesm2022/core.mjs:5085:9)
	    at refreshView (node_modules/@angular/core/fesm2022/core.mjs:13792:21)
	    at detectChangesInView (node_modules/@angular/core/fesm2022/core.mjs:13993:9)
	    at detectChangesInViewWhileDirty (node_modules/@angular/core/fesm2022/core.mjs:13688:9)
	    at detectChangesInternal (node_modules/@angular/core/fesm2022/core.mjs:13667:9)
Chrome Headless 147.0.0.0 (Windows 10): Executed 53 of 217[31m (12 FAILED)[39m (0 secs / 0.221 secs)
[1A[2K[31mChrome Headless 147.0.0.0 (Windows 10) MentorListPage should navigate to session request FAILED[39m
	TypeError: this.authStore.isMentor is not a function
	    at MentorListPage.loadMentors (src/app/features/mentors/pages/mentor-list/mentor-list.page.ts:135:24)
	    at MentorListPage.call [as ngOnInit] (src/app/features/mentors/pages/mentor-list/mentor-list.page.ts:67:10)
	    at callHookInternal (node_modules/@angular/core/fesm2022/core.mjs:5154:14)
	    at callHook (node_modules/@angular/core/fesm2022/core.mjs:5181:13)
	    at callHooks (node_modules/@angular/core/fesm2022/core.mjs:5135:17)
	    at executeInitAndCheckHooks (node_modules/@angular/core/fesm2022/core.mjs:5085:9)
	    at refreshView (node_modules/@angular/core/fesm2022/core.mjs:13792:21)
	    at detectChangesInView (node_modules/@angular/core/fesm2022/core.mjs:13993:9)
	    at detectChangesInViewWhileDirty (node_modules/@angular/core/fesm2022/core.mjs:13688:9)
	    at detectChangesInternal (node_modules/@angular/core/fesm2022/core.mjs:13667:9)
Chrome Headless 147.0.0.0 (Windows 10): Executed 54 of 217[31m (13 FAILED)[39m (0 secs / 0.225 secs)
[1A[2K[31mChrome Headless 147.0.0.0 (Windows 10) MentorListPage should navigate to mentor detail FAILED[39m
	TypeError: this.authStore.isMentor is not a function
	    at MentorListPage.loadMentors (src/app/features/mentors/pages/mentor-list/mentor-list.page.ts:135:24)
	    at MentorListPage.call [as ngOnInit] (src/app/features/mentors/pages/mentor-list/mentor-list.page.ts:67:10)
	    at callHookInternal (node_modules/@angular/core/fesm2022/core.mjs:5154:14)
	    at callHook (node_modules/@angular/core/fesm2022/core.mjs:5181:13)
	    at callHooks (node_modules/@angular/core/fesm2022/core.mjs:5135:17)
	    at executeInitAndCheckHooks (node_modules/@angular/core/fesm2022/core.mjs:5085:9)
	    at refreshView (node_modules/@angular/core/fesm2022/core.mjs:13792:21)
	    at detectChangesInView (node_modules/@angular/core/fesm2022/core.mjs:13993:9)
	    at detectChangesInViewWhileDirty (node_modules/@angular/core/fesm2022/core.mjs:13688:9)
	    at detectChangesInternal (node_modules/@angular/core/fesm2022/core.mjs:13667:9)
Chrome Headless 147.0.0.0 (Windows 10): Executed 55 of 217[31m (14 FAILED)[39m (0 secs / 0.23 secs)
[1A[2K[31mChrome Headless 147.0.0.0 (Windows 10) MentorListPage should handle pagination FAILED[39m
	TypeError: this.authStore.isMentor is not a function
	    at MentorListPage.loadMentors (src/app/features/mentors/pages/mentor-list/mentor-list.page.ts:135:24)
	    at MentorListPage.call [as ngOnInit] (src/app/features/mentors/pages/mentor-list/mentor-list.page.ts:67:10)
	    at callHookInternal (node_modules/@angular/core/fesm2022/core.mjs:5154:14)
	    at callHook (node_modules/@angular/core/fesm2022/core.mjs:5181:13)
	    at callHooks (node_modules/@angular/core/fesm2022/core.mjs:5135:17)
	    at executeInitAndCheckHooks (node_modules/@angular/core/fesm2022/core.mjs:5085:9)
	    at refreshView (node_modules/@angular/core/fesm2022/core.mjs:13792:21)
	    at detectChangesInView (node_modules/@angular/core/fesm2022/core.mjs:13993:9)
	    at detectChangesInViewWhileDirty (node_modules/@angular/core/fesm2022/core.mjs:13688:9)
	    at detectChangesInternal (node_modules/@angular/core/fesm2022/core.mjs:13667:9)
Chrome Headless 147.0.0.0 (Windows 10): Executed 56 of 217[31m (15 FAILED)[39m (0 secs / 0.235 secs)
[1A[2K[31mChrome Headless 147.0.0.0 (Windows 10) MentorListPage should reset filters FAILED[39m
	TypeError: this.authStore.isMentor is not a function
	    at MentorListPage.loadMentors (src/app/features/mentors/pages/mentor-list/mentor-list.page.ts:135:24)
	    at MentorListPage.call [as ngOnInit] (src/app/features/mentors/pages/mentor-list/mentor-list.page.ts:67:10)
	    at callHookInternal (node_modules/@angular/core/fesm2022/core.mjs:5154:14)
	    at callHook (node_modules/@angular/core/fesm2022/core.mjs:5181:13)
	    at callHooks (node_modules/@angular/core/fesm2022/core.mjs:5135:17)
	    at executeInitAndCheckHooks (node_modules/@angular/core/fesm2022/core.mjs:5085:9)
	    at refreshView (node_modules/@angular/core/fesm2022/core.mjs:13792:21)
	    at detectChangesInView (node_modules/@angular/core/fesm2022/core.mjs:13993:9)
	    at detectChangesInViewWhileDirty (node_modules/@angular/core/fesm2022/core.mjs:13688:9)
	    at detectChangesInternal (node_modules/@angular/core/fesm2022/core.mjs:13667:9)
Chrome Headless 147.0.0.0 (Windows 10): Executed 57 of 217[31m (16 FAILED)[39m (0 secs / 0.238 secs)
[1A[2K[31mChrome Headless 147.0.0.0 (Windows 10) MentorListPage should open advanced filters FAILED[39m
	TypeError: this.authStore.isMentor is not a function
	    at MentorListPage.loadMentors (src/app/features/mentors/pages/mentor-list/mentor-list.page.ts:135:24)
	    at MentorListPage.call [as ngOnInit] (src/app/features/mentors/pages/mentor-list/mentor-list.page.ts:67:10)
	    at callHookInternal (node_modules/@angular/core/fesm2022/core.mjs:5154:14)
	    at callHook (node_modules/@angular/core/fesm2022/core.mjs:5181:13)
	    at callHooks (node_modules/@angular/core/fesm2022/core.mjs:5135:17)
	    at executeInitAndCheckHooks (node_modules/@angular/core/fesm2022/core.mjs:5085:9)
	    at refreshView (node_modules/@angular/core/fesm2022/core.mjs:13792:21)
	    at detectChangesInView (node_modules/@angular/core/fesm2022/core.mjs:13993:9)
	    at detectChangesInViewWhileDirty (node_modules/@angular/core/fesm2022/core.mjs:13688:9)
	    at detectChangesInternal (node_modules/@angular/core/fesm2022/core.mjs:13667:9)
Chrome Headless 147.0.0.0 (Windows 10): Executed 58 of 217[31m (17 FAILED)[39m (0 secs / 0.241 secs)
[1A[2KChrome Headless 147.0.0.0 (Windows 10): Executed 59 of 217[31m (17 FAILED)[39m (0 secs / 0.243 secs)
[1A[2KChrome Headless 147.0.0.0 (Windows 10): Executed 60 of 217[31m (17 FAILED)[39m (0 secs / 0.244 secs)
[1A[2KChrome Headless 147.0.0.0 (Windows 10): Executed 61 of 217[31m (17 FAILED)[39m (0 secs / 0.245 secs)
[1A[2KChrome Headless 147.0.0.0 (Windows 10): Executed 62 of 217[31m (17 FAILED)[39m (0 secs / 0.246 secs)
[1A[2KChrome Headless 147.0.0.0 (Windows 10): Executed 63 of 217[31m (17 FAILED)[39m (0 secs / 0.247 secs)
[1A[2KChrome Headless 147.0.0.0 (Windows 10): Executed 64 of 217[31m (17 FAILED)[39m (0 secs / 0.248 secs)
[1A[2KChrome Headless 147.0.0.0 (Windows 10): Executed 65 of 217[31m (17 FAILED)[39m (0 secs / 0.249 secs)
[1A[2KChrome Headless 147.0.0.0 (Windows 10): Executed 66 of 217[31m (17 FAILED)[39m (0 secs / 0.25 secs)
[1A[2KChrome Headless 147.0.0.0 (Windows 10): Executed 67 of 217[31m (17 FAILED)[39m (0 secs / 0.25 secs)
[1A[2KChrome Headless 147.0.0.0 (Windows 10): Executed 68 of 217[31m (17 FAILED)[39m (0 secs / 0.25 secs)
[1A[2KChrome Headless 147.0.0.0 (Windows 10): Executed 69 of 217[31m (17 FAILED)[39m (0 secs / 0.251 secs)
[1A[2KChrome Headless 147.0.0.0 (Windows 10): Executed 70 of 217[31m (17 FAILED)[39m (0 secs / 0.252 secs)
[1A[2KChrome Headless 147.0.0.0 (Windows 10): Executed 71 of 217[31m (17 FAILED)[39m (0 secs / 0.254 secs)
[1A[2KChrome Headless 147.0.0.0 (Windows 10): Executed 72 of 217[31m (17 FAILED)[39m (0 secs / 0.255 secs)
[1A[2KChrome Headless 147.0.0.0 (Windows 10): Executed 73 of 217[31m (17 FAILED)[39m (0 secs / 0.256 secs)
[1A[2KChrome Headless 147.0.0.0 (Windows 10): Executed 74 of 217[31m (17 FAILED)[39m (0 secs / 0.257 secs)
[1A[2KChrome Headless 147.0.0.0 (Windows 10): Executed 75 of 217[31m (17 FAILED)[39m (0 secs / 0.258 secs)
[1A[2KChrome Headless 147.0.0.0 (Windows 10): Executed 76 of 217[31m (17 FAILED)[39m (0 secs / 0.259 secs)
[1A[2KChrome Headless 147.0.0.0 (Windows 10): Executed 77 of 217[31m (17 FAILED)[39m (0 secs / 0.26 secs)
[1A[2KChrome Headless 147.0.0.0 (Windows 10): Executed 78 of 217[31m (17 FAILED)[39m (0 secs / 0.261 secs)
[1A[2K[31mChrome Headless 147.0.0.0 (Windows 10) AuthStore should handle verifyOtp error FAILED[39m
	TypeError: Cannot read properties of undefined (reading 'and')
	    at UserContext.apply (src/app/core/auth/auth.store.spec.ts:241:30)
	    at UserContext.apply (node_modules/zone.js/fesm2015/zone-testing.js:1702:26)
	    at _ZoneDelegate.invoke (node_modules/zone.js/fesm2015/zone.js:369:28)
	    at ProxyZoneSpec.onInvoke (node_modules/zone.js/fesm2015/zone-testing.js:2081:39)
	    at _ZoneDelegate.invoke (node_modules/zone.js/fesm2015/zone.js:368:34)
	    at ZoneImpl.run (node_modules/zone.js/fesm2015/zone.js:111:43)
	    at runInTestZone (node_modules/zone.js/fesm2015/zone-testing.js:216:38)
	    at UserContext.<anonymous> (node_modules/zone.js/fesm2015/zone-testing.js:234:32)
	    at <Jasmine>
Chrome Headless 147.0.0.0 (Windows 10): Executed 79 of 217[31m (18 FAILED)[39m (0 secs / 0.262 secs)
[1A[2K[31mChrome Headless 147.0.0.0 (Windows 10) AuthStore should handle verifyOtp successfully FAILED[39m
	TypeError: Cannot read properties of undefined (reading 'and')
	    at UserContext.apply (src/app/core/auth/auth.store.spec.ts:234:30)
	    at UserContext.apply (node_modules/zone.js/fesm2015/zone-testing.js:1702:26)
	    at _ZoneDelegate.invoke (node_modules/zone.js/fesm2015/zone.js:369:28)
	    at ProxyZoneSpec.onInvoke (node_modules/zone.js/fesm2015/zone-testing.js:2081:39)
	    at _ZoneDelegate.invoke (node_modules/zone.js/fesm2015/zone.js:368:34)
	    at ZoneImpl.run (node_modules/zone.js/fesm2015/zone.js:111:43)
	    at runInTestZone (node_modules/zone.js/fesm2015/zone-testing.js:216:38)
	    at UserContext.<anonymous> (node_modules/zone.js/fesm2015/zone-testing.js:234:32)
	    at <Jasmine>
Chrome Headless 147.0.0.0 (Windows 10): Executed 80 of 217[31m (19 FAILED)[39m (0 secs / 0.263 secs)
[1A[2KChrome Headless 147.0.0.0 (Windows 10): Executed 81 of 217[31m (19 FAILED)[39m (0 secs / 0.264 secs)
[1A[2KChrome Headless 147.0.0.0 (Windows 10): Executed 82 of 217[31m (19 FAILED)[39m (0 secs / 0.266 secs)
[1A[2KChrome Headless 147.0.0.0 (Windows 10): Executed 83 of 217[31m (19 FAILED)[39m (0 secs / 0.267 secs)
[1A[2KChrome Headless 147.0.0.0 (Windows 10): Executed 84 of 217[31m (19 FAILED)[39m (0 secs / 0.268 secs)
[1A[2KChrome Headless 147.0.0.0 (Windows 10): Executed 85 of 217[31m (19 FAILED)[39m (0 secs / 0.268 secs)
[1A[2KChrome Headless 147.0.0.0 (Windows 10): Executed 86 of 217[31m (19 FAILED)[39m (0 secs / 0.268 secs)
[1A[2KChrome Headless 147.0.0.0 (Windows 10): Executed 87 of 217[31m (19 FAILED)[39m (0 secs / 0.268 secs)
[1A[2KChrome Headless 147.0.0.0 (Windows 10): Executed 88 of 217[31m (19 FAILED)[39m (0 secs / 0.269 secs)
[1A[2KChrome Headless 147.0.0.0 (Windows 10): Executed 89 of 217[31m (19 FAILED)[39m (0 secs / 0.296 secs)
[1A[2KChrome Headless 147.0.0.0 (Windows 10): Executed 90 of 217[31m (19 FAILED)[39m (0 secs / 0.297 secs)
[1A[2KWARN: [36m'Spec 'SkillService should fetch by category' has no expectations.'[39m
Chrome Headless 147.0.0.0 (Windows 10): Executed 90 of 217[31m (19 FAILED)[39m (0 secs / 0.297 secs)
WARN: 'Spec 'SkillService should fetch by category' has no expectations.'
[1A[2KChrome Headless 147.0.0.0 (Windows 10): Executed 91 of 217[31m (19 FAILED)[39m (0 secs / 0.298 secs)
[1A[2KChrome Headless 147.0.0.0 (Windows 10): Executed 92 of 217[31m (19 FAILED)[39m (0 secs / 0.299 secs)
[1A[2KChrome Headless 147.0.0.0 (Windows 10): Executed 93 of 217[31m (19 FAILED)[39m (0 secs / 0.301 secs)
[1A[2KWARN: [36m'Spec 'SkillService should crate, update, and delete skills' has no expectations.'[39m
Chrome Headless 147.0.0.0 (Windows 10): Executed 93 of 217[31m (19 FAILED)[39m (0 secs / 0.301 secs)
WARN: 'Spec 'SkillService should crate, update, and delete skills' has no expectations.'
[1A[2KChrome Headless 147.0.0.0 (Windows 10): Executed 94 of 217[31m (19 FAILED)[39m (0 secs / 0.302 secs)
[1A[2KWARN: [36m'Spec 'SkillService should search skills by keyword' has no expectations.'[39m
Chrome Headless 147.0.0.0 (Windows 10): Executed 94 of 217[31m (19 FAILED)[39m (0 secs / 0.302 secs)
WARN: 'Spec 'SkillService should search skills by keyword' has no expectations.'
[1A[2KChrome Headless 147.0.0.0 (Windows 10): Executed 95 of 217[31m (19 FAILED)[39m (0 secs / 0.303 secs)
[1A[2KChrome Headless 147.0.0.0 (Windows 10): Executed 96 of 217[31m (19 FAILED)[39m (0 secs / 0.304 secs)
[1A[2KChrome Headless 147.0.0.0 (Windows 10): Executed 97 of 217[31m (19 FAILED)[39m (0 secs / 0.305 secs)
[1A[2KChrome Headless 147.0.0.0 (Windows 10): Executed 98 of 217[31m (19 FAILED)[39m (0 secs / 0.306 secs)
[1A[2KChrome Headless 147.0.0.0 (Windows 10): Executed 99 of 217[31m (19 FAILED)[39m (0 secs / 0.307 secs)
[1A[2KChrome Headless 147.0.0.0 (Windows 10): Executed 100 of 217[31m (19 FAILED)[39m (0 secs / 0.308 secs)
[1A[2KChrome Headless 147.0.0.0 (Windows 10): Executed 101 of 217[31m (19 FAILED)[39m (0 secs / 0.309 secs)
[1A[2KChrome Headless 147.0.0.0 (Windows 10): Executed 102 of 217[31m (19 FAILED)[39m (0 secs / 0.31 secs)
[1A[2KChrome Headless 147.0.0.0 (Windows 10): Executed 103 of 217[31m (19 FAILED)[39m (0 secs / 0.311 secs)
[1A[2KChrome Headless 147.0.0.0 (Windows 10): Executed 104 of 217[31m (19 FAILED)[39m (0 secs / 0.312 secs)
[1A[2KChrome Headless 147.0.0.0 (Windows 10): Executed 105 of 217[31m (19 FAILED)[39m (0 secs / 0.312 secs)
[1A[2KChrome Headless 147.0.0.0 (Windows 10): Executed 106 of 217[31m (19 FAILED)[39m (0 secs / 0.312 secs)
[1A[2KChrome Headless 147.0.0.0 (Windows 10): Executed 107 of 217[31m (19 FAILED)[39m (0 secs / 0.313 secs)
[1A[2KChrome Headless 147.0.0.0 (Windows 10): Executed 108 of 217[31m (19 FAILED)[39m (0 secs / 0.314 secs)
[1A[2KWARN: [36m'Spec 'SessionService should handle session actions (accept, reject, cancel)' has no expectations.'[39m
Chrome Headless 147.0.0.0 (Windows 10): Executed 108 of 217[31m (19 FAILED)[39m (0 secs / 0.314 secs)
WARN: 'Spec 'SessionService should handle session actions (accept, reject, cancel)' has no expectations.'
[1A[2KChrome Headless 147.0.0.0 (Windows 10): Executed 109 of 217[31m (19 FAILED)[39m (0 secs / 0.315 secs)
[1A[2KWARN: [36m'[SessionService] Skill enrichment failed, continuing without names:', Error: API Error
Error: API Error
    at errorFactory (http://localhost:9876/_karma_webpack_/webpack:/src/app/core/services/session.service.spec.ts:74:61)
    at Observable._subscribe (http://localhost:9876/_karma_webpack_/webpack:/node_modules/rxjs/dist/esm/internal/observable/throwError.js:5:51)
    at Observable._trySubscribe (http://localhost:9876/_karma_webpack_/webpack:/node_modules/rxjs/dist/esm/internal/Observable.js:37:25)
    at cb (http://localhost:9876/_karma_webpack_/webpack:/node_modules/rxjs/dist/esm/internal/Observable.js:31:30)
    at errorContext (http://localhost:9876/_karma_webpack_/webpack:/node_modules/rxjs/dist/esm/internal/util/errorContext.js:19:9)
    at Observable.subscribe (http://localhost:9876/_karma_webpack_/webpack:/node_modules/rxjs/dist/esm/internal/Observable.js:22:21)
    at init (http://localhost:9876/_karma_webpack_/webpack:/node_modules/rxjs/dist/esm/internal/operators/catchError.js:9:27)
    at OperatorSubscriber.call (http://localhost:9876/_karma_webpack_/webpack:/node_modules/rxjs/dist/esm/internal/util/lift.js:10:28)
    at cb (http://localhost:9876/_karma_webpack_/webpack:/node_modules/rxjs/dist/esm/internal/Observable.js:26:30)
    at errorContext (http://localhost:9876/_karma_webpack_/webpack:/node_modules/rxjs/dist/esm/internal/util/errorContext.js:19:9)[39m
Chrome Headless 147.0.0.0 (Windows 10): Executed 109 of 217[31m (19 FAILED)[39m (0 secs / 0.315 secs)
WARN: '[SessionService] Skill enrichment failed, continuing without names:', Error: API Error
Error: API Error
    at errorFactory (http://localhost:9876/_karma_webpack_/webpack:/src/app/core/services/session.service.spec.ts:74:61)
    at Observable._subscribe (http://localhost:9876/_karma_webpack_/webpack:/node_modules/rxjs/dist/esm/internal/observable/throwError.js:5:51)
    at Observable._trySubscribe (http://localhost:9876/_karma_webpack_/webpack:/node_modules/rxjs/dist/esm/internal/Observable.js:37:25)
    at cb (http://localhost:9876/_karma_webpack_/webpack:/node_modules/rxjs/dist/esm/internal/Observable.js:31:30)
    at errorContext (http://localhost:9876/_karma_webpack_/webpack:/node_modules/rxjs/dist/esm/internal/util/errorContext.js:19:9)
    at Observable.subscribe (http://localhost:9876/_karma_webpack_/webpack:/node_modules/rxjs/dist/esm/internal/Observable.js:22:21)
    at init (http://localhost:9876/_karma_webpack_/webpack:/node_modules/rxjs/dist/esm/internal/operators/catchError.js:9:27)
    at OperatorSubscriber.call (http://localhost:9876/_karma_webpack_/webpack:/node_modules/rxjs/dist/esm/internal/util/lift.js:10:28)
    at cb (http://localhost:9876/_karma_webpack_/webpack:/node_modules/rxjs/dist/esm/internal/Observable.js:26:30)
    at errorContext (http://localhost:9876/_karma_webpack_/webpack:/node_modules/rxjs/dist/esm/internal/util/errorContext.js:19:9)
[1A[2KChrome Headless 147.0.0.0 (Windows 10): Executed 110 of 217[31m (19 FAILED)[39m (0 secs / 0.316 secs)
[1A[2KChrome Headless 147.0.0.0 (Windows 10): Executed 111 of 217[31m (19 FAILED)[39m (0 secs / 0.317 secs)
[1A[2KChrome Headless 147.0.0.0 (Windows 10): Executed 112 of 217[31m (19 FAILED)[39m (0 secs / 0.318 secs)
[1A[2KChrome Headless 147.0.0.0 (Windows 10): Executed 113 of 217[31m (19 FAILED)[39m (0 secs / 0.319 secs)
[1A[2KChrome Headless 147.0.0.0 (Windows 10): Executed 114 of 217[31m (19 FAILED)[39m (0 secs / 0.32 secs)
[1A[2KChrome Headless 147.0.0.0 (Windows 10): Executed 115 of 217[31m (19 FAILED)[39m (0 secs / 0.321 secs)
[1A[2KChrome Headless 147.0.0.0 (Windows 10): Executed 116 of 217[31m (19 FAILED)[39m (0 secs / 0.321 secs)
[1A[2KChrome Headless 147.0.0.0 (Windows 10): Executed 117 of 217[31m (19 FAILED)[39m (0 secs / 0.324 secs)
[1A[2KWARN: [36m'Spec 'GroupService should create group' has no expectations.'[39m
Chrome Headless 147.0.0.0 (Windows 10): Executed 117 of 217[31m (19 FAILED)[39m (0 secs / 0.324 secs)
WARN: 'Spec 'GroupService should create group' has no expectations.'
[1A[2KChrome Headless 147.0.0.0 (Windows 10): Executed 118 of 217[31m (19 FAILED)[39m (0 secs / 0.325 secs)
[1A[2KChrome Headless 147.0.0.0 (Windows 10): Executed 119 of 217[31m (19 FAILED)[39m (0 secs / 0.326 secs)
[1A[2KChrome Headless 147.0.0.0 (Windows 10): Executed 120 of 217[31m (19 FAILED)[39m (0 secs / 0.327 secs)
[1A[2KChrome Headless 147.0.0.0 (Windows 10): Executed 121 of 217[31m (19 FAILED)[39m (0 secs / 0.327 secs)
[1A[2KChrome Headless 147.0.0.0 (Windows 10): Executed 122 of 217[31m (19 FAILED)[39m (0 secs / 0.329 secs)
[1A[2KChrome Headless 147.0.0.0 (Windows 10): Executed 123 of 217[31m (19 FAILED)[39m (0 secs / 0.331 secs)
[1A[2KChrome Headless 147.0.0.0 (Windows 10): Executed 124 of 217[31m (19 FAILED)[39m (0 secs / 0.333 secs)
[1A[2KChrome Headless 147.0.0.0 (Windows 10): Executed 125 of 217[31m (19 FAILED)[39m (0 secs / 0.334 secs)
[1A[2K[31mChrome Headless 147.0.0.0 (Windows 10) MentorCardComponent should create and load rating on init FAILED[39m
	Expected spy ReviewService.getMentorRating to have been called with:
	  [ 101 ]
	but actual calls were:
	  [ undefined ].
	
	Call 0:
	  Expected $[0] = undefined to equal 101.
	Error: Expected spy ReviewService.getMentorRating to have been called with:
	  [ 101 ]
	but actual calls were:
	  [ undefined ].
	Call 0:
	  Expected $[0] = undefined to equal 101.
	    at <Jasmine>
	    at UserContext.apply (src/app/features/mentors/components/mentor-card/mentor-card.component.spec.ts:62:47)
	    at _ZoneDelegate.invoke (node_modules/zone.js/fesm2015/zone.js:369:28)
	    at ProxyZoneSpec.onInvoke (node_modules/zone.js/fesm2015/zone-testing.js:2081:39)
	    at _ZoneDelegate.invoke (node_modules/zone.js/fesm2015/zone.js:368:34)
Chrome Headless 147.0.0.0 (Windows 10): Executed 126 of 217[31m (20 FAILED)[39m (0 secs / 0.338 secs)
[1A[2KChrome Headless 147.0.0.0 (Windows 10): Executed 127 of 217[31m (20 FAILED)[39m (0 secs / 0.339 secs)
[1A[2KChrome Headless 147.0.0.0 (Windows 10): Executed 128 of 217[31m (20 FAILED)[39m (0 secs / 0.341 secs)
[1A[2KChrome Headless 147.0.0.0 (Windows 10): Executed 129 of 217[31m (20 FAILED)[39m (0 secs / 0.342 secs)
[1A[2K[31mChrome Headless 147.0.0.0 (Windows 10) MentorCardComponent should identify own profile FAILED[39m
	Expected false to be true.
	    at <Jasmine>
	    at UserContext.apply (src/app/features/mentors/components/mentor-card/mentor-card.component.spec.ts:95:38)
	    at _ZoneDelegate.invoke (node_modules/zone.js/fesm2015/zone.js:369:28)
	    at ProxyZoneSpec.onInvoke (node_modules/zone.js/fesm2015/zone-testing.js:2081:39)
	    at _ZoneDelegate.invoke (node_modules/zone.js/fesm2015/zone.js:368:34)
Chrome Headless 147.0.0.0 (Windows 10): Executed 130 of 217[31m (21 FAILED)[39m (0 secs / 0.343 secs)
[1A[2KChrome Headless 147.0.0.0 (Windows 10): Executed 131 of 217[31m (21 FAILED)[39m (0 secs / 0.344 secs)
[1A[2KChrome Headless 147.0.0.0 (Windows 10): Executed 132 of 217[31m (21 FAILED)[39m (0 secs / 0.346 secs)
[1A[2KChrome Headless 147.0.0.0 (Windows 10): Executed 133 of 217[31m (21 FAILED)[39m (0 secs / 0.347 secs)
[1A[2KChrome Headless 147.0.0.0 (Windows 10): Executed 134 of 217[31m (21 FAILED)[39m (0 secs / 0.348 secs)
[1A[2KChrome Headless 147.0.0.0 (Windows 10): Executed 135 of 217[31m (21 FAILED)[39m (0 secs / 0.349 secs)
[1A[2KChrome Headless 147.0.0.0 (Windows 10): Executed 136 of 217[31m (21 FAILED)[39m (0 secs / 0.35 secs)
[1A[2KChrome Headless 147.0.0.0 (Windows 10): Executed 137 of 217[31m (21 FAILED)[39m (0 secs / 0.351 secs)
[1A[2KChrome Headless 147.0.0.0 (Windows 10): Executed 138 of 217[31m (21 FAILED)[39m (0 secs / 0.359 secs)
[1A[2KChrome Headless 147.0.0.0 (Windows 10): Executed 139 of 217[31m (21 FAILED)[39m (0 secs / 0.362 secs)
[1A[2KChrome Headless 147.0.0.0 (Windows 10): Executed 140 of 217[31m (21 FAILED)[39m (0 secs / 0.363 secs)
[1A[2KChrome Headless 147.0.0.0 (Windows 10): Executed 141 of 217[31m (21 FAILED)[39m (0 secs / 0.364 secs)
[1A[2KChrome Headless 147.0.0.0 (Windows 10): Executed 142 of 217[31m (21 FAILED)[39m (0 secs / 0.364 secs)
[1A[2KChrome Headless 147.0.0.0 (Windows 10): Executed 143 of 217[31m (21 FAILED)[39m (0 secs / 0.365 secs)
[1A[2KChrome Headless 147.0.0.0 (Windows 10): Executed 144 of 217[31m (21 FAILED)[39m (0 secs / 0.366 secs)
[1A[2KChrome Headless 147.0.0.0 (Windows 10): Executed 145 of 217[31m (21 FAILED)[39m (0 secs / 0.366 secs)
[1A[2KChrome Headless 147.0.0.0 (Windows 10): Executed 146 of 217[31m (21 FAILED)[39m (0 secs / 0.367 secs)
[1A[2KChrome Headless 147.0.0.0 (Windows 10): Executed 147 of 217[31m (21 FAILED)[39m (0 secs / 0.367 secs)
[1A[2KChrome Headless 147.0.0.0 (Windows 10): Executed 148 of 217[31m (21 FAILED)[39m (0 secs / 0.368 secs)
[1A[2KChrome Headless 147.0.0.0 (Windows 10): Executed 149 of 217[31m (21 FAILED)[39m (0 secs / 0.369 secs)
[1A[2KChrome Headless 147.0.0.0 (Windows 10): Executed 150 of 217[31m (21 FAILED)[39m (0 secs / 0.37 secs)
[1A[2KChrome Headless 147.0.0.0 (Windows 10): Executed 151 of 217[31m (21 FAILED)[39m (0 secs / 0.371 secs)
[1A[2KLOG: [36m'[SessionStore] Loading learner sessions...', Object{page: 0, size: 10}[39m
Chrome Headless 147.0.0.0 (Windows 10): Executed 151 of 217[31m (21 FAILED)[39m (0 secs / 0.371 secs)
LOG: '[SessionStore] Loading learner sessions...', Object{page: 0, size: 10}
[1A[2KERROR: [36m'[SessionStore] Failed to load learner sessions:', Object{error: Object{message: 'Failed to load'}}[39m
Chrome Headless 147.0.0.0 (Windows 10): Executed 151 of 217[31m (21 FAILED)[39m (0 secs / 0.371 secs)
ERROR: '[SessionStore] Failed to load learner sessions:', Object{error: Object{message: 'Failed to load'}}
[1A[2KChrome Headless 147.0.0.0 (Windows 10): Executed 152 of 217[31m (21 FAILED)[39m (0 secs / 0.373 secs)
[1A[2KLOG: [36m'[SessionStore] Loading learner sessions...', Object{page: 0, size: 10}[39m
Chrome Headless 147.0.0.0 (Windows 10): Executed 152 of 217[31m (21 FAILED)[39m (0 secs / 0.373 secs)
LOG: '[SessionStore] Loading learner sessions...', Object{page: 0, size: 10}
[1A[2KLOG: [36m'[SessionStore] Learner sessions loaded successfully:', 1[39m
Chrome Headless 147.0.0.0 (Windows 10): Executed 152 of 217[31m (21 FAILED)[39m (0 secs / 0.373 secs)
LOG: '[SessionStore] Learner sessions loaded successfully:', 1
[1A[2KLOG: [36m'[SessionStore] Loading mentor sessions...', Object{page: 0, size: 10}[39m
Chrome Headless 147.0.0.0 (Windows 10): Executed 152 of 217[31m (21 FAILED)[39m (0 secs / 0.373 secs)
LOG: '[SessionStore] Loading mentor sessions...', Object{page: 0, size: 10}
[1A[2KLOG: [36m'[SessionStore] Mentor sessions loaded successfully:', 1[39m
Chrome Headless 147.0.0.0 (Windows 10): Executed 152 of 217[31m (21 FAILED)[39m (0 secs / 0.373 secs)
LOG: '[SessionStore] Mentor sessions loaded successfully:', 1
[1A[2KChrome Headless 147.0.0.0 (Windows 10): Executed 153 of 217[31m (21 FAILED)[39m (0 secs / 0.374 secs)
[1A[2KChrome Headless 147.0.0.0 (Windows 10): Executed 154 of 217[31m (21 FAILED)[39m (0 secs / 0.375 secs)
[1A[2KLOG: [36m'[SessionStore] Loading mentor sessions...', Object{page: 0, size: 10}[39m
Chrome Headless 147.0.0.0 (Windows 10): Executed 154 of 217[31m (21 FAILED)[39m (0 secs / 0.375 secs)
LOG: '[SessionStore] Loading mentor sessions...', Object{page: 0, size: 10}
[1A[2KLOG: [36m'[SessionStore] Mentor sessions loaded successfully:', 1[39m
Chrome Headless 147.0.0.0 (Windows 10): Executed 154 of 217[31m (21 FAILED)[39m (0 secs / 0.375 secs)
LOG: '[SessionStore] Mentor sessions loaded successfully:', 1
[1A[2KChrome Headless 147.0.0.0 (Windows 10): Executed 155 of 217[31m (21 FAILED)[39m (0 secs / 0.376 secs)
[1A[2KChrome Headless 147.0.0.0 (Windows 10): Executed 156 of 217[31m (21 FAILED)[39m (0 secs / 0.377 secs)
[1A[2KChrome Headless 147.0.0.0 (Windows 10): Executed 157 of 217[31m (21 FAILED)[39m (0 secs / 0.378 secs)
[1A[2KLOG: [36m'[SessionStore] Loading mentor sessions...', Object{page: 0, size: 10}[39m
Chrome Headless 147.0.0.0 (Windows 10): Executed 157 of 217[31m (21 FAILED)[39m (0 secs / 0.378 secs)
LOG: '[SessionStore] Loading mentor sessions...', Object{page: 0, size: 10}
[1A[2KLOG: [36m'[SessionStore] Mentor sessions loaded successfully:', 1[39m
Chrome Headless 147.0.0.0 (Windows 10): Executed 157 of 217[31m (21 FAILED)[39m (0 secs / 0.378 secs)
LOG: '[SessionStore] Mentor sessions loaded successfully:', 1
[1A[2KChrome Headless 147.0.0.0 (Windows 10): Executed 158 of 217[31m (21 FAILED)[39m (0 secs / 0.379 secs)
[1A[2KLOG: [36m'[SessionStore] Loading mentor sessions...', Object{page: 0, size: 10}[39m
Chrome Headless 147.0.0.0 (Windows 10): Executed 158 of 217[31m (21 FAILED)[39m (0 secs / 0.379 secs)
LOG: '[SessionStore] Loading mentor sessions...', Object{page: 0, size: 10}
[1A[2KLOG: [36m'[SessionStore] Mentor sessions loaded successfully:', 1[39m
Chrome Headless 147.0.0.0 (Windows 10): Executed 158 of 217[31m (21 FAILED)[39m (0 secs / 0.379 secs)
LOG: '[SessionStore] Mentor sessions loaded successfully:', 1
[1A[2KChrome Headless 147.0.0.0 (Windows 10): Executed 159 of 217[31m (21 FAILED)[39m (0 secs / 0.38 secs)
[1A[2KChrome Headless 147.0.0.0 (Windows 10): Executed 160 of 217[31m (21 FAILED)[39m (0 secs / 0.381 secs)
[1A[2KLOG: [36m'[SessionStore] Loading learner sessions...', Object{page: 0, size: 10}[39m
Chrome Headless 147.0.0.0 (Windows 10): Executed 160 of 217[31m (21 FAILED)[39m (0 secs / 0.381 secs)
LOG: '[SessionStore] Loading learner sessions...', Object{page: 0, size: 10}
[1A[2KLOG: [36m'[SessionStore] Learner sessions loaded successfully:', 1[39m
Chrome Headless 147.0.0.0 (Windows 10): Executed 160 of 217[31m (21 FAILED)[39m (0 secs / 0.381 secs)
LOG: '[SessionStore] Learner sessions loaded successfully:', 1
[1A[2KChrome Headless 147.0.0.0 (Windows 10): Executed 161 of 217[31m (21 FAILED)[39m (0 secs / 0.382 secs)
[1A[2KChrome Headless 147.0.0.0 (Windows 10): Executed 162 of 217[31m (21 FAILED)[39m (0 secs / 0.383 secs)
[1A[2KChrome Headless 147.0.0.0 (Windows 10): Executed 163 of 217[31m (21 FAILED)[39m (0 secs / 0.383 secs)
[1A[2KChrome Headless 147.0.0.0 (Windows 10): Executed 164 of 217[31m (21 FAILED)[39m (0 secs / 0.383 secs)
[1A[2KChrome Headless 147.0.0.0 (Windows 10): Executed 165 of 217[31m (21 FAILED)[39m (0 secs / 0.384 secs)
[1A[2KChrome Headless 147.0.0.0 (Windows 10): Executed 166 of 217[31m (21 FAILED)[39m (0 secs / 0.385 secs)
[1A[2KChrome Headless 147.0.0.0 (Windows 10): Executed 167 of 217[31m (21 FAILED)[39m (0 secs / 0.386 secs)
[1A[2KChrome Headless 147.0.0.0 (Windows 10): Executed 168 of 217[31m (21 FAILED)[39m (0 secs / 0.389 secs)
[1A[2KChrome Headless 147.0.0.0 (Windows 10): Executed 169 of 217[31m (21 FAILED)[39m (0 secs / 0.391 secs)
[1A[2KChrome Headless 147.0.0.0 (Windows 10): Executed 170 of 217[31m (21 FAILED)[39m (0 secs / 0.393 secs)
[1A[2KChrome Headless 147.0.0.0 (Windows 10): Executed 171 of 217[31m (21 FAILED)[39m (0 secs / 0.394 secs)
[1A[2KChrome Headless 147.0.0.0 (Windows 10): Executed 172 of 217[31m (21 FAILED)[39m (0 secs / 0.396 secs)
[1A[2KChrome Headless 147.0.0.0 (Windows 10): Executed 173 of 217[31m (21 FAILED)[39m (0 secs / 0.397 secs)
[1A[2KChrome Headless 147.0.0.0 (Windows 10): Executed 174 of 217[31m (21 FAILED)[39m (0 secs / 0.398 secs)
[1A[2KChrome Headless 147.0.0.0 (Windows 10): Executed 175 of 217[31m (21 FAILED)[39m (0 secs / 0.398 secs)
[1A[2KChrome Headless 147.0.0.0 (Windows 10): Executed 176 of 217[31m (21 FAILED)[39m (0 secs / 0.399 secs)
[1A[2KChrome Headless 147.0.0.0 (Windows 10): Executed 177 of 217[31m (21 FAILED)[39m (0 secs / 0.4 secs)
[1A[2KChrome Headless 147.0.0.0 (Windows 10): Executed 178 of 217[31m (21 FAILED)[39m (0 secs / 0.401 secs)
[1A[2KChrome Headless 147.0.0.0 (Windows 10): Executed 179 of 217[31m (21 FAILED)[39m (0 secs / 0.402 secs)
[1A[2KChrome Headless 147.0.0.0 (Windows 10): Executed 180 of 217[31m (21 FAILED)[39m (0 secs / 0.403 secs)
[1A[2KChrome Headless 147.0.0.0 (Windows 10): Executed 181 of 217[31m (21 FAILED)[39m (0 secs / 0.403 secs)
[1A[2KChrome Headless 147.0.0.0 (Windows 10): Executed 182 of 217[31m (21 FAILED)[39m (0 secs / 0.404 secs)
[1A[2KChrome Headless 147.0.0.0 (Windows 10): Executed 183 of 217[31m (21 FAILED)[39m (0 secs / 0.405 secs)
[1A[2KChrome Headless 147.0.0.0 (Windows 10): Executed 184 of 217[31m (21 FAILED)[39m (0 secs / 0.405 secs)
[1A[2KChrome Headless 147.0.0.0 (Windows 10): Executed 185 of 217[31m (21 FAILED)[39m (0 secs / 0.406 secs)
[1A[2KChrome Headless 147.0.0.0 (Windows 10): Executed 186 of 217[31m (21 FAILED)[39m (0 secs / 0.407 secs)
[1A[2KChrome Headless 147.0.0.0 (Windows 10): Executed 187 of 217[31m (21 FAILED)[39m (0 secs / 0.407 secs)
[1A[2KChrome Headless 147.0.0.0 (Windows 10): Executed 188 of 217[31m (21 FAILED)[39m (0 secs / 0.445 secs)
[1A[2KChrome Headless 147.0.0.0 (Windows 10): Executed 189 of 217[31m (21 FAILED)[39m (0 secs / 0.449 secs)
[1A[2KChrome Headless 147.0.0.0 (Windows 10): Executed 190 of 217[31m (21 FAILED)[39m (0 secs / 0.453 secs)
[1A[2KChrome Headless 147.0.0.0 (Windows 10): Executed 191 of 217[31m (21 FAILED)[39m (0 secs / 0.456 secs)
[1A[2KChrome Headless 147.0.0.0 (Windows 10): Executed 192 of 217[31m (21 FAILED)[39m (0 secs / 0.459 secs)
[1A[2KChrome Headless 147.0.0.0 (Windows 10): Executed 193 of 217[31m (21 FAILED)[39m (0 secs / 0.462 secs)
[1A[2KChrome Headless 147.0.0.0 (Windows 10): Executed 194 of 217[31m (21 FAILED)[39m (0 secs / 0.465 secs)
[1A[2KChrome Headless 147.0.0.0 (Windows 10): Executed 195 of 217[31m (21 FAILED)[39m (0 secs / 0.468 secs)
[1A[2KChrome Headless 147.0.0.0 (Windows 10): Executed 196 of 217[31m (21 FAILED)[39m (0 secs / 0.471 secs)
[1A[2KChrome Headless 147.0.0.0 (Windows 10): Executed 197 of 217[31m (21 FAILED)[39m (0 secs / 0.474 secs)
[1A[2KChrome Headless 147.0.0.0 (Windows 10): Executed 198 of 217[31m (21 FAILED)[39m (0 secs / 0.477 secs)
[1A[2KChrome Headless 147.0.0.0 (Windows 10): Executed 199 of 217[31m (21 FAILED)[39m (0 secs / 0.48 secs)
[1A[2KChrome Headless 147.0.0.0 (Windows 10): Executed 200 of 217[31m (21 FAILED)[39m (0 secs / 0.482 secs)
[1A[2KChrome Headless 147.0.0.0 (Windows 10): Executed 201 of 217[31m (21 FAILED)[39m (0 secs / 0.484 secs)
[1A[2KChrome Headless 147.0.0.0 (Windows 10): Executed 202 of 217[31m (21 FAILED)[39m (0 secs / 0.487 secs)
[1A[2KChrome Headless 147.0.0.0 (Windows 10): Executed 203 of 217[31m (21 FAILED)[39m (0 secs / 0.49 secs)
[1A[2KChrome Headless 147.0.0.0 (Windows 10): Executed 204 of 217[31m (21 FAILED)[39m (0 secs / 0.492 secs)
[1A[2KChrome Headless 147.0.0.0 (Windows 10): Executed 205 of 217[31m (21 FAILED)[39m (0 secs / 0.495 secs)
[1A[2KChrome Headless 147.0.0.0 (Windows 10): Executed 206 of 217[31m (21 FAILED)[39m (0 secs / 0.496 secs)
[1A[2KChrome Headless 147.0.0.0 (Windows 10): Executed 207 of 217[31m (21 FAILED)[39m (0 secs / 0.497 secs)
[1A[2KChrome Headless 147.0.0.0 (Windows 10): Executed 208 of 217[31m (21 FAILED)[39m (0 secs / 0.497 secs)
[1A[2KChrome Headless 147.0.0.0 (Windows 10): Executed 209 of 217[31m (21 FAILED)[39m (0 secs / 0.498 secs)
[1A[2KChrome Headless 147.0.0.0 (Windows 10): Executed 210 of 217[31m (21 FAILED)[39m (0 secs / 0.499 secs)
[1A[2KChrome Headless 147.0.0.0 (Windows 10): Executed 211 of 217[31m (21 FAILED)[39m (0 secs / 0.5 secs)
[1A[2KChrome Headless 147.0.0.0 (Windows 10): Executed 212 of 217[31m (21 FAILED)[39m (0 secs / 0.5 secs)
[1A[2KChrome Headless 147.0.0.0 (Windows 10): Executed 213 of 217[31m (21 FAILED)[39m (0 secs / 0.501 secs)
[1A[2KWARN: [36m'Spec 'MentorService should handle approve/reject/suspend actions' has no expectations.'[39m
Chrome Headless 147.0.0.0 (Windows 10): Executed 213 of 217[31m (21 FAILED)[39m (0 secs / 0.501 secs)
WARN: 'Spec 'MentorService should handle approve/reject/suspend actions' has no expectations.'
[1A[2KChrome Headless 147.0.0.0 (Windows 10): Executed 214 of 217[31m (21 FAILED)[39m (0 secs / 0.502 secs)
[1A[2KChrome Headless 147.0.0.0 (Windows 10): Executed 215 of 217[31m (21 FAILED)[39m (0 secs / 0.503 secs)
[1A[2KChrome Headless 147.0.0.0 (Windows 10): Executed 216 of 217[31m (21 FAILED)[39m (0 secs / 0.504 secs)
[1A[2KChrome Headless 147.0.0.0 (Windows 10): Executed 217 of 217[31m (21 FAILED)[39m (0 secs / 0.505 secs)
[1A[2KChrome Headless 147.0.0.0 (Windows 10): Executed 217 of 217[31m (21 FAILED)[39m (0.604 secs / 0.505 secs)
[31mTOTAL: 21 FAILED, 196 SUCCESS[39m
ΓêÜ Browser application bundle generation complete.
-------------------|---------|----------|---------|---------|-------------------
File               | % Stmts | % Branch | % Funcs | % Lines | Uncovered Line #s 
-------------------|---------|----------|---------|---------|-------------------
All files          |    80.2 |    48.84 |   76.01 |   80.98 |                   
 app/core/auth     |   79.86 |    56.36 |   75.28 |   81.81 |                   
  auth.store.ts    |   89.88 |    73.62 |    82.5 |    90.8 | 55,67-81,178,180  
  mentor.store.ts  |   73.58 |    39.47 |   78.57 |   73.07 | ...03,115-126,151 
  ...tion.store.ts |   64.06 |    43.33 |   55.88 |   71.42 | ...99,120,163-183 
  session.store.ts |      84 |    51.85 |   78.12 |   83.33 | ...76,192,209-216 
  skill.store.ts   |   86.48 |    44.11 |   80.76 |    87.5 | 52,75,93,134      
 app/core/guards   |      95 |       80 |     100 |   94.11 |                   
  auth.guard.ts    |      95 |       80 |     100 |   94.11 | 31                
 ...e/interceptors |      80 |    47.36 |      75 |   80.43 |                   
  ...nterceptor.ts |      80 |    47.36 |      75 |   80.43 | 23-27,57-58,74-77 
 app/core/services |   80.81 |    46.87 |   75.77 |   81.48 |                   
  ...er.service.ts |     100 |        0 |     100 |     100 | 59                
  api.service.ts   |     100 |       50 |     100 |     100 | 21                
  auth.service.ts  |   68.18 |      100 |   56.25 |   66.66 | 47-51,59-75       
  group.service.ts |   66.66 |        0 |   55.55 |   63.63 | 17-21,35,43       
  ...on.service.ts |     100 |       75 |     100 |     100 | 88,112            
  ...or.service.ts |   65.51 |    31.81 |      64 |   71.73 | 52-89,111         
  ...on.service.ts |   88.88 |        0 |   83.33 |    87.5 | 19                
  ...nt.service.ts |     100 |      100 |     100 |     100 |                   
  ...on.service.ts |     100 |      100 |     100 |     100 |                   
  ...ew.service.ts |      90 |        0 |   85.71 |   88.88 | 17                
  ...on.service.ts |   69.76 |    31.81 |      68 |   73.68 | 27-38,65-69,94,98 
  skill.service.ts |   91.66 |        0 |   88.88 |    90.9 | 21                
  theme.service.ts |     100 |      100 |     100 |     100 |                   
  user.service.ts  |   65.85 |    57.14 |      60 |   66.66 | ...-87,99,105-107 
 ...ts/mentor-card |     100 |       90 |     100 |     100 |                   
  ....component.ts |     100 |       90 |     100 |     100 | 55                
 ...es/mentor-list |   35.38 |        0 |   23.52 |   36.06 |                   
  ...-list.page.ts |   35.38 |        0 |   23.52 |   36.06 | ...46,153,158-171 
 ...s/session-card |   92.85 |    55.55 |     100 |    92.3 |                   
  ....component.ts |   92.85 |    55.55 |     100 |    92.3 | 46                
 ...es/my-sessions |   84.21 |      100 |   71.42 |   83.33 |                   
  ...sions.page.ts |   84.21 |      100 |   71.42 |   83.33 | 40-49             
 ...ges/skill-list |   88.37 |    65.21 |   84.21 |   89.28 |                   
  ...-list.page.ts |   88.37 |    65.21 |   84.21 |   89.28 | ...23-224,232,239 
 ...nts/pagination |      95 |    71.42 |     100 |   94.73 |                   
  ....component.ts |      95 |    71.42 |     100 |   94.73 | 37                
 ...s/unauthorized |     100 |      100 |     100 |     100 |                   
  ....component.ts |     100 |      100 |     100 |     100 |                   
 ...hared/services |     100 |        0 |     100 |     100 |                   
  toast.service.ts |     100 |        0 |     100 |     100 | 18                
 environments      |     100 |      100 |     100 |     100 |                   
  environment.ts   |     100 |      100 |     100 |     100 |                   
-------------------|---------|----------|---------|---------|-------------------
ΓêÜ Browser application bundle generation complete.
