
[ERROR] COMPILATION ERROR : 
[ERROR] /app/src/main/java/com/skillsync/authservice/publisher/AuthEventPublisher.java:[23,19] cannot find symbol
  symbol:   class RabbitTemplate
  location: class com.skillsync.authservice.publisher.AuthEventPublisher
[ERROR] /app/src/main/java/com/skillsync/authservice/publisher/AuthEventPublisher.java:[20,1] cannot find symbol
  symbol:   class RabbitTemplate
  location: class com.skillsync.authservice.publisher.AuthEventPublisher
[ERROR] /app/src/main/java/com/skillsync/authservice/service/OAuthService.java:[35,6] cannot find symbol
  symbol:   class Value
  location: class com.skillsync.authservice.service.OAuthService
[ERROR] Failed to execute goal org.apache.maven.plugins:maven-compiler-plugin:3.13.0:compile (default-compile) on project auth-service: Compilation failure: Compilation failure: 
[ERROR] /app/src/main/java/com/skillsync/authservice/publisher/AuthEventPublisher.java:[23,19] cannot find symbol
[ERROR]   symbol:   class RabbitTemplate
[ERROR]   location: class com.skillsync.authservice.publisher.AuthEventPublisher
[ERROR] /app/src/main/java/com/skillsync/authservice/publisher/AuthEventPublisher.java:[20,1] cannot find symbol
[ERROR]   symbol:   class RabbitTemplate
[ERROR]   location: class com.skillsync.authservice.publisher.AuthEventPublisher
[ERROR] /app/src/main/java/com/skillsync/authservice/service/OAuthService.java:[35,6] cannot find symbol
[ERROR]   symbol:   class Value
[ERROR]   location: class com.skillsync.authservice.service.OAuthService
[ERROR] -> [Help 1]
[ERROR] 
[ERROR] To see the full stack trace of the errors, re-run Maven with the -e switch.
[ERROR] Re-run Maven using the -X switch to enable full debug logging.
[ERROR] 
[ERROR] For more information about the errors and possible solutions, please read the following articles:
[ERROR] [Help 1] http://cwiki.apache.org/confluence/display/MAVEN/MojoFailureException
[ERROR] COMPILATION ERROR : 
[ERROR] /app/src/main/java/com/skillsync/session/entity/Session.java:[68,27] variable updatedAt is already defined in class com.skillsync.session.entity.Session
[ERROR] /app/src/main/java/com/skillsync/session/audit/AuditService.java:[23,13] cannot find symbol
  symbol:   variable log
  location: class com.skillsync.session.audit.AuditService
[ERROR] /app/src/main/java/com/skillsync/session/audit/AuditService.java:[25,13] cannot find symbol
  symbol:   variable log
  location: class com.skillsync.session.audit.AuditService
[ERROR] /app/src/main/java/com/skillsync/session/config/RedisConfig.java:[97,17] cannot find symbol
  symbol: variable log
[ERROR] /app/src/main/java/com/skillsync/session/config/RedisConfig.java:[101,17] cannot find symbol
  symbol: variable log
[ERROR] /app/src/main/java/com/skillsync/session/config/RedisConfig.java:[105,17] cannot find symbol
  symbol: variable log
[ERROR] /app/src/main/java/com/skillsync/session/config/RedisConfig.java:[109,17] cannot find symbol
  symbol: variable log
[ERROR] /app/src/main/java/com/skillsync/session/controller/SessionController.java:[58,9] cannot find symbol
  symbol:   variable log
  location: class com.skillsync.session.controller.SessionController
[ERROR] /app/src/main/java/com/skillsync/session/controller/SessionController.java:[78,9] cannot find symbol
  symbol:   variable log
  location: class com.skillsync.session.controller.SessionController
[ERROR] /app/src/main/java/com/skillsync/session/controller/SessionController.java:[103,9] cannot find symbol
  symbol:   variable log
  location: class com.skillsync.session.controller.SessionController
[ERROR] /app/src/main/java/com/skillsync/session/controller/SessionController.java:[128,9] cannot find symbol
  symbol:   variable log
  location: class com.skillsync.session.controller.SessionController
[ERROR] /app/src/main/java/com/skillsync/session/controller/SessionController.java:[152,9] cannot find symbol
  symbol:   variable log
  location: class com.skillsync.session.controller.SessionController
[ERROR] /app/src/main/java/com/skillsync/session/controller/SessionController.java:[177,9] cannot find symbol
  symbol:   variable log
  location: class com.skillsync.session.controller.SessionController
[ERROR] /app/src/main/java/com/skillsync/session/controller/SessionController.java:[195,9] cannot find symbol
  symbol:   variable log
  location: class com.skillsync.session.controller.SessionController
[ERROR] /app/src/main/java/com/skillsync/session/controller/SessionController.java:[214,9] cannot find symbol
  symbol:   variable log
  location: class com.skillsync.session.controller.SessionController
[ERROR] /app/src/main/java/com/skillsync/session/mapper/SessionMapper.java:[15,16] cannot find symbol
  symbol:   method setLearnerId(java.lang.Long)
  location: variable session of type com.skillsync.session.entity.Session
[ERROR] /app/src/main/java/com/skillsync/session/mapper/SessionMapper.java:[16,16] cannot find symbol
  symbol:   method setMentorId(java.lang.Long)
  location: variable session of type com.skillsync.session.entity.Session
[ERROR] /app/src/main/java/com/skillsync/session/mapper/SessionMapper.java:[17,16] cannot find symbol
  symbol:   method setSkillId(java.lang.Long)
  location: variable session of type com.skillsync.session.entity.Session
[ERROR] /app/src/main/java/com/skillsync/session/mapper/SessionMapper.java:[18,16] cannot find symbol
  symbol:   method setScheduledAt(java.time.LocalDateTime)
  location: variable session of type com.skillsync.session.entity.Session
[ERROR] /app/src/main/java/com/skillsync/session/mapper/SessionMapper.java:[19,16] cannot find symbol
  symbol:   method setDurationMinutes(java.lang.Integer)
  location: variable session of type com.skillsync.session.entity.Session
[ERROR] /app/src/main/java/com/skillsync/session/mapper/SessionMapper.java:[20,16] cannot find symbol
  symbol:   method setStatus(com.skillsync.session.entity.SessionStatus)
  location: variable session of type com.skillsync.session.entity.Session
[ERROR] /app/src/main/java/com/skillsync/session/mapper/SessionMapper.java:[27,24] cannot find symbol
  symbol:   method getId()
  location: variable session of type com.skillsync.session.entity.Session
[ERROR] /app/src/main/java/com/skillsync/session/mapper/SessionMapper.java:[28,24] cannot find symbol
  symbol:   method getMentorId()
  location: variable session of type com.skillsync.session.entity.Session
[ERROR] /app/src/main/java/com/skillsync/session/mapper/SessionMapper.java:[29,24] cannot find symbol
  symbol:   method getLearnerId()
  location: variable session of type com.skillsync.session.entity.Session
[ERROR] /app/src/main/java/com/skillsync/session/mapper/SessionMapper.java:[30,24] cannot find symbol
  symbol:   method getSkillId()
  location: variable session of type com.skillsync.session.entity.Session
[ERROR] /app/src/main/java/com/skillsync/session/mapper/SessionMapper.java:[31,24] cannot find symbol
  symbol:   method getScheduledAt()
  location: variable session of type com.skillsync.session.entity.Session
[ERROR] /app/src/main/java/com/skillsync/session/mapper/SessionMapper.java:[32,24] cannot find symbol
  symbol:   method getDurationMinutes()
  location: variable session of type com.skillsync.session.entity.Session
[ERROR] /app/src/main/java/com/skillsync/session/mapper/SessionMapper.java:[33,24] cannot find symbol
  symbol:   method getStatus()
  location: variable session of type com.skillsync.session.entity.Session
[ERROR] /app/src/main/java/com/skillsync/session/mapper/SessionMapper.java:[34,24] cannot find symbol
  symbol:   method getRejectionReason()
  location: variable session of type com.skillsync.session.entity.Session
[ERROR] /app/src/main/java/com/skillsync/session/mapper/SessionMapper.java:[35,24] cannot find symbol
  symbol:   method getCreatedAt()
  location: variable session of type com.skillsync.session.entity.Session
[ERROR] /app/src/main/java/com/skillsync/session/mapper/SessionMapper.java:[36,24] cannot find symbol
  symbol:   method getUpdatedAt()
  location: variable session of type com.skillsync.session.entity.Session
[ERROR] /app/src/main/java/com/skillsync/session/publisher/SessionEventPublisher.java:[28,13] cannot find symbol
  symbol:   variable log
  location: class com.skillsync.session.publisher.SessionEventPublisher
[ERROR] /app/src/main/java/com/skillsync/session/publisher/SessionEventPublisher.java:[30,13] cannot find symbol
  symbol:   variable log
  location: class com.skillsync.session.publisher.SessionEventPublisher
[ERROR] /app/src/main/java/com/skillsync/session/publisher/SessionEventPublisher.java:[36,9] cannot find symbol
  symbol:   variable log
  location: class com.skillsync.session.publisher.SessionEventPublisher
[ERROR] /app/src/main/java/com/skillsync/session/publisher/SessionEventPublisher.java:[39,9] cannot find symbol
  symbol:   variable log
  location: class com.skillsync.session.publisher.SessionEventPublisher
[ERROR] /app/src/main/java/com/skillsync/session/publisher/SessionEventPublisher.java:[48,13] cannot find symbol
  symbol:   variable log
  location: class com.skillsync.session.publisher.SessionEventPublisher
[ERROR] /app/src/main/java/com/skillsync/session/publisher/SessionEventPublisher.java:[50,13] cannot find symbol
  symbol:   variable log
  location: class com.skillsync.session.publisher.SessionEventPublisher
[ERROR] /app/src/main/java/com/skillsync/session/publisher/SessionEventPublisher.java:[56,9] cannot find symbol
  symbol:   variable log
  location: class com.skillsync.session.publisher.SessionEventPublisher
[ERROR] /app/src/main/java/com/skillsync/session/publisher/SessionEventPublisher.java:[58,9] cannot find symbol
  symbol:   variable log
  location: class com.skillsync.session.publisher.SessionEventPublisher
[ERROR] /app/src/main/java/com/skillsync/session/publisher/SessionEventPublisher.java:[67,13] cannot find symbol
  symbol:   variable log
  location: class com.skillsync.session.publisher.SessionEventPublisher
[ERROR] /app/src/main/java/com/skillsync/session/publisher/SessionEventPublisher.java:[69,13] cannot find symbol
  symbol:   variable log
  location: class com.skillsync.session.publisher.SessionEventPublisher
[ERROR] /app/src/main/java/com/skillsync/session/publisher/SessionEventPublisher.java:[75,9] cannot find symbol
  symbol:   variable log
  location: class com.skillsync.session.publisher.SessionEventPublisher
[ERROR] /app/src/main/java/com/skillsync/session/publisher/SessionEventPublisher.java:[77,9] cannot find symbol
  symbol:   variable log
  location: class com.skillsync.session.publisher.SessionEventPublisher
[ERROR] /app/src/main/java/com/skillsync/session/publisher/SessionEventPublisher.java:[86,13] cannot find symbol
  symbol:   variable log
  location: class com.skillsync.session.publisher.SessionEventPublisher
[ERROR] /app/src/main/java/com/skillsync/session/publisher/SessionEventPublisher.java:[88,13] cannot find symbol
  symbol:   variable log
  location: class com.skillsync.session.publisher.SessionEventPublisher
[ERROR] /app/src/main/java/com/skillsync/session/publisher/SessionEventPublisher.java:[94,9] cannot find symbol
  symbol:   variable log
  location: class com.skillsync.session.publisher.SessionEventPublisher
[ERROR] /app/src/main/java/com/skillsync/session/publisher/SessionEventPublisher.java:[96,9] cannot find symbol
  symbol:   variable log
  location: class com.skillsync.session.publisher.SessionEventPublisher
[ERROR] /app/src/main/java/com/skillsync/session/service/command/SessionCommandService.java:[38,9] cannot find symbol
  symbol:   variable log
  location: class com.skillsync.session.service.command.SessionCommandService
[ERROR] /app/src/main/java/com/skillsync/session/service/command/SessionCommandService.java:[45,17] cannot find symbol
  symbol:   variable log
  location: class com.skillsync.session.service.command.SessionCommandService
[ERROR] /app/src/main/java/com/skillsync/session/service/command/SessionCommandService.java:[51,13] cannot find symbol
  symbol:   variable log
  location: class com.skillsync.session.service.command.SessionCommandService
[ERROR] /app/src/main/java/com/skillsync/session/service/command/SessionCommandService.java:[64,22] cannot find symbol
  symbol:   method getId()
  location: variable saved of type com.skillsync.session.entity.Session
[ERROR] /app/src/main/java/com/skillsync/session/service/command/SessionCommandService.java:[64,37] cannot find symbol
  symbol:   method getMentorId()
  location: variable saved of type com.skillsync.session.entity.Session
[ERROR] /app/src/main/java/com/skillsync/session/service/command/SessionCommandService.java:[64,58] cannot find symbol
  symbol:   method getLearnerId()
  location: variable saved of type com.skillsync.session.entity.Session
[ERROR] /app/src/main/java/com/skillsync/session/service/command/SessionCommandService.java:[65,22] cannot find symbol
  symbol:   method getScheduledAt()
  location: variable saved of type com.skillsync.session.entity.Session
[ERROR] /app/src/main/java/com/skillsync/session/service/command/SessionCommandService.java:[65,46] cannot find symbol
  symbol:   method getDurationMinutes()
  location: variable saved of type com.skillsync.session.entity.Session
[ERROR] /app/src/main/java/com/skillsync/session/service/command/SessionCommandService.java:[74,52] cannot find symbol
  symbol:   method getStatus()
  location: variable session of type com.skillsync.session.entity.Session
[ERROR] /app/src/main/java/com/skillsync/session/service/command/SessionCommandService.java:[75,79] cannot find symbol
  symbol:   method getStatus()
  location: variable session of type com.skillsync.session.entity.Session
[ERROR] /app/src/main/java/com/skillsync/session/service/command/SessionCommandService.java:[77,16] cannot find symbol
  symbol:   method setStatus(com.skillsync.session.entity.SessionStatus)
  location: variable session of type com.skillsync.session.entity.Session
[ERROR] /app/src/main/java/com/skillsync/session/service/command/SessionCommandService.java:[80,22] cannot find symbol
  symbol:   method getId()
  location: variable saved of type com.skillsync.session.entity.Session
[ERROR] /app/src/main/java/com/skillsync/session/service/command/SessionCommandService.java:[80,37] cannot find symbol
  symbol:   method getMentorId()
  location: variable saved of type com.skillsync.session.entity.Session
[ERROR] /app/src/main/java/com/skillsync/session/service/command/SessionCommandService.java:[80,58] cannot find symbol
  symbol:   method getLearnerId()
  location: variable saved of type com.skillsync.session.entity.Session
[ERROR] /app/src/main/java/com/skillsync/session/service/command/SessionCommandService.java:[89,52] cannot find symbol
  symbol:   method getStatus()
  location: variable session of type com.skillsync.session.entity.Session
[ERROR] /app/src/main/java/com/skillsync/session/service/command/SessionCommandService.java:[90,117] cannot find symbol
  symbol:   method getStatus()
  location: variable session of type com.skillsync.session.entity.Session
[ERROR] /app/src/main/java/com/skillsync/session/service/command/SessionCommandService.java:[92,16] cannot find symbol
  symbol:   method setStatus(com.skillsync.session.entity.SessionStatus)
  location: variable session of type com.skillsync.session.entity.Session
[ERROR] /app/src/main/java/com/skillsync/session/service/command/SessionCommandService.java:[93,16] cannot find symbol
  symbol:   method setRejectionReason(java.lang.String)
  location: variable session of type com.skillsync.session.entity.Session
[ERROR] /app/src/main/java/com/skillsync/session/service/command/SessionCommandService.java:[96,22] cannot find symbol
  symbol:   method getId()
  location: variable saved of type com.skillsync.session.entity.Session
[ERROR] /app/src/main/java/com/skillsync/session/service/command/SessionCommandService.java:[96,37] cannot find symbol
  symbol:   method getMentorId()
  location: variable saved of type com.skillsync.session.entity.Session
[ERROR] /app/src/main/java/com/skillsync/session/service/command/SessionCommandService.java:[96,58] cannot find symbol
  symbol:   method getLearnerId()
  location: variable saved of type com.skillsync.session.entity.Session
[ERROR] /app/src/main/java/com/skillsync/session/service/command/SessionCommandService.java:[105,51] cannot find symbol
  symbol:   method getStatus()
  location: variable session of type com.skillsync.session.entity.Session
[ERROR] /app/src/main/java/com/skillsync/session/service/command/SessionCommandService.java:[105,107] cannot find symbol
  symbol:   method getStatus()
  location: variable session of type com.skillsync.session.entity.Session
[ERROR] /app/src/main/java/com/skillsync/session/service/command/SessionCommandService.java:[106,130] cannot find symbol
  symbol:   method getStatus()
  location: variable session of type com.skillsync.session.entity.Session
[ERROR] /app/src/main/java/com/skillsync/session/service/command/SessionCommandService.java:[108,16] cannot find symbol
  symbol:   method setStatus(com.skillsync.session.entity.SessionStatus)
  location: variable session of type com.skillsync.session.entity.Session
[ERROR] /app/src/main/java/com/skillsync/session/service/command/SessionCommandService.java:[111,22] cannot find symbol
  symbol:   method getId()
  location: variable saved of type com.skillsync.session.entity.Session
[ERROR] /app/src/main/java/com/skillsync/session/service/command/SessionCommandService.java:[111,37] cannot find symbol
  symbol:   method getMentorId()
  location: variable saved of type com.skillsync.session.entity.Session
[ERROR] /app/src/main/java/com/skillsync/session/service/command/SessionCommandService.java:[111,58] cannot find symbol
  symbol:   method getLearnerId()
  location: variable saved of type com.skillsync.session.entity.Session
[ERROR] /app/src/main/java/com/skillsync/session/service/command/SessionCommandService.java:[118,9] cannot find symbol
  symbol:   variable log
  location: class com.skillsync.session.service.command.SessionCommandService
[ERROR] /app/src/main/java/com/skillsync/session/service/command/SessionCommandService.java:[121,16] cannot find symbol
  symbol:   method setStatus(com.skillsync.session.entity.SessionStatus)
  location: variable session of type com.skillsync.session.entity.Session
[ERROR] /app/src/main/java/com/skillsync/session/service/query/SessionQueryService.java:[26,9] cannot find symbol
  symbol:   variable log
  location: class com.skillsync.session.service.query.SessionQueryService
[ERROR] /app/src/main/java/com/skillsync/session/service/query/SessionQueryService.java:[33,9] cannot find symbol
  symbol:   variable log
  location: class com.skillsync.session.service.query.SessionQueryService
[ERROR] /app/src/main/java/com/skillsync/session/service/query/SessionQueryService.java:[37,63] cannot find symbol
  symbol:   method <com.skillsync.session.dto.response.SessionResponseDto>builder()
  location: class com.skillsync.session.dto.response.PageResponse
[ERROR] /app/src/main/java/com/skillsync/session/service/query/SessionQueryService.java:[47,9] cannot find symbol
  symbol:   variable log
  location: class com.skillsync.session.service.query.SessionQueryService
[ERROR] /app/src/main/java/com/skillsync/session/service/query/SessionQueryService.java:[51,63] cannot find symbol
  symbol:   method <com.skillsync.session.dto.response.SessionResponseDto>builder()
  location: class com.skillsync.session.dto.response.PageResponse
[ERROR] Failed to execute goal org.apache.maven.plugins:maven-compiler-plugin:3.13.0:compile (default-compile) on project session-service: Compilation failure: Compilation failure: 
[ERROR] /app/src/main/java/com/skillsync/session/entity/Session.java:[68,27] variable updatedAt is already defined in class com.skillsync.session.entity.Session
[ERROR] /app/src/main/java/com/skillsync/session/audit/AuditService.java:[23,13] cannot find symbol
[ERROR]   symbol:   variable log
[ERROR]   location: class com.skillsync.session.audit.AuditService
[ERROR] /app/src/main/java/com/skillsync/session/audit/AuditService.java:[25,13] cannot find symbol
[ERROR]   symbol:   variable log
[ERROR]   location: class com.skillsync.session.audit.AuditService
[ERROR] /app/src/main/java/com/skillsync/session/config/RedisConfig.java:[97,17] cannot find symbol
[ERROR]   symbol: variable log
[ERROR] /app/src/main/java/com/skillsync/session/config/RedisConfig.java:[101,17] cannot find symbol
[ERROR]   symbol: variable log
[ERROR] /app/src/main/java/com/skillsync/session/config/RedisConfig.java:[105,17] cannot find symbol
[ERROR]   symbol: variable log
[ERROR] /app/src/main/java/com/skillsync/session/config/RedisConfig.java:[109,17] cannot find symbol
[ERROR]   symbol: variable log
[ERROR] /app/src/main/java/com/skillsync/session/controller/SessionController.java:[58,9] cannot find symbol
[ERROR]   symbol:   variable log
[ERROR]   location: class com.skillsync.session.controller.SessionController
[ERROR] /app/src/main/java/com/skillsync/session/controller/SessionController.java:[78,9] cannot find symbol
[ERROR]   symbol:   variable log
[ERROR]   location: class com.skillsync.session.controller.SessionController
[ERROR] /app/src/main/java/com/skillsync/session/controller/SessionController.java:[103,9] cannot find symbol
[ERROR]   symbol:   variable log
[ERROR]   location: class com.skillsync.session.controller.SessionController
[ERROR] /app/src/main/java/com/skillsync/session/controller/SessionController.java:[128,9] cannot find symbol
[ERROR]   symbol:   variable log
[ERROR]   location: class com.skillsync.session.controller.SessionController
[ERROR] /app/src/main/java/com/skillsync/session/controller/SessionController.java:[152,9] cannot find symbol
[ERROR]   symbol:   variable log
[ERROR]   location: class com.skillsync.session.controller.SessionController
[ERROR] /app/src/main/java/com/skillsync/session/controller/SessionController.java:[177,9] cannot find symbol
[ERROR]   symbol:   variable log
[ERROR]   location: class com.skillsync.session.controller.SessionController
[ERROR] /app/src/main/java/com/skillsync/session/controller/SessionController.java:[195,9] cannot find symbol
[ERROR]   symbol:   variable log
[ERROR]   location: class com.skillsync.session.controller.SessionController
[ERROR] /app/src/main/java/com/skillsync/session/controller/SessionController.java:[214,9] cannot find symbol
[ERROR]   symbol:   variable log
[ERROR]   location: class com.skillsync.session.controller.SessionController
[ERROR] /app/src/main/java/com/skillsync/session/mapper/SessionMapper.java:[15,16] cannot find symbol
[ERROR]   symbol:   method setLearnerId(java.lang.Long)
[ERROR]   location: variable session of type com.skillsync.session.entity.Session
[ERROR] /app/src/main/java/com/skillsync/session/mapper/SessionMapper.java:[16,16] cannot find symbol
[ERROR]   symbol:   method setMentorId(java.lang.Long)
[ERROR]   location: variable session of type com.skillsync.session.entity.Session
[ERROR] /app/src/main/java/com/skillsync/session/mapper/SessionMapper.java:[17,16] cannot find symbol
[ERROR]   symbol:   method setSkillId(java.lang.Long)
[ERROR]   location: variable session of type com.skillsync.session.entity.Session
[ERROR] /app/src/main/java/com/skillsync/session/mapper/SessionMapper.java:[18,16] cannot find symbol
[ERROR]   symbol:   method setScheduledAt(java.time.LocalDateTime)
[ERROR]   location: variable session of type com.skillsync.session.entity.Session
[ERROR] /app/src/main/java/com/skillsync/session/mapper/SessionMapper.java:[19,16] cannot find symbol
[ERROR]   symbol:   method setDurationMinutes(java.lang.Integer)
[ERROR]   location: variable session of type com.skillsync.session.entity.Session
[ERROR] /app/src/main/java/com/skillsync/session/mapper/SessionMapper.java:[20,16] cannot find symbol
[ERROR]   symbol:   method setStatus(com.skillsync.session.entity.SessionStatus)
[ERROR]   location: variable session of type com.skillsync.session.entity.Session
[ERROR] /app/src/main/java/com/skillsync/session/mapper/SessionMapper.java:[27,24] cannot find symbol
[ERROR]   symbol:   method getId()
[ERROR]   location: variable session of type com.skillsync.session.entity.Session
[ERROR] /app/src/main/java/com/skillsync/session/mapper/SessionMapper.java:[28,24] cannot find symbol
[ERROR]   symbol:   method getMentorId()
[ERROR]   location: variable session of type com.skillsync.session.entity.Session
[ERROR] /app/src/main/java/com/skillsync/session/mapper/SessionMapper.java:[29,24] cannot find symbol
[ERROR]   symbol:   method getLearnerId()
[ERROR]   location: variable session of type com.skillsync.session.entity.Session
[ERROR] /app/src/main/java/com/skillsync/session/mapper/SessionMapper.java:[30,24] cannot find symbol
[ERROR]   symbol:   method getSkillId()
[ERROR]   location: variable session of type com.skillsync.session.entity.Session
[ERROR] /app/src/main/java/com/skillsync/session/mapper/SessionMapper.java:[31,24] cannot find symbol
[ERROR]   symbol:   method getScheduledAt()
[ERROR]   location: variable session of type com.skillsync.session.entity.Session
[ERROR] /app/src/main/java/com/skillsync/session/mapper/SessionMapper.java:[32,24] cannot find symbol
[ERROR]   symbol:   method getDurationMinutes()
[ERROR]   location: variable session of type com.skillsync.session.entity.Session
[ERROR] /app/src/main/java/com/skillsync/session/mapper/SessionMapper.java:[33,24] cannot find symbol
[ERROR]   symbol:   method getStatus()
[ERROR]   location: variable session of type com.skillsync.session.entity.Session
[ERROR] /app/src/main/java/com/skillsync/session/mapper/SessionMapper.java:[34,24] cannot find symbol
[ERROR]   symbol:   method getRejectionReason()
[ERROR]   location: variable session of type com.skillsync.session.entity.Session
[ERROR] /app/src/main/java/com/skillsync/session/mapper/SessionMapper.java:[35,24] cannot find symbol
[ERROR]   symbol:   method getCreatedAt()
[ERROR]   location: variable session of type com.skillsync.session.entity.Session
[ERROR] /app/src/main/java/com/skillsync/session/mapper/SessionMapper.java:[36,24] cannot find symbol
[ERROR]   symbol:   method getUpdatedAt()
[ERROR]   location: variable session of type com.skillsync.session.entity.Session
[ERROR] /app/src/main/java/com/skillsync/session/publisher/SessionEventPublisher.java:[28,13] cannot find symbol
[ERROR]   symbol:   variable log
[ERROR]   location: class com.skillsync.session.publisher.SessionEventPublisher
[ERROR] /app/src/main/java/com/skillsync/session/publisher/SessionEventPublisher.java:[30,13] cannot find symbol
[ERROR]   symbol:   variable log
[ERROR]   location: class com.skillsync.session.publisher.SessionEventPublisher
[ERROR] /app/src/main/java/com/skillsync/session/publisher/SessionEventPublisher.java:[36,9] cannot find symbol
[ERROR]   symbol:   variable log
[ERROR]   location: class com.skillsync.session.publisher.SessionEventPublisher
[ERROR] /app/src/main/java/com/skillsync/session/publisher/SessionEventPublisher.java:[39,9] cannot find symbol
[ERROR]   symbol:   variable log
[ERROR]   location: class com.skillsync.session.publisher.SessionEventPublisher
[ERROR] /app/src/main/java/com/skillsync/session/publisher/SessionEventPublisher.java:[48,13] cannot find symbol
[ERROR]   symbol:   variable log
[ERROR]   location: class com.skillsync.session.publisher.SessionEventPublisher
[ERROR] /app/src/main/java/com/skillsync/session/publisher/SessionEventPublisher.java:[50,13] cannot find symbol
[ERROR]   symbol:   variable log
[ERROR]   location: class com.skillsync.session.publisher.SessionEventPublisher
[ERROR] /app/src/main/java/com/skillsync/session/publisher/SessionEventPublisher.java:[56,9] cannot find symbol
[ERROR]   symbol:   variable log
[ERROR]   location: class com.skillsync.session.publisher.SessionEventPublisher
[ERROR] /app/src/main/java/com/skillsync/session/publisher/SessionEventPublisher.java:[58,9] cannot find symbol
[ERROR]   symbol:   variable log
[ERROR]   location: class com.skillsync.session.publisher.SessionEventPublisher
[ERROR] /app/src/main/java/com/skillsync/session/publisher/SessionEventPublisher.java:[67,13] cannot find symbol
[ERROR]   symbol:   variable log
[ERROR]   location: class com.skillsync.session.publisher.SessionEventPublisher
[ERROR] /app/src/main/java/com/skillsync/session/publisher/SessionEventPublisher.java:[69,13] cannot find symbol
[ERROR]   symbol:   variable log
[ERROR]   location: class com.skillsync.session.publisher.SessionEventPublisher
[ERROR] /app/src/main/java/com/skillsync/session/publisher/SessionEventPublisher.java:[75,9] cannot find symbol
[ERROR]   symbol:   variable log
[ERROR]   location: class com.skillsync.session.publisher.SessionEventPublisher
[ERROR] /app/src/main/java/com/skillsync/session/publisher/SessionEventPublisher.java:[77,9] cannot find symbol
[ERROR]   symbol:   variable log
[ERROR]   location: class com.skillsync.session.publisher.SessionEventPublisher
[ERROR] /app/src/main/java/com/skillsync/session/publisher/SessionEventPublisher.java:[86,13] cannot find symbol
[ERROR]   symbol:   variable log
[ERROR]   location: class com.skillsync.session.publisher.SessionEventPublisher
[ERROR] /app/src/main/java/com/skillsync/session/publisher/SessionEventPublisher.java:[88,13] cannot find symbol
[ERROR]   symbol:   variable log
[ERROR]   location: class com.skillsync.session.publisher.SessionEventPublisher
[ERROR] /app/src/main/java/com/skillsync/session/publisher/SessionEventPublisher.java:[94,9] cannot find symbol
[ERROR]   symbol:   variable log
[ERROR]   location: class com.skillsync.session.publisher.SessionEventPublisher
[ERROR] /app/src/main/java/com/skillsync/session/publisher/SessionEventPublisher.java:[96,9] cannot find symbol
[ERROR]   symbol:   variable log
[ERROR]   location: class com.skillsync.session.publisher.SessionEventPublisher
[ERROR] /app/src/main/java/com/skillsync/session/service/command/SessionCommandService.java:[38,9] cannot find symbol
[ERROR]   symbol:   variable log
[ERROR]   location: class com.skillsync.session.service.command.SessionCommandService
[ERROR] /app/src/main/java/com/skillsync/session/service/command/SessionCommandService.java:[45,17] cannot find symbol
[ERROR]   symbol:   variable log
[ERROR]   location: class com.skillsync.session.service.command.SessionCommandService
[ERROR] /app/src/main/java/com/skillsync/session/service/command/SessionCommandService.java:[51,13] cannot find symbol
[ERROR]   symbol:   variable log
[ERROR]   location: class com.skillsync.session.service.command.SessionCommandService
[ERROR] /app/src/main/java/com/skillsync/session/service/command/SessionCommandService.java:[64,22] cannot find symbol
[ERROR]   symbol:   method getId()
[ERROR]   location: variable saved of type com.skillsync.session.entity.Session
[ERROR] /app/src/main/java/com/skillsync/session/service/command/SessionCommandService.java:[64,37] cannot find symbol
[ERROR]   symbol:   method getMentorId()
[ERROR]   location: variable saved of type com.skillsync.session.entity.Session
[ERROR] /app/src/main/java/com/skillsync/session/service/command/SessionCommandService.java:[64,58] cannot find symbol
[ERROR]   symbol:   method getLearnerId()
[ERROR]   location: variable saved of type com.skillsync.session.entity.Session
[ERROR] /app/src/main/java/com/skillsync/session/service/command/SessionCommandService.java:[65,22] cannot find symbol
[ERROR]   symbol:   method getScheduledAt()
[ERROR]   location: variable saved of type com.skillsync.session.entity.Session
[ERROR] /app/src/main/java/com/skillsync/session/service/command/SessionCommandService.java:[65,46] cannot find symbol
[ERROR]   symbol:   method getDurationMinutes()
[ERROR]   location: variable saved of type com.skillsync.session.entity.Session
[ERROR] /app/src/main/java/com/skillsync/session/service/command/SessionCommandService.java:[74,52] cannot find symbol
[ERROR]   symbol:   method getStatus()
[ERROR]   location: variable session of type com.skillsync.session.entity.Session
[ERROR] /app/src/main/java/com/skillsync/session/service/command/SessionCommandService.java:[75,79] cannot find symbol
[ERROR]   symbol:   method getStatus()
[ERROR]   location: variable session of type com.skillsync.session.entity.Session
[ERROR] /app/src/main/java/com/skillsync/session/service/command/SessionCommandService.java:[77,16] cannot find symbol
[ERROR]   symbol:   method setStatus(com.skillsync.session.entity.SessionStatus)
[ERROR]   location: variable session of type com.skillsync.session.entity.Session
[ERROR] /app/src/main/java/com/skillsync/session/service/command/SessionCommandService.java:[80,22] cannot find symbol
[ERROR]   symbol:   method getId()
[ERROR]   location: variable saved of type com.skillsync.session.entity.Session
[ERROR] /app/src/main/java/com/skillsync/session/service/command/SessionCommandService.java:[80,37] cannot find symbol
[ERROR]   symbol:   method getMentorId()
[ERROR]   location: variable saved of type com.skillsync.session.entity.Session
[ERROR] /app/src/main/java/com/skillsync/session/service/command/SessionCommandService.java:[80,58] cannot find symbol
[ERROR]   symbol:   method getLearnerId()
[ERROR]   location: variable saved of type com.skillsync.session.entity.Session
[ERROR] /app/src/main/java/com/skillsync/session/service/command/SessionCommandService.java:[89,52] cannot find symbol
[ERROR]   symbol:   method getStatus()
[ERROR]   location: variable session of type com.skillsync.session.entity.Session
[ERROR] /app/src/main/java/com/skillsync/session/service/command/SessionCommandService.java:[90,117] cannot find symbol
[ERROR]   symbol:   method getStatus()
[ERROR]   location: variable session of type com.skillsync.session.entity.Session
[ERROR] /app/src/main/java/com/skillsync/session/service/command/SessionCommandService.java:[92,16] cannot find symbol
[ERROR]   symbol:   method setStatus(com.skillsync.session.entity.SessionStatus)
[ERROR]   location: variable session of type com.skillsync.session.entity.Session
[ERROR] /app/src/main/java/com/skillsync/session/service/command/SessionCommandService.java:[93,16] cannot find symbol
[ERROR]   symbol:   method setRejectionReason(java.lang.String)
[ERROR]   location: variable session of type com.skillsync.session.entity.Session
[ERROR] /app/src/main/java/com/skillsync/session/service/command/SessionCommandService.java:[96,22] cannot find symbol
[ERROR]   symbol:   method getId()
[ERROR]   location: variable saved of type com.skillsync.session.entity.Session
[ERROR] /app/src/main/java/com/skillsync/session/service/command/SessionCommandService.java:[96,37] cannot find symbol
[ERROR]   symbol:   method getMentorId()
[ERROR]   location: variable saved of type com.skillsync.session.entity.Session
[ERROR] /app/src/main/java/com/skillsync/session/service/command/SessionCommandService.java:[96,58] cannot find symbol
[ERROR]   symbol:   method getLearnerId()
[ERROR]   location: variable saved of type com.skillsync.session.entity.Session
[ERROR] /app/src/main/java/com/skillsync/session/service/command/SessionCommandService.java:[105,51] cannot find symbol
[ERROR]   symbol:   method getStatus()
[ERROR]   location: variable session of type com.skillsync.session.entity.Session
[ERROR] /app/src/main/java/com/skillsync/session/service/command/SessionCommandService.java:[105,107] cannot find symbol
[ERROR]   symbol:   method getStatus()
[ERROR]   location: variable session of type com.skillsync.session.entity.Session
[ERROR] /app/src/main/java/com/skillsync/session/service/command/SessionCommandService.java:[106,130] cannot find symbol
[ERROR]   symbol:   method getStatus()
[ERROR]   location: variable session of type com.skillsync.session.entity.Session
[ERROR] /app/src/main/java/com/skillsync/session/service/command/SessionCommandService.java:[108,16] cannot find symbol
[ERROR]   symbol:   method setStatus(com.skillsync.session.entity.SessionStatus)
[ERROR]   location: variable session of type com.skillsync.session.entity.Session
[ERROR] /app/src/main/java/com/skillsync/session/service/command/SessionCommandService.java:[111,22] cannot find symbol
[ERROR]   symbol:   method getId()
[ERROR]   location: variable saved of type com.skillsync.session.entity.Session
[ERROR] /app/src/main/java/com/skillsync/session/service/command/SessionCommandService.java:[111,37] cannot find symbol
[ERROR]   symbol:   method getMentorId()
[ERROR]   location: variable saved of type com.skillsync.session.entity.Session
[ERROR] /app/src/main/java/com/skillsync/session/service/command/SessionCommandService.java:[111,58] cannot find symbol
[ERROR]   symbol:   method getLearnerId()
[ERROR]   location: variable saved of type com.skillsync.session.entity.Session
[ERROR] /app/src/main/java/com/skillsync/session/service/command/SessionCommandService.java:[118,9] cannot find symbol
[ERROR]   symbol:   variable log
[ERROR]   location: class com.skillsync.session.service.command.SessionCommandService
[ERROR] /app/src/main/java/com/skillsync/session/service/command/SessionCommandService.java:[121,16] cannot find symbol
[ERROR]   symbol:   method setStatus(com.skillsync.session.entity.SessionStatus)
[ERROR]   location: variable session of type com.skillsync.session.entity.Session
[ERROR] /app/src/main/java/com/skillsync/session/service/query/SessionQueryService.java:[26,9] cannot find symbol
[ERROR]   symbol:   variable log
[ERROR]   location: class com.skillsync.session.service.query.SessionQueryService
[ERROR] /app/src/main/java/com/skillsync/session/service/query/SessionQueryService.java:[33,9] cannot find symbol
[ERROR]   symbol:   variable log
[ERROR]   location: class com.skillsync.session.service.query.SessionQueryService
[ERROR] /app/src/main/java/com/skillsync/session/service/query/SessionQueryService.java:[37,63] cannot find symbol
[ERROR]   symbol:   method <com.skillsync.session.dto.response.SessionResponseDto>builder()
[ERROR]   location: class com.skillsync.session.dto.response.PageResponse
[ERROR] /app/src/main/java/com/skillsync/session/service/query/SessionQueryService.java:[47,9] cannot find symbol
[ERROR]   symbol:   variable log
[ERROR]   location: class com.skillsync.session.service.query.SessionQueryService
[ERROR] /app/src/main/java/com/skillsync/session/service/query/SessionQueryService.java:[51,63] cannot find symbol
[ERROR]   symbol:   method <com.skillsync.session.dto.response.SessionResponseDto>builder()
[ERROR]   location: class com.skillsync.session.dto.response.PageResponse
[ERROR] -> [Help 1]
[ERROR] 
[ERROR] To see the full stack trace of the errors, re-run Maven with the -e switch.
[ERROR] Re-run Maven using the -X switch to enable full debug logging.
[ERROR] 
[ERROR] For more information about the errors and possible solutions, please read the following articles:
[ERROR] [Help 1] http://cwiki.apache.org/confluence/display/MAVEN/MojoFailureException
[ERROR] COMPILATION ERROR : 
[ERROR] /app/src/main/java/com/skillsync/mentor/entity/MentorProfile.java:[84,27] variable updatedAt is already defined in class com.skillsync.mentor.entity.MentorProfile
[ERROR] /app/src/main/java/com/skillsync/mentor/service/MentorCommandService.java:[31,19] cannot find symbol
  symbol:   class RedisTemplate
  location: class com.skillsync.mentor.service.MentorCommandService
[ERROR] /app/src/main/java/com/skillsync/mentor/service/MentorQueryService.java:[74,67] cannot find symbol
  symbol:   class Page
  location: class com.skillsync.mentor.service.MentorQueryService
[ERROR] /app/src/main/java/com/skillsync/mentor/audit/AuditService.java:[23,13] cannot find symbol
  symbol:   variable log
  location: class com.skillsync.mentor.audit.AuditService
[ERROR] /app/src/main/java/com/skillsync/mentor/audit/AuditService.java:[25,13] cannot find symbol
  symbol:   variable log
  location: class com.skillsync.mentor.audit.AuditService
[ERROR] /app/src/main/java/com/skillsync/mentor/config/RedisConfig.java:[123,17] cannot find symbol
  symbol: variable log
[ERROR] /app/src/main/java/com/skillsync/mentor/config/RedisConfig.java:[128,17] cannot find symbol
  symbol: variable log
[ERROR] /app/src/main/java/com/skillsync/mentor/config/RedisConfig.java:[133,17] cannot find symbol
  symbol: variable log
[ERROR] /app/src/main/java/com/skillsync/mentor/config/RedisConfig.java:[138,17] cannot find symbol
  symbol: variable log
[ERROR] /app/src/main/java/com/skillsync/mentor/controller/MentorController.java:[47,9] cannot find symbol
  symbol:   variable log
  location: class com.skillsync.mentor.controller.MentorController
[ERROR] /app/src/main/java/com/skillsync/mentor/controller/MentorController.java:[66,9] cannot find symbol
  symbol:   variable log
  location: class com.skillsync.mentor.controller.MentorController
[ERROR] /app/src/main/java/com/skillsync/mentor/controller/MentorController.java:[85,9] cannot find symbol
  symbol:   variable log
  location: class com.skillsync.mentor.controller.MentorController
[ERROR] /app/src/main/java/com/skillsync/mentor/controller/MentorController.java:[104,9] cannot find symbol
  symbol:   variable log
  location: class com.skillsync.mentor.controller.MentorController
[ERROR] /app/src/main/java/com/skillsync/mentor/controller/MentorController.java:[125,9] cannot find symbol
  symbol:   variable log
  location: class com.skillsync.mentor.controller.MentorController
[ERROR] /app/src/main/java/com/skillsync/mentor/controller/MentorController.java:[152,9] cannot find symbol
  symbol:   variable log
  location: class com.skillsync.mentor.controller.MentorController
[ERROR] /app/src/main/java/com/skillsync/mentor/controller/MentorController.java:[167,9] cannot find symbol
  symbol:   variable log
  location: class com.skillsync.mentor.controller.MentorController
[ERROR] /app/src/main/java/com/skillsync/mentor/controller/MentorController.java:[185,9] cannot find symbol
  symbol:   variable log
  location: class com.skillsync.mentor.controller.MentorController
[ERROR] /app/src/main/java/com/skillsync/mentor/controller/MentorController.java:[207,9] cannot find symbol
  symbol:   variable log
  location: class com.skillsync.mentor.controller.MentorController
[ERROR] /app/src/main/java/com/skillsync/mentor/controller/MentorController.java:[222,9] cannot find symbol
  symbol:   variable log
  location: class com.skillsync.mentor.controller.MentorController
[ERROR] /app/src/main/java/com/skillsync/mentor/controller/MentorController.java:[239,9] cannot find symbol
  symbol:   variable log
  location: class com.skillsync.mentor.controller.MentorController
[ERROR] /app/src/main/java/com/skillsync/mentor/controller/MentorController.java:[257,9] cannot find symbol
  symbol:   variable log
  location: class com.skillsync.mentor.controller.MentorController
[ERROR] /app/src/main/java/com/skillsync/mentor/exception/GlobalExceptionHandler.java:[74,9] cannot find symbol
  symbol:   variable log
  location: class com.skillsync.mentor.exception.GlobalExceptionHandler
[ERROR] /app/src/main/java/com/skillsync/mentor/mapper/MentorMapper.java:[25,16] cannot find symbol
  symbol:   method setUserId(java.lang.Long)
  location: variable profile of type com.skillsync.mentor.entity.MentorProfile
[ERROR] /app/src/main/java/com/skillsync/mentor/mapper/MentorMapper.java:[26,16] cannot find symbol
  symbol:   method setSpecialization(java.lang.String)
  location: variable profile of type com.skillsync.mentor.entity.MentorProfile
[ERROR] /app/src/main/java/com/skillsync/mentor/mapper/MentorMapper.java:[27,16] cannot find symbol
  symbol:   method setYearsOfExperience(java.lang.Integer)
  location: variable profile of type com.skillsync.mentor.entity.MentorProfile
[ERROR] /app/src/main/java/com/skillsync/mentor/mapper/MentorMapper.java:[28,16] cannot find symbol
  symbol:   method setHourlyRate(java.lang.Double)
  location: variable profile of type com.skillsync.mentor.entity.MentorProfile
[ERROR] /app/src/main/java/com/skillsync/mentor/mapper/MentorMapper.java:[29,16] cannot find symbol
  symbol:   method setStatus(com.skillsync.mentor.entity.MentorStatus)
  location: variable profile of type com.skillsync.mentor.entity.MentorProfile
[ERROR] /app/src/main/java/com/skillsync/mentor/mapper/MentorMapper.java:[30,16] cannot find symbol
  symbol:   method setIsApproved(boolean)
  location: variable profile of type com.skillsync.mentor.entity.MentorProfile
[ERROR] /app/src/main/java/com/skillsync/mentor/mapper/MentorMapper.java:[31,16] cannot find symbol
  symbol:   method setAvailabilityStatus(com.skillsync.mentor.entity.AvailabilityStatus)
  location: variable profile of type com.skillsync.mentor.entity.MentorProfile
[ERROR] /app/src/main/java/com/skillsync/mentor/mapper/MentorMapper.java:[38,28] cannot find symbol
  symbol:   method getId()
  location: variable profile of type com.skillsync.mentor.entity.MentorProfile
[ERROR] /app/src/main/java/com/skillsync/mentor/mapper/MentorMapper.java:[39,32] cannot find symbol
  symbol:   method getUserId()
  location: variable profile of type com.skillsync.mentor.entity.MentorProfile
[ERROR] /app/src/main/java/com/skillsync/mentor/mapper/MentorMapper.java:[40,32] cannot find symbol
  symbol:   method getStatus()
  location: variable profile of type com.skillsync.mentor.entity.MentorProfile
[ERROR] /app/src/main/java/com/skillsync/mentor/mapper/MentorMapper.java:[40,62] cannot find symbol
  symbol:   method getStatus()
  location: variable profile of type com.skillsync.mentor.entity.MentorProfile
[ERROR] /app/src/main/java/com/skillsync/mentor/mapper/MentorMapper.java:[41,36] cannot find symbol
  symbol:   method getIsApproved()
  location: variable profile of type com.skillsync.mentor.entity.MentorProfile
[ERROR] /app/src/main/java/com/skillsync/mentor/mapper/MentorMapper.java:[42,36] cannot find symbol
  symbol:   method getApprovedBy()
  location: variable profile of type com.skillsync.mentor.entity.MentorProfile
[ERROR] /app/src/main/java/com/skillsync/mentor/mapper/MentorMapper.java:[43,38] cannot find symbol
  symbol:   method getApprovalDate()
  location: variable profile of type com.skillsync.mentor.entity.MentorProfile
[ERROR] /app/src/main/java/com/skillsync/mentor/mapper/MentorMapper.java:[44,40] cannot find symbol
  symbol:   method getSpecialization()
  location: variable profile of type com.skillsync.mentor.entity.MentorProfile
[ERROR] /app/src/main/java/com/skillsync/mentor/mapper/MentorMapper.java:[45,43] cannot find symbol
  symbol:   method getYearsOfExperience()
  location: variable profile of type com.skillsync.mentor.entity.MentorProfile
[ERROR] /app/src/main/java/com/skillsync/mentor/mapper/MentorMapper.java:[46,36] cannot find symbol
  symbol:   method getHourlyRate()
  location: variable profile of type com.skillsync.mentor.entity.MentorProfile
[ERROR] /app/src/main/java/com/skillsync/mentor/mapper/MentorMapper.java:[48,32] cannot find symbol
  symbol:   method getRating()
  location: variable profile of type com.skillsync.mentor.entity.MentorProfile
[ERROR] /app/src/main/java/com/skillsync/mentor/mapper/MentorMapper.java:[49,39] cannot find symbol
  symbol:   method getTotalStudents()
  location: variable profile of type com.skillsync.mentor.entity.MentorProfile
[ERROR] /app/src/main/java/com/skillsync/mentor/mapper/MentorMapper.java:[50,44] cannot find symbol
  symbol:   method getAvailabilityStatus()
  location: variable profile of type com.skillsync.mentor.entity.MentorProfile
[ERROR] /app/src/main/java/com/skillsync/mentor/mapper/MentorMapper.java:[51,34] cannot find symbol
  symbol:   method getAvailabilityStatus()
  location: variable profile of type com.skillsync.mentor.entity.MentorProfile
[ERROR] /app/src/main/java/com/skillsync/mentor/mapper/MentorMapper.java:[52,35] cannot find symbol
  symbol:   method getCreatedAt()
  location: variable profile of type com.skillsync.mentor.entity.MentorProfile
[ERROR] /app/src/main/java/com/skillsync/mentor/mapper/MentorMapper.java:[53,35] cannot find symbol
  symbol:   method getUpdatedAt()
  location: variable profile of type com.skillsync.mentor.entity.MentorProfile
[ERROR] /app/src/main/java/com/skillsync/mentor/mapper/MentorMapper.java:[58,13] cannot find symbol
  symbol:   variable log
  location: class com.skillsync.mentor.mapper.MentorMapper
[ERROR] /app/src/main/java/com/skillsync/mentor/mapper/MentorMapper.java:[58,74] cannot find symbol
  symbol:   method getUserId()
  location: variable profile of type com.skillsync.mentor.entity.MentorProfile
[ERROR] /app/src/main/java/com/skillsync/mentor/mapper/MentorMapper.java:[59,89] cannot find symbol
  symbol:   method getUserId()
  location: variable profile of type com.skillsync.mentor.entity.MentorProfile
[ERROR] /app/src/main/java/com/skillsync/mentor/mapper/MentorMapper.java:[61,49] cannot find symbol
  symbol:   method getAverageRating()
  location: class com.skillsync.mentor.dto.response.MentorRatingDto
[ERROR] /app/src/main/java/com/skillsync/mentor/mapper/MentorMapper.java:[62,56] cannot find symbol
  symbol:   method getTotalLearners()
  location: class com.skillsync.mentor.dto.response.MentorRatingDto
[ERROR] /app/src/main/java/com/skillsync/mentor/mapper/MentorMapper.java:[63,17] cannot find symbol
  symbol:   variable log
  location: class com.skillsync.mentor.mapper.MentorMapper
[ERROR] /app/src/main/java/com/skillsync/mentor/mapper/MentorMapper.java:[66,13] cannot find symbol
  symbol:   variable log
  location: class com.skillsync.mentor.mapper.MentorMapper
[ERROR] /app/src/main/java/com/skillsync/mentor/mapper/MentorMapper.java:[66,79] cannot find symbol
  symbol:   method getUserId()
  location: variable profile of type com.skillsync.mentor.entity.MentorProfile
[ERROR] /app/src/main/java/com/skillsync/mentor/service/MentorCommandService.java:[37,9] cannot find symbol
  symbol:   variable log
  location: class com.skillsync.mentor.service.MentorCommandService
[ERROR] /app/src/main/java/com/skillsync/mentor/service/MentorCommandService.java:[43,26] cannot find symbol
  symbol:   method getId()
  location: variable saved of type com.skillsync.mentor.entity.MentorProfile
[ERROR] /app/src/main/java/com/skillsync/mentor/service/MentorCommandService.java:[44,9] cannot find symbol
  symbol:   variable log
  location: class com.skillsync.mentor.service.MentorCommandService
[ERROR] /app/src/main/java/com/skillsync/mentor/service/MentorCommandService.java:[44,92] cannot find symbol
  symbol:   method getId()
  location: variable saved of type com.skillsync.mentor.entity.MentorProfile
[ERROR] /app/src/main/java/com/skillsync/mentor/service/MentorCommandService.java:[50,9] cannot find symbol
  symbol:   variable log
  location: class com.skillsync.mentor.service.MentorCommandService
[ERROR] /app/src/main/java/com/skillsync/mentor/service/MentorCommandService.java:[52,16] cannot find symbol
  symbol:   method setStatus(com.skillsync.mentor.entity.MentorStatus)
  location: variable profile of type com.skillsync.mentor.entity.MentorProfile
[ERROR] /app/src/main/java/com/skillsync/mentor/service/MentorCommandService.java:[53,16] cannot find symbol
  symbol:   method setIsApproved(boolean)
  location: variable profile of type com.skillsync.mentor.entity.MentorProfile
[ERROR] /app/src/main/java/com/skillsync/mentor/service/MentorCommandService.java:[54,16] cannot find symbol
  symbol:   method setApprovedBy(java.lang.Long)
  location: variable profile of type com.skillsync.mentor.entity.MentorProfile
[ERROR] /app/src/main/java/com/skillsync/mentor/service/MentorCommandService.java:[55,16] cannot find symbol
  symbol:   method setApprovalDate(java.time.LocalDateTime)
  location: variable profile of type com.skillsync.mentor.entity.MentorProfile
[ERROR] /app/src/main/java/com/skillsync/mentor/service/MentorCommandService.java:[57,50] cannot find symbol
  symbol:   method getUserId()
  location: variable profile of type com.skillsync.mentor.entity.MentorProfile
[ERROR] /app/src/main/java/com/skillsync/mentor/service/MentorCommandService.java:[59,13] cannot find symbol
  symbol:   variable log
  location: class com.skillsync.mentor.service.MentorCommandService
[ERROR] /app/src/main/java/com/skillsync/mentor/service/MentorCommandService.java:[59,82] cannot find symbol
  symbol:   method getUserId()
  location: variable profile of type com.skillsync.mentor.entity.MentorProfile
[ERROR] /app/src/main/java/com/skillsync/mentor/service/MentorCommandService.java:[68,9] cannot find symbol
  symbol:   variable log
  location: class com.skillsync.mentor.service.MentorCommandService
[ERROR] /app/src/main/java/com/skillsync/mentor/service/MentorCommandService.java:[70,16] cannot find symbol
  symbol:   method setStatus(com.skillsync.mentor.entity.MentorStatus)
  location: variable profile of type com.skillsync.mentor.entity.MentorProfile
[ERROR] /app/src/main/java/com/skillsync/mentor/service/MentorCommandService.java:[71,16] cannot find symbol
  symbol:   method setIsApproved(boolean)
  location: variable profile of type com.skillsync.mentor.entity.MentorProfile
[ERROR] /app/src/main/java/com/skillsync/mentor/service/MentorCommandService.java:[72,16] cannot find symbol
  symbol:   method setApprovedBy(java.lang.Long)
  location: variable profile of type com.skillsync.mentor.entity.MentorProfile
[ERROR] /app/src/main/java/com/skillsync/mentor/service/MentorCommandService.java:[80,9] cannot find symbol
  symbol:   variable log
  location: class com.skillsync.mentor.service.MentorCommandService
[ERROR] /app/src/main/java/com/skillsync/mentor/service/MentorCommandService.java:[82,16] cannot find symbol
  symbol:   method setStatus(com.skillsync.mentor.entity.MentorStatus)
  location: variable profile of type com.skillsync.mentor.entity.MentorProfile
[ERROR] /app/src/main/java/com/skillsync/mentor/service/MentorCommandService.java:[83,16] cannot find symbol
  symbol:   method setIsApproved(boolean)
  location: variable profile of type com.skillsync.mentor.entity.MentorProfile
[ERROR] /app/src/main/java/com/skillsync/mentor/service/MentorCommandService.java:[91,9] cannot find symbol
  symbol:   variable log
  location: class com.skillsync.mentor.service.MentorCommandService
[ERROR] /app/src/main/java/com/skillsync/mentor/service/MentorCommandService.java:[94,16] cannot find symbol
  symbol:   method setAvailabilityStatus(com.skillsync.mentor.entity.AvailabilityStatus)
  location: variable profile of type com.skillsync.mentor.entity.MentorProfile
[ERROR] /app/src/main/java/com/skillsync/mentor/service/MentorCommandService.java:[96,28] cannot find symbol
  symbol:   method getId()
  location: variable profile of type com.skillsync.mentor.entity.MentorProfile
[ERROR] /app/src/main/java/com/skillsync/mentor/service/MentorCommandService.java:[102,9] cannot find symbol
  symbol:   variable log
  location: class com.skillsync.mentor.service.MentorCommandService
[ERROR] /app/src/main/java/com/skillsync/mentor/service/MentorCommandService.java:[104,16] cannot find symbol
  symbol:   method setRating(java.lang.Double)
  location: variable profile of type com.skillsync.mentor.entity.MentorProfile
[ERROR] /app/src/main/java/com/skillsync/mentor/service/MentorCommandService.java:[113,13] cannot find symbol
  symbol:   variable log
  location: class com.skillsync.mentor.service.MentorCommandService
[ERROR] /app/src/main/java/com/skillsync/mentor/service/MentorCommandService.java:[115,13] cannot find symbol
  symbol:   variable log
  location: class com.skillsync.mentor.service.MentorCommandService
[ERROR] /app/src/main/java/com/skillsync/mentor/service/MentorCommandService.java:[123,13] cannot find symbol
  symbol:   variable log
  location: class com.skillsync.mentor.service.MentorCommandService
[ERROR] /app/src/main/java/com/skillsync/mentor/service/MentorCommandService.java:[125,13] cannot find symbol
  symbol:   variable log
  location: class com.skillsync.mentor.service.MentorCommandService
[ERROR] /app/src/main/java/com/skillsync/mentor/service/MentorQueryService.java:[34,13] cannot find symbol
  symbol:   variable log
  location: class com.skillsync.mentor.service.MentorQueryService
[ERROR] /app/src/main/java/com/skillsync/mentor/service/MentorQueryService.java:[37,9] cannot find symbol
  symbol:   variable log
  location: class com.skillsync.mentor.service.MentorQueryService
[ERROR] /app/src/main/java/com/skillsync/mentor/service/MentorQueryService.java:[49,13] cannot find symbol
  symbol:   variable log
  location: class com.skillsync.mentor.service.MentorQueryService
[ERROR] /app/src/main/java/com/skillsync/mentor/service/MentorQueryService.java:[52,9] cannot find symbol
  symbol:   variable log
  location: class com.skillsync.mentor.service.MentorQueryService
[ERROR] /app/src/main/java/com/skillsync/mentor/service/MentorQueryService.java:[61,9] cannot find symbol
  symbol:   variable log
  location: class com.skillsync.mentor.service.MentorQueryService
[ERROR] /app/src/main/java/com/skillsync/mentor/service/MentorQueryService.java:[62,9] cannot find symbol
  symbol:   class Pageable
  location: class com.skillsync.mentor.service.MentorQueryService
[ERROR] /app/src/main/java/com/skillsync/mentor/service/MentorQueryService.java:[62,29] cannot find symbol
  symbol:   variable PageRequest
  location: class com.skillsync.mentor.service.MentorQueryService
[ERROR] /app/src/main/java/com/skillsync/mentor/service/MentorQueryService.java:[63,9] cannot find symbol
  symbol:   class Page
  location: class com.skillsync.mentor.service.MentorQueryService
[ERROR] /app/src/main/java/com/skillsync/mentor/service/MentorQueryService.java:[68,9] cannot find symbol
  symbol:   variable log
  location: class com.skillsync.mentor.service.MentorQueryService
[ERROR] /app/src/main/java/com/skillsync/mentor/service/MentorQueryService.java:[69,9] cannot find symbol
  symbol:   class Pageable
  location: class com.skillsync.mentor.service.MentorQueryService
[ERROR] /app/src/main/java/com/skillsync/mentor/service/MentorQueryService.java:[69,29] cannot find symbol
  symbol:   variable PageRequest
  location: class com.skillsync.mentor.service.MentorQueryService
[ERROR] /app/src/main/java/com/skillsync/mentor/service/MentorQueryService.java:[70,9] cannot find symbol
  symbol:   class Page
  location: class com.skillsync.mentor.service.MentorQueryService
[ERROR] /app/src/main/java/com/skillsync/mentor/service/MentorQueryService.java:[79,28] cannot find symbol
  symbol:   method <com.skillsync.mentor.dto.response.MentorProfileResponseDto>builder()
  location: class com.skillsync.mentor.dto.PageResponse
[ERROR] /app/src/main/java/com/skillsync/mentor/service/MentorQueryService.java:[89,9] cannot find symbol
  symbol:   variable log
  location: class com.skillsync.mentor.service.MentorQueryService
[ERROR] /app/src/main/java/com/skillsync/mentor/service/MentorQueryService.java:[101,13] cannot find symbol
  symbol:   variable log
  location: class com.skillsync.mentor.service.MentorQueryService
[ERROR] /app/src/main/java/com/skillsync/mentor/service/MentorQueryService.java:[109,13] cannot find symbol
  symbol:   variable log
  location: class com.skillsync.mentor.service.MentorQueryService
[ERROR] /app/src/main/java/com/skillsync/mentor/service/MentorQueryService.java:[111,13] cannot find symbol
  symbol:   variable log
  location: class com.skillsync.mentor.service.MentorQueryService
[ERROR] /app/src/main/java/com/skillsync/mentor/service/impl/MentorServiceImpl.java:[51,9] cannot find symbol
  symbol:   variable log
  location: class com.skillsync.mentor.service.impl.MentorServiceImpl
[ERROR] /app/src/main/java/com/skillsync/mentor/service/impl/MentorServiceImpl.java:[59,48] cannot find symbol
  symbol:   method getId()
  location: variable saved of type com.skillsync.mentor.entity.MentorProfile
[ERROR] Failed to execute goal org.apache.maven.plugins:maven-compiler-plugin:3.13.0:compile (default-compile) on project mentor-service: Compilation failure: Compilation failure: 
[ERROR] /app/src/main/java/com/skillsync/mentor/entity/MentorProfile.java:[84,27] variable updatedAt is already defined in class com.skillsync.mentor.entity.MentorProfile
[ERROR] /app/src/main/java/com/skillsync/mentor/service/MentorCommandService.java:[31,19] cannot find symbol
[ERROR]   symbol:   class RedisTemplate
[ERROR]   location: class com.skillsync.mentor.service.MentorCommandService
[ERROR] /app/src/main/java/com/skillsync/mentor/service/MentorQueryService.java:[74,67] cannot find symbol
[ERROR]   symbol:   class Page
[ERROR]   location: class com.skillsync.mentor.service.MentorQueryService
[ERROR] /app/src/main/java/com/skillsync/mentor/audit/AuditService.java:[23,13] cannot find symbol
[ERROR]   symbol:   variable log
[ERROR]   location: class com.skillsync.mentor.audit.AuditService
[ERROR] /app/src/main/java/com/skillsync/mentor/audit/AuditService.java:[25,13] cannot find symbol
[ERROR]   symbol:   variable log
[ERROR]   location: class com.skillsync.mentor.audit.AuditService
[ERROR] /app/src/main/java/com/skillsync/mentor/config/RedisConfig.java:[123,17] cannot find symbol
[ERROR]   symbol: variable log
[ERROR] /app/src/main/java/com/skillsync/mentor/config/RedisConfig.java:[128,17] cannot find symbol
[ERROR]   symbol: variable log
[ERROR] /app/src/main/java/com/skillsync/mentor/config/RedisConfig.java:[133,17] cannot find symbol
[ERROR]   symbol: variable log
[ERROR] /app/src/main/java/com/skillsync/mentor/config/RedisConfig.java:[138,17] cannot find symbol
[ERROR]   symbol: variable log
[ERROR] /app/src/main/java/com/skillsync/mentor/controller/MentorController.java:[47,9] cannot find symbol
[ERROR]   symbol:   variable log
[ERROR]   location: class com.skillsync.mentor.controller.MentorController
[ERROR] /app/src/main/java/com/skillsync/mentor/controller/MentorController.java:[66,9] cannot find symbol
[ERROR]   symbol:   variable log
[ERROR]   location: class com.skillsync.mentor.controller.MentorController
[ERROR] /app/src/main/java/com/skillsync/mentor/controller/MentorController.java:[85,9] cannot find symbol
[ERROR]   symbol:   variable log
[ERROR]   location: class com.skillsync.mentor.controller.MentorController
[ERROR] /app/src/main/java/com/skillsync/mentor/controller/MentorController.java:[104,9] cannot find symbol
[ERROR]   symbol:   variable log
[ERROR]   location: class com.skillsync.mentor.controller.MentorController
[ERROR] /app/src/main/java/com/skillsync/mentor/controller/MentorController.java:[125,9] cannot find symbol
[ERROR]   symbol:   variable log
[ERROR]   location: class com.skillsync.mentor.controller.MentorController
[ERROR] /app/src/main/java/com/skillsync/mentor/controller/MentorController.java:[152,9] cannot find symbol
[ERROR]   symbol:   variable log
[ERROR]   location: class com.skillsync.mentor.controller.MentorController
[ERROR] /app/src/main/java/com/skillsync/mentor/controller/MentorController.java:[167,9] cannot find symbol
[ERROR]   symbol:   variable log
[ERROR]   location: class com.skillsync.mentor.controller.MentorController
[ERROR] /app/src/main/java/com/skillsync/mentor/controller/MentorController.java:[185,9] cannot find symbol
[ERROR]   symbol:   variable log
[ERROR]   location: class com.skillsync.mentor.controller.MentorController
[ERROR] /app/src/main/java/com/skillsync/mentor/controller/MentorController.java:[207,9] cannot find symbol
[ERROR]   symbol:   variable log
[ERROR]   location: class com.skillsync.mentor.controller.MentorController
[ERROR] /app/src/main/java/com/skillsync/mentor/controller/MentorController.java:[222,9] cannot find symbol
[ERROR]   symbol:   variable log
[ERROR]   location: class com.skillsync.mentor.controller.MentorController
[ERROR] /app/src/main/java/com/skillsync/mentor/controller/MentorController.java:[239,9] cannot find symbol
[ERROR]   symbol:   variable log
[ERROR]   location: class com.skillsync.mentor.controller.MentorController
[ERROR] /app/src/main/java/com/skillsync/mentor/controller/MentorController.java:[257,9] cannot find symbol
[ERROR]   symbol:   variable log
[ERROR]   location: class com.skillsync.mentor.controller.MentorController
[ERROR] /app/src/main/java/com/skillsync/mentor/exception/GlobalExceptionHandler.java:[74,9] cannot find symbol
[ERROR]   symbol:   variable log
[ERROR]   location: class com.skillsync.mentor.exception.GlobalExceptionHandler
[ERROR] /app/src/main/java/com/skillsync/mentor/mapper/MentorMapper.java:[25,16] cannot find symbol
[ERROR]   symbol:   method setUserId(java.lang.Long)
[ERROR]   location: variable profile of type com.skillsync.mentor.entity.MentorProfile
[ERROR] /app/src/main/java/com/skillsync/mentor/mapper/MentorMapper.java:[26,16] cannot find symbol
[ERROR]   symbol:   method setSpecialization(java.lang.String)
[ERROR]   location: variable profile of type com.skillsync.mentor.entity.MentorProfile
[ERROR] /app/src/main/java/com/skillsync/mentor/mapper/MentorMapper.java:[27,16] cannot find symbol
[ERROR]   symbol:   method setYearsOfExperience(java.lang.Integer)
[ERROR]   location: variable profile of type com.skillsync.mentor.entity.MentorProfile
[ERROR] /app/src/main/java/com/skillsync/mentor/mapper/MentorMapper.java:[28,16] cannot find symbol
[ERROR]   symbol:   method setHourlyRate(java.lang.Double)
[ERROR]   location: variable profile of type com.skillsync.mentor.entity.MentorProfile
[ERROR] /app/src/main/java/com/skillsync/mentor/mapper/MentorMapper.java:[29,16] cannot find symbol
[ERROR]   symbol:   method setStatus(com.skillsync.mentor.entity.MentorStatus)
[ERROR]   location: variable profile of type com.skillsync.mentor.entity.MentorProfile
[ERROR] /app/src/main/java/com/skillsync/mentor/mapper/MentorMapper.java:[30,16] cannot find symbol
[ERROR]   symbol:   method setIsApproved(boolean)
[ERROR]   location: variable profile of type com.skillsync.mentor.entity.MentorProfile
[ERROR] /app/src/main/java/com/skillsync/mentor/mapper/MentorMapper.java:[31,16] cannot find symbol
[ERROR]   symbol:   method setAvailabilityStatus(com.skillsync.mentor.entity.AvailabilityStatus)
[ERROR]   location: variable profile of type com.skillsync.mentor.entity.MentorProfile
[ERROR] /app/src/main/java/com/skillsync/mentor/mapper/MentorMapper.java:[38,28] cannot find symbol
[ERROR]   symbol:   method getId()
[ERROR]   location: variable profile of type com.skillsync.mentor.entity.MentorProfile
[ERROR] /app/src/main/java/com/skillsync/mentor/mapper/MentorMapper.java:[39,32] cannot find symbol
[ERROR]   symbol:   method getUserId()
[ERROR]   location: variable profile of type com.skillsync.mentor.entity.MentorProfile
[ERROR] /app/src/main/java/com/skillsync/mentor/mapper/MentorMapper.java:[40,32] cannot find symbol
[ERROR]   symbol:   method getStatus()
[ERROR]   location: variable profile of type com.skillsync.mentor.entity.MentorProfile
[ERROR] /app/src/main/java/com/skillsync/mentor/mapper/MentorMapper.java:[40,62] cannot find symbol
[ERROR]   symbol:   method getStatus()
[ERROR]   location: variable profile of type com.skillsync.mentor.entity.MentorProfile
[ERROR] /app/src/main/java/com/skillsync/mentor/mapper/MentorMapper.java:[41,36] cannot find symbol
[ERROR]   symbol:   method getIsApproved()
[ERROR]   location: variable profile of type com.skillsync.mentor.entity.MentorProfile
[ERROR] /app/src/main/java/com/skillsync/mentor/mapper/MentorMapper.java:[42,36] cannot find symbol
[ERROR]   symbol:   method getApprovedBy()
[ERROR]   location: variable profile of type com.skillsync.mentor.entity.MentorProfile
[ERROR] /app/src/main/java/com/skillsync/mentor/mapper/MentorMapper.java:[43,38] cannot find symbol
[ERROR]   symbol:   method getApprovalDate()
[ERROR]   location: variable profile of type com.skillsync.mentor.entity.MentorProfile
[ERROR] /app/src/main/java/com/skillsync/mentor/mapper/MentorMapper.java:[44,40] cannot find symbol
[ERROR]   symbol:   method getSpecialization()
[ERROR]   location: variable profile of type com.skillsync.mentor.entity.MentorProfile
[ERROR] /app/src/main/java/com/skillsync/mentor/mapper/MentorMapper.java:[45,43] cannot find symbol
[ERROR]   symbol:   method getYearsOfExperience()
[ERROR]   location: variable profile of type com.skillsync.mentor.entity.MentorProfile
[ERROR] /app/src/main/java/com/skillsync/mentor/mapper/MentorMapper.java:[46,36] cannot find symbol
[ERROR]   symbol:   method getHourlyRate()
[ERROR]   location: variable profile of type com.skillsync.mentor.entity.MentorProfile
[ERROR] /app/src/main/java/com/skillsync/mentor/mapper/MentorMapper.java:[48,32] cannot find symbol
[ERROR]   symbol:   method getRating()
[ERROR]   location: variable profile of type com.skillsync.mentor.entity.MentorProfile
[ERROR] /app/src/main/java/com/skillsync/mentor/mapper/MentorMapper.java:[49,39] cannot find symbol
[ERROR]   symbol:   method getTotalStudents()
[ERROR]   location: variable profile of type com.skillsync.mentor.entity.MentorProfile
[ERROR] /app/src/main/java/com/skillsync/mentor/mapper/MentorMapper.java:[50,44] cannot find symbol
[ERROR]   symbol:   method getAvailabilityStatus()
[ERROR]   location: variable profile of type com.skillsync.mentor.entity.MentorProfile
[ERROR] /app/src/main/java/com/skillsync/mentor/mapper/MentorMapper.java:[51,34] cannot find symbol
[ERROR]   symbol:   method getAvailabilityStatus()
[ERROR]   location: variable profile of type com.skillsync.mentor.entity.MentorProfile
[ERROR] /app/src/main/java/com/skillsync/mentor/mapper/MentorMapper.java:[52,35] cannot find symbol
[ERROR]   symbol:   method getCreatedAt()
[ERROR]   location: variable profile of type com.skillsync.mentor.entity.MentorProfile
[ERROR] /app/src/main/java/com/skillsync/mentor/mapper/MentorMapper.java:[53,35] cannot find symbol
[ERROR]   symbol:   method getUpdatedAt()
[ERROR]   location: variable profile of type com.skillsync.mentor.entity.MentorProfile
[ERROR] /app/src/main/java/com/skillsync/mentor/mapper/MentorMapper.java:[58,13] cannot find symbol
[ERROR]   symbol:   variable log
[ERROR]   location: class com.skillsync.mentor.mapper.MentorMapper
[ERROR] /app/src/main/java/com/skillsync/mentor/mapper/MentorMapper.java:[58,74] cannot find symbol
[ERROR]   symbol:   method getUserId()
[ERROR]   location: variable profile of type com.skillsync.mentor.entity.MentorProfile
[ERROR] /app/src/main/java/com/skillsync/mentor/mapper/MentorMapper.java:[59,89] cannot find symbol
[ERROR]   symbol:   method getUserId()
[ERROR]   location: variable profile of type com.skillsync.mentor.entity.MentorProfile
[ERROR] /app/src/main/java/com/skillsync/mentor/mapper/MentorMapper.java:[61,49] cannot find symbol
[ERROR]   symbol:   method getAverageRating()
[ERROR]   location: class com.skillsync.mentor.dto.response.MentorRatingDto
[ERROR] /app/src/main/java/com/skillsync/mentor/mapper/MentorMapper.java:[62,56] cannot find symbol
[ERROR]   symbol:   method getTotalLearners()
[ERROR]   location: class com.skillsync.mentor.dto.response.MentorRatingDto
[ERROR] /app/src/main/java/com/skillsync/mentor/mapper/MentorMapper.java:[63,17] cannot find symbol
[ERROR]   symbol:   variable log
[ERROR]   location: class com.skillsync.mentor.mapper.MentorMapper
[ERROR] /app/src/main/java/com/skillsync/mentor/mapper/MentorMapper.java:[66,13] cannot find symbol
[ERROR]   symbol:   variable log
[ERROR]   location: class com.skillsync.mentor.mapper.MentorMapper
[ERROR] /app/src/main/java/com/skillsync/mentor/mapper/MentorMapper.java:[66,79] cannot find symbol
[ERROR]   symbol:   method getUserId()
[ERROR]   location: variable profile of type com.skillsync.mentor.entity.MentorProfile
[ERROR] /app/src/main/java/com/skillsync/mentor/service/MentorCommandService.java:[37,9] cannot find symbol
[ERROR]   symbol:   variable log
[ERROR]   location: class com.skillsync.mentor.service.MentorCommandService
[ERROR] /app/src/main/java/com/skillsync/mentor/service/MentorCommandService.java:[43,26] cannot find symbol
[ERROR]   symbol:   method getId()
[ERROR]   location: variable saved of type com.skillsync.mentor.entity.MentorProfile
[ERROR] /app/src/main/java/com/skillsync/mentor/service/MentorCommandService.java:[44,9] cannot find symbol
[ERROR]   symbol:   variable log
[ERROR]   location: class com.skillsync.mentor.service.MentorCommandService
[ERROR] /app/src/main/java/com/skillsync/mentor/service/MentorCommandService.java:[44,92] cannot find symbol
[ERROR]   symbol:   method getId()
[ERROR]   location: variable saved of type com.skillsync.mentor.entity.MentorProfile
[ERROR] /app/src/main/java/com/skillsync/mentor/service/MentorCommandService.java:[50,9] cannot find symbol
[ERROR]   symbol:   variable log
[ERROR]   location: class com.skillsync.mentor.service.MentorCommandService
[ERROR] /app/src/main/java/com/skillsync/mentor/service/MentorCommandService.java:[52,16] cannot find symbol
[ERROR]   symbol:   method setStatus(com.skillsync.mentor.entity.MentorStatus)
[ERROR]   location: variable profile of type com.skillsync.mentor.entity.MentorProfile
[ERROR] /app/src/main/java/com/skillsync/mentor/service/MentorCommandService.java:[53,16] cannot find symbol
[ERROR]   symbol:   method setIsApproved(boolean)
[ERROR]   location: variable profile of type com.skillsync.mentor.entity.MentorProfile
[ERROR] /app/src/main/java/com/skillsync/mentor/service/MentorCommandService.java:[54,16] cannot find symbol
[ERROR]   symbol:   method setApprovedBy(java.lang.Long)
[ERROR]   location: variable profile of type com.skillsync.mentor.entity.MentorProfile
[ERROR] /app/src/main/java/com/skillsync/mentor/service/MentorCommandService.java:[55,16] cannot find symbol
[ERROR]   symbol:   method setApprovalDate(java.time.LocalDateTime)
[ERROR]   location: variable profile of type com.skillsync.mentor.entity.MentorProfile
[ERROR] /app/src/main/java/com/skillsync/mentor/service/MentorCommandService.java:[57,50] cannot find symbol
[ERROR]   symbol:   method getUserId()
[ERROR]   location: variable profile of type com.skillsync.mentor.entity.MentorProfile
[ERROR] /app/src/main/java/com/skillsync/mentor/service/MentorCommandService.java:[59,13] cannot find symbol
[ERROR]   symbol:   variable log
[ERROR]   location: class com.skillsync.mentor.service.MentorCommandService
[ERROR] /app/src/main/java/com/skillsync/mentor/service/MentorCommandService.java:[59,82] cannot find symbol
[ERROR]   symbol:   method getUserId()
[ERROR]   location: variable profile of type com.skillsync.mentor.entity.MentorProfile
[ERROR] /app/src/main/java/com/skillsync/mentor/service/MentorCommandService.java:[68,9] cannot find symbol
[ERROR]   symbol:   variable log
[ERROR]   location: class com.skillsync.mentor.service.MentorCommandService
[ERROR] /app/src/main/java/com/skillsync/mentor/service/MentorCommandService.java:[70,16] cannot find symbol
[ERROR]   symbol:   method setStatus(com.skillsync.mentor.entity.MentorStatus)
[ERROR]   location: variable profile of type com.skillsync.mentor.entity.MentorProfile
[ERROR] /app/src/main/java/com/skillsync/mentor/service/MentorCommandService.java:[71,16] cannot find symbol
[ERROR]   symbol:   method setIsApproved(boolean)
[ERROR]   location: variable profile of type com.skillsync.mentor.entity.MentorProfile
[ERROR] /app/src/main/java/com/skillsync/mentor/service/MentorCommandService.java:[72,16] cannot find symbol
[ERROR]   symbol:   method setApprovedBy(java.lang.Long)
[ERROR]   location: variable profile of type com.skillsync.mentor.entity.MentorProfile
[ERROR] /app/src/main/java/com/skillsync/mentor/service/MentorCommandService.java:[80,9] cannot find symbol
[ERROR]   symbol:   variable log
[ERROR]   location: class com.skillsync.mentor.service.MentorCommandService
[ERROR] /app/src/main/java/com/skillsync/mentor/service/MentorCommandService.java:[82,16] cannot find symbol
[ERROR]   symbol:   method setStatus(com.skillsync.mentor.entity.MentorStatus)
[ERROR]   location: variable profile of type com.skillsync.mentor.entity.MentorProfile
[ERROR] /app/src/main/java/com/skillsync/mentor/service/MentorCommandService.java:[83,16] cannot find symbol
[ERROR]   symbol:   method setIsApproved(boolean)
[ERROR]   location: variable profile of type com.skillsync.mentor.entity.MentorProfile
[ERROR] /app/src/main/java/com/skillsync/mentor/service/MentorCommandService.java:[91,9] cannot find symbol
[ERROR]   symbol:   variable log
[ERROR]   location: class com.skillsync.mentor.service.MentorCommandService
[ERROR] /app/src/main/java/com/skillsync/mentor/service/MentorCommandService.java:[94,16] cannot find symbol
[ERROR]   symbol:   method setAvailabilityStatus(com.skillsync.mentor.entity.AvailabilityStatus)
[ERROR]   location: variable profile of type com.skillsync.mentor.entity.MentorProfile
[ERROR] /app/src/main/java/com/skillsync/mentor/service/MentorCommandService.java:[96,28] cannot find symbol
[ERROR]   symbol:   method getId()
[ERROR]   location: variable profile of type com.skillsync.mentor.entity.MentorProfile
[ERROR] /app/src/main/java/com/skillsync/mentor/service/MentorCommandService.java:[102,9] cannot find symbol
[ERROR]   symbol:   variable log
[ERROR]   location: class com.skillsync.mentor.service.MentorCommandService
[ERROR] /app/src/main/java/com/skillsync/mentor/service/MentorCommandService.java:[104,16] cannot find symbol
[ERROR]   symbol:   method setRating(java.lang.Double)
[ERROR]   location: variable profile of type com.skillsync.mentor.entity.MentorProfile
[ERROR] /app/src/main/java/com/skillsync/mentor/service/MentorCommandService.java:[113,13] cannot find symbol
[ERROR]   symbol:   variable log
[ERROR]   location: class com.skillsync.mentor.service.MentorCommandService
[ERROR] /app/src/main/java/com/skillsync/mentor/service/MentorCommandService.java:[115,13] cannot find symbol
[ERROR]   symbol:   variable log
[ERROR]   location: class com.skillsync.mentor.service.MentorCommandService
[ERROR] /app/src/main/java/com/skillsync/mentor/service/MentorCommandService.java:[123,13] cannot find symbol
[ERROR]   symbol:   variable log
[ERROR]   location: class com.skillsync.mentor.service.MentorCommandService
[ERROR] /app/src/main/java/com/skillsync/mentor/service/MentorCommandService.java:[125,13] cannot find symbol
[ERROR]   symbol:   variable log
[ERROR]   location: class com.skillsync.mentor.service.MentorCommandService
[ERROR] /app/src/main/java/com/skillsync/mentor/service/MentorQueryService.java:[34,13] cannot find symbol
[ERROR]   symbol:   variable log
[ERROR]   location: class com.skillsync.mentor.service.MentorQueryService
[ERROR] /app/src/main/java/com/skillsync/mentor/service/MentorQueryService.java:[37,9] cannot find symbol
[ERROR]   symbol:   variable log
[ERROR]   location: class com.skillsync.mentor.service.MentorQueryService
[ERROR] /app/src/main/java/com/skillsync/mentor/service/MentorQueryService.java:[49,13] cannot find symbol
[ERROR]   symbol:   variable log
[ERROR]   location: class com.skillsync.mentor.service.MentorQueryService
[ERROR] /app/src/main/java/com/skillsync/mentor/service/MentorQueryService.java:[52,9] cannot find symbol
[ERROR]   symbol:   variable log
[ERROR]   location: class com.skillsync.mentor.service.MentorQueryService
[ERROR] /app/src/main/java/com/skillsync/mentor/service/MentorQueryService.java:[61,9] cannot find symbol
[ERROR]   symbol:   variable log
[ERROR]   location: class com.skillsync.mentor.service.MentorQueryService
[ERROR] /app/src/main/java/com/skillsync/mentor/service/MentorQueryService.java:[62,9] cannot find symbol
[ERROR]   symbol:   class Pageable
[ERROR]   location: class com.skillsync.mentor.service.MentorQueryService
[ERROR] /app/src/main/java/com/skillsync/mentor/service/MentorQueryService.java:[62,29] cannot find symbol
[ERROR]   symbol:   variable PageRequest
[ERROR]   location: class com.skillsync.mentor.service.MentorQueryService
[ERROR] /app/src/main/java/com/skillsync/mentor/service/MentorQueryService.java:[63,9] cannot find symbol
[ERROR]   symbol:   class Page
[ERROR]   location: class com.skillsync.mentor.service.MentorQueryService
[ERROR] /app/src/main/java/com/skillsync/mentor/service/MentorQueryService.java:[68,9] cannot find symbol
[ERROR]   symbol:   variable log
[ERROR]   location: class com.skillsync.mentor.service.MentorQueryService
[ERROR] /app/src/main/java/com/skillsync/mentor/service/MentorQueryService.java:[69,9] cannot find symbol
[ERROR]   symbol:   class Pageable
[ERROR]   location: class com.skillsync.mentor.service.MentorQueryService
[ERROR] /app/src/main/java/com/skillsync/mentor/service/MentorQueryService.java:[69,29] cannot find symbol
[ERROR]   symbol:   variable PageRequest
[ERROR]   location: class com.skillsync.mentor.service.MentorQueryService
[ERROR] /app/src/main/java/com/skillsync/mentor/service/MentorQueryService.java:[70,9] cannot find symbol
[ERROR]   symbol:   class Page
[ERROR]   location: class com.skillsync.mentor.service.MentorQueryService
[ERROR] /app/src/main/java/com/skillsync/mentor/service/MentorQueryService.java:[79,28] cannot find symbol
[ERROR]   symbol:   method <com.skillsync.mentor.dto.response.MentorProfileResponseDto>builder()
[ERROR]   location: class com.skillsync.mentor.dto.PageResponse
[ERROR] /app/src/main/java/com/skillsync/mentor/service/MentorQueryService.java:[89,9] cannot find symbol
[ERROR]   symbol:   variable log
[ERROR]   location: class com.skillsync.mentor.service.MentorQueryService
[ERROR] /app/src/main/java/com/skillsync/mentor/service/MentorQueryService.java:[101,13] cannot find symbol
[ERROR]   symbol:   variable log
[ERROR]   location: class com.skillsync.mentor.service.MentorQueryService
[ERROR] /app/src/main/java/com/skillsync/mentor/service/MentorQueryService.java:[109,13] cannot find symbol
[ERROR]   symbol:   variable log
[ERROR]   location: class com.skillsync.mentor.service.MentorQueryService
[ERROR] /app/src/main/java/com/skillsync/mentor/service/MentorQueryService.java:[111,13] cannot find symbol
[ERROR]   symbol:   variable log
[ERROR]   location: class com.skillsync.mentor.service.MentorQueryService
[ERROR] /app/src/main/java/com/skillsync/mentor/service/impl/MentorServiceImpl.java:[51,9] cannot find symbol
[ERROR]   symbol:   variable log
[ERROR]   location: class com.skillsync.mentor.service.impl.MentorServiceImpl
[ERROR] /app/src/main/java/com/skillsync/mentor/service/impl/MentorServiceImpl.java:[59,48] cannot find symbol
[ERROR]   symbol:   method getId()
[ERROR]   location: variable saved of type com.skillsync.mentor.entity.MentorProfile
[ERROR] -> [Help 1]
[ERROR] 
[ERROR] To see the full stack trace of the errors, re-run Maven with the -e switch.
[ERROR] Re-run Maven using the -X switch to enable full debug logging.
[ERROR] 
[ERROR] For more information about the errors and possible solutions, please read the following articles:
[ERROR] [Help 1] http://cwiki.apache.org/confluence/display/MAVEN/MojoFailureException
[ERROR] COMPILATION ERROR : 
[ERROR] /app/src/main/java/com/skillsync/review/entity/Review.java:[46,27] variable updatedAt is already defined in class com.skillsync.review.entity.Review
[ERROR] /app/src/main/java/com/skillsync/review/audit/AuditService.java:[23,13] cannot find symbol
  symbol:   variable log
  location: class com.skillsync.review.audit.AuditService
[ERROR] /app/src/main/java/com/skillsync/review/audit/AuditService.java:[25,13] cannot find symbol
  symbol:   variable log
  location: class com.skillsync.review.audit.AuditService
[ERROR] /app/src/main/java/com/skillsync/review/client/MentorServiceFallback.java:[18,9] cannot find symbol
  symbol:   variable log
  location: class com.skillsync.review.client.MentorServiceFallback
[ERROR] /app/src/main/java/com/skillsync/review/config/RedisConfig.java:[97,17] cannot find symbol
  symbol: variable log
[ERROR] /app/src/main/java/com/skillsync/review/config/RedisConfig.java:[101,17] cannot find symbol
  symbol: variable log
[ERROR] /app/src/main/java/com/skillsync/review/config/RedisConfig.java:[105,17] cannot find symbol
  symbol: variable log
[ERROR] /app/src/main/java/com/skillsync/review/config/RedisConfig.java:[109,17] cannot find symbol
  symbol: variable log
[ERROR] /app/src/main/java/com/skillsync/review/controller/ReviewController.java:[46,9] cannot find symbol
  symbol:   variable log
  location: class com.skillsync.review.controller.ReviewController
[ERROR] /app/src/main/java/com/skillsync/review/controller/ReviewController.java:[65,9] cannot find symbol
  symbol:   variable log
  location: class com.skillsync.review.controller.ReviewController
[ERROR] /app/src/main/java/com/skillsync/review/controller/ReviewController.java:[85,9] cannot find symbol
  symbol:   variable log
  location: class com.skillsync.review.controller.ReviewController
[ERROR] /app/src/main/java/com/skillsync/review/controller/ReviewController.java:[103,9] cannot find symbol
  symbol:   variable log
  location: class com.skillsync.review.controller.ReviewController
[ERROR] /app/src/main/java/com/skillsync/review/controller/ReviewController.java:[130,9] cannot find symbol
  symbol:   variable log
  location: class com.skillsync.review.controller.ReviewController
[ERROR] /app/src/main/java/com/skillsync/review/controller/ReviewController.java:[156,9] cannot find symbol
  symbol:   variable log
  location: class com.skillsync.review.controller.ReviewController
[ERROR] /app/src/main/java/com/skillsync/review/mapper/ReviewMapper.java:[15,15] cannot find symbol
  symbol:   method setLearnerId(java.lang.Long)
  location: variable review of type com.skillsync.review.entity.Review
[ERROR] /app/src/main/java/com/skillsync/review/mapper/ReviewMapper.java:[16,15] cannot find symbol
  symbol:   method setMentorId(java.lang.Long)
  location: variable review of type com.skillsync.review.entity.Review
[ERROR] /app/src/main/java/com/skillsync/review/mapper/ReviewMapper.java:[17,15] cannot find symbol
  symbol:   method setSessionId(java.lang.Long)
  location: variable review of type com.skillsync.review.entity.Review
[ERROR] /app/src/main/java/com/skillsync/review/mapper/ReviewMapper.java:[18,15] cannot find symbol
  symbol:   method setRating(java.lang.Integer)
  location: variable review of type com.skillsync.review.entity.Review
[ERROR] /app/src/main/java/com/skillsync/review/mapper/ReviewMapper.java:[19,15] cannot find symbol
  symbol:   method setComment(java.lang.String)
  location: variable review of type com.skillsync.review.entity.Review
[ERROR] /app/src/main/java/com/skillsync/review/mapper/ReviewMapper.java:[20,15] cannot find symbol
  symbol:   method setIsAnonymous(boolean)
  location: variable review of type com.skillsync.review.entity.Review
[ERROR] /app/src/main/java/com/skillsync/review/mapper/ReviewMapper.java:[26,15] cannot find symbol
  symbol:   method setRating(java.lang.Integer)
  location: variable review of type com.skillsync.review.entity.Review
[ERROR] /app/src/main/java/com/skillsync/review/mapper/ReviewMapper.java:[27,15] cannot find symbol
  symbol:   method setComment(java.lang.String)
  location: variable review of type com.skillsync.review.entity.Review
[ERROR] /app/src/main/java/com/skillsync/review/mapper/ReviewMapper.java:[28,15] cannot find symbol
  symbol:   method setIsAnonymous(boolean)
  location: variable review of type com.skillsync.review.entity.Review
[ERROR] /app/src/main/java/com/skillsync/review/mapper/ReviewMapper.java:[34,27] cannot find symbol
  symbol:   method getId()
  location: variable review of type com.skillsync.review.entity.Review
[ERROR] /app/src/main/java/com/skillsync/review/mapper/ReviewMapper.java:[35,33] cannot find symbol
  symbol:   method getMentorId()
  location: variable review of type com.skillsync.review.entity.Review
[ERROR] /app/src/main/java/com/skillsync/review/mapper/ReviewMapper.java:[36,34] cannot find symbol
  symbol:   method getLearnerId()
  location: variable review of type com.skillsync.review.entity.Review
[ERROR] /app/src/main/java/com/skillsync/review/mapper/ReviewMapper.java:[37,34] cannot find symbol
  symbol:   method getSessionId()
  location: variable review of type com.skillsync.review.entity.Review
[ERROR] /app/src/main/java/com/skillsync/review/mapper/ReviewMapper.java:[38,31] cannot find symbol
  symbol:   method getRating()
  location: variable review of type com.skillsync.review.entity.Review
[ERROR] /app/src/main/java/com/skillsync/review/mapper/ReviewMapper.java:[39,32] cannot find symbol
  symbol:   method getComment()
  location: variable review of type com.skillsync.review.entity.Review
[ERROR] /app/src/main/java/com/skillsync/review/mapper/ReviewMapper.java:[40,36] cannot find symbol
  symbol:   method getIsAnonymous()
  location: variable review of type com.skillsync.review.entity.Review
[ERROR] /app/src/main/java/com/skillsync/review/mapper/ReviewMapper.java:[41,34] cannot find symbol
  symbol:   method getCreatedAt()
  location: variable review of type com.skillsync.review.entity.Review
[ERROR] /app/src/main/java/com/skillsync/review/mapper/ReviewMapper.java:[42,34] cannot find symbol
  symbol:   method getUpdatedAt()
  location: variable review of type com.skillsync.review.entity.Review
[ERROR] /app/src/main/java/com/skillsync/review/service/command/ReviewCommandService.java:[29,9] cannot find symbol
  symbol:   variable log
  location: class com.skillsync.review.service.command.ReviewCommandService
[ERROR] /app/src/main/java/com/skillsync/review/service/command/ReviewCommandService.java:[41,20] cannot find symbol
  symbol:   method getLearnerId()
  location: variable review of type com.skillsync.review.entity.Review
[ERROR] /app/src/main/java/com/skillsync/review/service/command/ReviewCommandService.java:[46,32] cannot find symbol
  symbol:   method getMentorId()
  location: variable review of type com.skillsync.review.entity.Review
[ERROR] /app/src/main/java/com/skillsync/review/service/command/ReviewCommandService.java:[55,20] cannot find symbol
  symbol:   method getLearnerId()
  location: variable review of type com.skillsync.review.entity.Review
[ERROR] /app/src/main/java/com/skillsync/review/service/command/ReviewCommandService.java:[59,32] cannot find symbol
  symbol:   method getMentorId()
  location: variable review of type com.skillsync.review.entity.Review
[ERROR] /app/src/main/java/com/skillsync/review/service/command/ReviewCommandService.java:[67,17] cannot find symbol
  symbol:   variable log
  location: class com.skillsync.review.service.command.ReviewCommandService
[ERROR] /app/src/main/java/com/skillsync/review/service/command/ReviewCommandService.java:[70,13] cannot find symbol
  symbol:   variable log
  location: class com.skillsync.review.service.command.ReviewCommandService
[ERROR] /app/src/main/java/com/skillsync/review/service/query/ReviewQueryService.java:[28,9] cannot find symbol
  symbol:   variable log
  location: class com.skillsync.review.service.query.ReviewQueryService
[ERROR] /app/src/main/java/com/skillsync/review/service/query/ReviewQueryService.java:[35,9] cannot find symbol
  symbol:   variable log
  location: class com.skillsync.review.service.query.ReviewQueryService
[ERROR] /app/src/main/java/com/skillsync/review/service/query/ReviewQueryService.java:[39,62] cannot find symbol
  symbol:   method <com.skillsync.review.dto.response.ReviewResponseDto>builder()
  location: class com.skillsync.review.dto.response.PageResponse
[ERROR] /app/src/main/java/com/skillsync/review/service/query/ReviewQueryService.java:[49,9] cannot find symbol
  symbol:   variable log
  location: class com.skillsync.review.service.query.ReviewQueryService
[ERROR] /app/src/main/java/com/skillsync/review/service/query/ReviewQueryService.java:[53,62] cannot find symbol
  symbol:   method <com.skillsync.review.dto.response.ReviewResponseDto>builder()
  location: class com.skillsync.review.dto.response.PageResponse
[ERROR] /app/src/main/java/com/skillsync/review/service/query/ReviewQueryService.java:[64,9] cannot find symbol
  symbol:   variable log
  location: class com.skillsync.review.service.query.ReviewQueryService
[ERROR] Failed to execute goal org.apache.maven.plugins:maven-compiler-plugin:3.13.0:compile (default-compile) on project review-service: Compilation failure: Compilation failure: 
[ERROR] /app/src/main/java/com/skillsync/review/entity/Review.java:[46,27] variable updatedAt is already defined in class com.skillsync.review.entity.Review
[ERROR] /app/src/main/java/com/skillsync/review/audit/AuditService.java:[23,13] cannot find symbol
[ERROR]   symbol:   variable log
[ERROR]   location: class com.skillsync.review.audit.AuditService
[ERROR] /app/src/main/java/com/skillsync/review/audit/AuditService.java:[25,13] cannot find symbol
[ERROR]   symbol:   variable log
[ERROR]   location: class com.skillsync.review.audit.AuditService
[ERROR] /app/src/main/java/com/skillsync/review/client/MentorServiceFallback.java:[18,9] cannot find symbol
[ERROR]   symbol:   variable log
[ERROR]   location: class com.skillsync.review.client.MentorServiceFallback
[ERROR] /app/src/main/java/com/skillsync/review/config/RedisConfig.java:[97,17] cannot find symbol
[ERROR]   symbol: variable log
[ERROR] /app/src/main/java/com/skillsync/review/config/RedisConfig.java:[101,17] cannot find symbol
[ERROR]   symbol: variable log
[ERROR] /app/src/main/java/com/skillsync/review/config/RedisConfig.java:[105,17] cannot find symbol
[ERROR]   symbol: variable log
[ERROR] /app/src/main/java/com/skillsync/review/config/RedisConfig.java:[109,17] cannot find symbol
[ERROR]   symbol: variable log
[ERROR] /app/src/main/java/com/skillsync/review/controller/ReviewController.java:[46,9] cannot find symbol
[ERROR]   symbol:   variable log
[ERROR]   location: class com.skillsync.review.controller.ReviewController
[ERROR] /app/src/main/java/com/skillsync/review/controller/ReviewController.java:[65,9] cannot find symbol
[ERROR]   symbol:   variable log
[ERROR]   location: class com.skillsync.review.controller.ReviewController
[ERROR] /app/src/main/java/com/skillsync/review/controller/ReviewController.java:[85,9] cannot find symbol
[ERROR]   symbol:   variable log
[ERROR]   location: class com.skillsync.review.controller.ReviewController
[ERROR] /app/src/main/java/com/skillsync/review/controller/ReviewController.java:[103,9] cannot find symbol
[ERROR]   symbol:   variable log
[ERROR]   location: class com.skillsync.review.controller.ReviewController
[ERROR] /app/src/main/java/com/skillsync/review/controller/ReviewController.java:[130,9] cannot find symbol
[ERROR]   symbol:   variable log
[ERROR]   location: class com.skillsync.review.controller.ReviewController
[ERROR] /app/src/main/java/com/skillsync/review/controller/ReviewController.java:[156,9] cannot find symbol
[ERROR]   symbol:   variable log
[ERROR]   location: class com.skillsync.review.controller.ReviewController
[ERROR] /app/src/main/java/com/skillsync/review/mapper/ReviewMapper.java:[15,15] cannot find symbol
[ERROR]   symbol:   method setLearnerId(java.lang.Long)
[ERROR]   location: variable review of type com.skillsync.review.entity.Review
[ERROR] /app/src/main/java/com/skillsync/review/mapper/ReviewMapper.java:[16,15] cannot find symbol
[ERROR]   symbol:   method setMentorId(java.lang.Long)
[ERROR]   location: variable review of type com.skillsync.review.entity.Review
[ERROR] /app/src/main/java/com/skillsync/review/mapper/ReviewMapper.java:[17,15] cannot find symbol
[ERROR]   symbol:   method setSessionId(java.lang.Long)
[ERROR]   location: variable review of type com.skillsync.review.entity.Review
[ERROR] /app/src/main/java/com/skillsync/review/mapper/ReviewMapper.java:[18,15] cannot find symbol
[ERROR]   symbol:   method setRating(java.lang.Integer)
[ERROR]   location: variable review of type com.skillsync.review.entity.Review
[ERROR] /app/src/main/java/com/skillsync/review/mapper/ReviewMapper.java:[19,15] cannot find symbol
[ERROR]   symbol:   method setComment(java.lang.String)
[ERROR]   location: variable review of type com.skillsync.review.entity.Review
[ERROR] /app/src/main/java/com/skillsync/review/mapper/ReviewMapper.java:[20,15] cannot find symbol
[ERROR]   symbol:   method setIsAnonymous(boolean)
[ERROR]   location: variable review of type com.skillsync.review.entity.Review
[ERROR] /app/src/main/java/com/skillsync/review/mapper/ReviewMapper.java:[26,15] cannot find symbol
[ERROR]   symbol:   method setRating(java.lang.Integer)
[ERROR]   location: variable review of type com.skillsync.review.entity.Review
[ERROR] /app/src/main/java/com/skillsync/review/mapper/ReviewMapper.java:[27,15] cannot find symbol
[ERROR]   symbol:   method setComment(java.lang.String)
[ERROR]   location: variable review of type com.skillsync.review.entity.Review
[ERROR] /app/src/main/java/com/skillsync/review/mapper/ReviewMapper.java:[28,15] cannot find symbol
[ERROR]   symbol:   method setIsAnonymous(boolean)
[ERROR]   location: variable review of type com.skillsync.review.entity.Review
[ERROR] /app/src/main/java/com/skillsync/review/mapper/ReviewMapper.java:[34,27] cannot find symbol
[ERROR]   symbol:   method getId()
[ERROR]   location: variable review of type com.skillsync.review.entity.Review
[ERROR] /app/src/main/java/com/skillsync/review/mapper/ReviewMapper.java:[35,33] cannot find symbol
[ERROR]   symbol:   method getMentorId()
[ERROR]   location: variable review of type com.skillsync.review.entity.Review
[ERROR] /app/src/main/java/com/skillsync/review/mapper/ReviewMapper.java:[36,34] cannot find symbol
[ERROR]   symbol:   method getLearnerId()
[ERROR]   location: variable review of type com.skillsync.review.entity.Review
[ERROR] /app/src/main/java/com/skillsync/review/mapper/ReviewMapper.java:[37,34] cannot find symbol
[ERROR]   symbol:   method getSessionId()
[ERROR]   location: variable review of type com.skillsync.review.entity.Review
[ERROR] /app/src/main/java/com/skillsync/review/mapper/ReviewMapper.java:[38,31] cannot find symbol
[ERROR]   symbol:   method getRating()
[ERROR]   location: variable review of type com.skillsync.review.entity.Review
[ERROR] /app/src/main/java/com/skillsync/review/mapper/ReviewMapper.java:[39,32] cannot find symbol
[ERROR]   symbol:   method getComment()
[ERROR]   location: variable review of type com.skillsync.review.entity.Review
[ERROR] /app/src/main/java/com/skillsync/review/mapper/ReviewMapper.java:[40,36] cannot find symbol
[ERROR]   symbol:   method getIsAnonymous()
[ERROR]   location: variable review of type com.skillsync.review.entity.Review
[ERROR] /app/src/main/java/com/skillsync/review/mapper/ReviewMapper.java:[41,34] cannot find symbol
[ERROR]   symbol:   method getCreatedAt()
[ERROR]   location: variable review of type com.skillsync.review.entity.Review
[ERROR] /app/src/main/java/com/skillsync/review/mapper/ReviewMapper.java:[42,34] cannot find symbol
[ERROR]   symbol:   method getUpdatedAt()
[ERROR]   location: variable review of type com.skillsync.review.entity.Review
[ERROR] /app/src/main/java/com/skillsync/review/service/command/ReviewCommandService.java:[29,9] cannot find symbol
[ERROR]   symbol:   variable log
[ERROR]   location: class com.skillsync.review.service.command.ReviewCommandService
[ERROR] /app/src/main/java/com/skillsync/review/service/command/ReviewCommandService.java:[41,20] cannot find symbol
[ERROR]   symbol:   method getLearnerId()
[ERROR]   location: variable review of type com.skillsync.review.entity.Review
[ERROR] /app/src/main/java/com/skillsync/review/service/command/ReviewCommandService.java:[46,32] cannot find symbol
[ERROR]   symbol:   method getMentorId()
[ERROR]   location: variable review of type com.skillsync.review.entity.Review
[ERROR] /app/src/main/java/com/skillsync/review/service/command/ReviewCommandService.java:[55,20] cannot find symbol
[ERROR]   symbol:   method getLearnerId()
[ERROR]   location: variable review of type com.skillsync.review.entity.Review
[ERROR] /app/src/main/java/com/skillsync/review/service/command/ReviewCommandService.java:[59,32] cannot find symbol
[ERROR]   symbol:   method getMentorId()
[ERROR]   location: variable review of type com.skillsync.review.entity.Review
[ERROR] /app/src/main/java/com/skillsync/review/service/command/ReviewCommandService.java:[67,17] cannot find symbol
[ERROR]   symbol:   variable log
[ERROR]   location: class com.skillsync.review.service.command.ReviewCommandService
[ERROR] /app/src/main/java/com/skillsync/review/service/command/ReviewCommandService.java:[70,13] cannot find symbol
[ERROR]   symbol:   variable log
[ERROR]   location: class com.skillsync.review.service.command.ReviewCommandService
[ERROR] /app/src/main/java/com/skillsync/review/service/query/ReviewQueryService.java:[28,9] cannot find symbol
[ERROR]   symbol:   variable log
[ERROR]   location: class com.skillsync.review.service.query.ReviewQueryService
[ERROR] /app/src/main/java/com/skillsync/review/service/query/ReviewQueryService.java:[35,9] cannot find symbol
[ERROR]   symbol:   variable log
[ERROR]   location: class com.skillsync.review.service.query.ReviewQueryService
[ERROR] /app/src/main/java/com/skillsync/review/service/query/ReviewQueryService.java:[39,62] cannot find symbol
[ERROR]   symbol:   method <com.skillsync.review.dto.response.ReviewResponseDto>builder()
[ERROR]   location: class com.skillsync.review.dto.response.PageResponse
[ERROR] /app/src/main/java/com/skillsync/review/service/query/ReviewQueryService.java:[49,9] cannot find symbol
[ERROR]   symbol:   variable log
[ERROR]   location: class com.skillsync.review.service.query.ReviewQueryService
[ERROR] /app/src/main/java/com/skillsync/review/service/query/ReviewQueryService.java:[53,62] cannot find symbol
[ERROR]   symbol:   method <com.skillsync.review.dto.response.ReviewResponseDto>builder()
[ERROR]   location: class com.skillsync.review.dto.response.PageResponse
[ERROR] /app/src/main/java/com/skillsync/review/service/query/ReviewQueryService.java:[64,9] cannot find symbol
[ERROR]   symbol:   variable log
[ERROR]   location: class com.skillsync.review.service.query.ReviewQueryService
[ERROR] -> [Help 1]
[ERROR] 
[ERROR] To see the full stack trace of the errors, re-run Maven with the -e switch.
[ERROR] Re-run Maven using the -X switch to enable full debug logging.
[ERROR] 
[ERROR] For more information about the errors and possible solutions, please read the following articles:
[ERROR] [Help 1] http://cwiki.apache.org/confluence/display/MAVEN/MojoFailureException
[ERROR] COMPILATION ERROR : 
[ERROR] /app/src/main/java/com/skillsync/payment/entity/PaymentSaga.java:[82,27] variable updatedAt is already defined in class com.skillsync.payment.entity.PaymentSaga
[ERROR] /app/src/main/java/com/skillsync/payment/audit/AuditService.java:[23,13] cannot find symbol
  symbol:   variable log
  location: class com.skillsync.payment.audit.AuditService
[ERROR] /app/src/main/java/com/skillsync/payment/audit/AuditService.java:[25,13] cannot find symbol
  symbol:   variable log
  location: class com.skillsync.payment.audit.AuditService
[ERROR] /app/src/main/java/com/skillsync/payment/client/MentorServiceClient.java:[20,13] cannot find symbol
  symbol:   variable log
  location: class com.skillsync.payment.client.MentorServiceClient.MentorServiceFallback
[ERROR] /app/src/main/java/com/skillsync/payment/client/SessionServiceClient.java:[27,13] cannot find symbol
  symbol:   variable log
  location: class com.skillsync.payment.client.SessionServiceClient.SessionServiceFallback
[ERROR] /app/src/main/java/com/skillsync/payment/client/SessionServiceClient.java:[33,13] cannot find symbol
  symbol:   variable log
  location: class com.skillsync.payment.client.SessionServiceClient.SessionServiceFallback
[ERROR] /app/src/main/java/com/skillsync/payment/controller/PaymentController.java:[35,9] cannot find symbol
  symbol:   variable log
  location: class com.skillsync.payment.controller.PaymentController
[ERROR] /app/src/main/java/com/skillsync/payment/saga/SagaOrchestrator.java:[51,13] cannot find symbol
  symbol:   variable log
  location: class com.skillsync.payment.saga.SagaOrchestrator
[ERROR] /app/src/main/java/com/skillsync/payment/saga/SagaOrchestrator.java:[59,37] cannot find symbol
  symbol:   method getStatus()
  location: variable saga of type com.skillsync.payment.entity.PaymentSaga
[ERROR] /app/src/main/java/com/skillsync/payment/saga/SagaOrchestrator.java:[62,17] cannot find symbol
  symbol:   variable log
  location: class com.skillsync.payment.saga.SagaOrchestrator
[ERROR] /app/src/main/java/com/skillsync/payment/saga/SagaOrchestrator.java:[69,13] cannot find symbol
  symbol:   variable log
  location: class com.skillsync.payment.saga.SagaOrchestrator
[ERROR] /app/src/main/java/com/skillsync/payment/saga/SagaOrchestrator.java:[76,13] cannot find symbol
  symbol:   variable log
  location: class com.skillsync.payment.saga.SagaOrchestrator
[ERROR] /app/src/main/java/com/skillsync/payment/saga/SagaOrchestrator.java:[76,70] cannot find symbol
  symbol:   method getStatus()
  location: variable saga of type com.skillsync.payment.entity.PaymentSaga
[ERROR] /app/src/main/java/com/skillsync/payment/saga/SagaOrchestrator.java:[78,21] cannot find symbol
  symbol:   method getStatus()
  location: variable saga of type com.skillsync.payment.entity.PaymentSaga
[ERROR] /app/src/main/java/com/skillsync/payment/saga/SagaOrchestrator.java:[79,21] cannot find symbol
  symbol:   method setStatus(com.skillsync.payment.enums.SagaStatus)
  location: variable saga of type com.skillsync.payment.entity.PaymentSaga
[ERROR] /app/src/main/java/com/skillsync/payment/saga/SagaOrchestrator.java:[80,21] cannot find symbol
  symbol:   method setFailureReason(<nulltype>)
  location: variable saga of type com.skillsync.payment.entity.PaymentSaga
[ERROR] /app/src/main/java/com/skillsync/payment/saga/SagaOrchestrator.java:[81,21] cannot find symbol
  symbol:   method setPaymentReference(<nulltype>)
  location: variable saga of type com.skillsync.payment.entity.PaymentSaga
[ERROR] /app/src/main/java/com/skillsync/payment/saga/SagaOrchestrator.java:[84,42] cannot find symbol
  symbol:   method getSessionId()
  location: variable saga of type com.skillsync.payment.entity.PaymentSaga
[ERROR] /app/src/main/java/com/skillsync/payment/saga/SagaOrchestrator.java:[84,63] cannot find symbol
  symbol:   method getMentorId()
  location: variable saga of type com.skillsync.payment.entity.PaymentSaga
[ERROR] /app/src/main/java/com/skillsync/payment/saga/SagaOrchestrator.java:[84,83] cannot find symbol
  symbol:   method getLearnerId()
  location: variable saga of type com.skillsync.payment.entity.PaymentSaga
[ERROR] /app/src/main/java/com/skillsync/payment/saga/SagaOrchestrator.java:[88,9] cannot find symbol
  symbol:   variable log
  location: class com.skillsync.payment.saga.SagaOrchestrator
[ERROR] /app/src/main/java/com/skillsync/payment/saga/SagaOrchestrator.java:[90,13] cannot find symbol
  symbol:   method setStatus(com.skillsync.payment.enums.SagaStatus)
  location: variable saga of type com.skillsync.payment.entity.PaymentSaga
[ERROR] /app/src/main/java/com/skillsync/payment/saga/SagaOrchestrator.java:[94,68] cannot find symbol
  symbol:   method getSessionId()
  location: variable saga of type com.skillsync.payment.entity.PaymentSaga
[ERROR] /app/src/main/java/com/skillsync/payment/saga/SagaOrchestrator.java:[93,45] cannot find symbol
  symbol:   method getId()
  location: variable saga of type com.skillsync.payment.entity.PaymentSaga
[ERROR] /app/src/main/java/com/skillsync/payment/saga/SagaOrchestrator.java:[94,21] cannot find symbol
  symbol:   method getLearnerId()
  location: variable saga of type com.skillsync.payment.entity.PaymentSaga
[ERROR] /app/src/main/java/com/skillsync/payment/saga/SagaOrchestrator.java:[96,38] cannot find symbol
  symbol:   method getSessionId()
  location: variable saga of type com.skillsync.payment.entity.PaymentSaga
[ERROR] /app/src/main/java/com/skillsync/payment/saga/SagaOrchestrator.java:[96,59] cannot find symbol
  symbol:   method getMentorId()
  location: variable saga of type com.skillsync.payment.entity.PaymentSaga
[ERROR] /app/src/main/java/com/skillsync/payment/saga/SagaOrchestrator.java:[96,79] cannot find symbol
  symbol:   method getLearnerId()
  location: variable saga of type com.skillsync.payment.entity.PaymentSaga
[ERROR] /app/src/main/java/com/skillsync/payment/saga/SagaOrchestrator.java:[106,21] cannot find symbol
  symbol:   variable log
  location: class com.skillsync.payment.saga.SagaOrchestrator
[ERROR] /app/src/main/java/com/skillsync/payment/saga/SagaOrchestrator.java:[108,22] cannot find symbol
  symbol:   method setSessionId(java.lang.Long)
  location: variable s of type com.skillsync.payment.entity.PaymentSaga
[ERROR] /app/src/main/java/com/skillsync/payment/saga/SagaOrchestrator.java:[109,22] cannot find symbol
  symbol:   method setMentorId(java.lang.Long)
  location: variable s of type com.skillsync.payment.entity.PaymentSaga
[ERROR] /app/src/main/java/com/skillsync/payment/saga/SagaOrchestrator.java:[110,22] cannot find symbol
  symbol:   method setLearnerId(java.lang.Long)
  location: variable s of type com.skillsync.payment.entity.PaymentSaga
[ERROR] /app/src/main/java/com/skillsync/payment/saga/SagaOrchestrator.java:[111,22] cannot find symbol
  symbol:   method setCorrelationId(java.lang.String)
  location: variable s of type com.skillsync.payment.entity.PaymentSaga
[ERROR] /app/src/main/java/com/skillsync/payment/saga/SagaOrchestrator.java:[112,22] cannot find symbol
  symbol:   method setStatus(com.skillsync.payment.enums.SagaStatus)
  location: variable s of type com.skillsync.payment.entity.PaymentSaga
[ERROR] /app/src/main/java/com/skillsync/payment/saga/SagaOrchestrator.java:[116,17] cannot find symbol
  symbol:   method getStatus()
  location: variable saga of type com.skillsync.payment.entity.PaymentSaga
[ERROR] /app/src/main/java/com/skillsync/payment/saga/SagaOrchestrator.java:[117,13] cannot find symbol
  symbol:   variable log
  location: class com.skillsync.payment.saga.SagaOrchestrator
[ERROR] /app/src/main/java/com/skillsync/payment/saga/SagaOrchestrator.java:[118,25] cannot find symbol
  symbol:   method getCorrelationId()
  location: variable saga of type com.skillsync.payment.entity.PaymentSaga
[ERROR] /app/src/main/java/com/skillsync/payment/saga/SagaOrchestrator.java:[118,50] cannot find symbol
  symbol:   method getStatus()
  location: variable saga of type com.skillsync.payment.entity.PaymentSaga
[ERROR] /app/src/main/java/com/skillsync/payment/saga/SagaOrchestrator.java:[123,57] cannot find symbol
  symbol:   method getMentorId()
  location: variable saga of type com.skillsync.payment.entity.PaymentSaga
[ERROR] /app/src/main/java/com/skillsync/payment/saga/SagaOrchestrator.java:[124,17] cannot find symbol
  symbol:   method setHourlyRate(java.math.BigDecimal)
  location: variable saga of type com.skillsync.payment.entity.PaymentSaga
[ERROR] /app/src/main/java/com/skillsync/payment/saga/SagaOrchestrator.java:[125,63] cannot find symbol
  symbol:   method getDurationMinutes()
  location: variable saga of type com.skillsync.payment.entity.PaymentSaga
[ERROR] /app/src/main/java/com/skillsync/payment/saga/SagaOrchestrator.java:[128,17] cannot find symbol
  symbol:   method setAmount(java.math.BigDecimal)
  location: variable saga of type com.skillsync.payment.entity.PaymentSaga
[ERROR] /app/src/main/java/com/skillsync/payment/saga/SagaOrchestrator.java:[129,71] cannot find symbol
  symbol:   method getCorrelationId()
  location: variable saga of type com.skillsync.payment.entity.PaymentSaga
[ERROR] /app/src/main/java/com/skillsync/payment/saga/SagaOrchestrator.java:[130,17] cannot find symbol
  symbol:   method setPaymentReference(java.lang.String)
  location: variable saga of type com.skillsync.payment.entity.PaymentSaga
[ERROR] /app/src/main/java/com/skillsync/payment/saga/SagaOrchestrator.java:[131,17] cannot find symbol
  symbol:   method setStatus(com.skillsync.payment.enums.SagaStatus)
  location: variable saga of type com.skillsync.payment.entity.PaymentSaga
[ERROR] /app/src/main/java/com/skillsync/payment/saga/SagaOrchestrator.java:[133,49] cannot find symbol
  symbol:   method getId()
  location: variable saga of type com.skillsync.payment.entity.PaymentSaga
[ERROR] /app/src/main/java/com/skillsync/payment/saga/SagaOrchestrator.java:[134,25] cannot find symbol
  symbol:   method getLearnerId()
  location: variable saga of type com.skillsync.payment.entity.PaymentSaga
[ERROR] /app/src/main/java/com/skillsync/payment/saga/SagaOrchestrator.java:[135,13] cannot find symbol
  symbol:   variable log
  location: class com.skillsync.payment.saga.SagaOrchestrator
[ERROR] /app/src/main/java/com/skillsync/payment/saga/SagaOrchestrator.java:[136,25] cannot find symbol
  symbol:   method getCorrelationId()
  location: variable saga of type com.skillsync.payment.entity.PaymentSaga
[ERROR] /app/src/main/java/com/skillsync/payment/saga/SagaOrchestrator.java:[138,13] cannot find symbol
  symbol:   variable log
  location: class com.skillsync.payment.saga.SagaOrchestrator
[ERROR] /app/src/main/java/com/skillsync/payment/saga/SagaOrchestrator.java:[138,77] cannot find symbol
  symbol:   method getCorrelationId()
  location: variable saga of type com.skillsync.payment.entity.PaymentSaga
[ERROR] /app/src/main/java/com/skillsync/payment/saga/SagaOrchestrator.java:[139,17] cannot find symbol
  symbol:   method setStatus(com.skillsync.payment.enums.SagaStatus)
  location: variable saga of type com.skillsync.payment.entity.PaymentSaga
[ERROR] /app/src/main/java/com/skillsync/payment/saga/SagaOrchestrator.java:[140,17] cannot find symbol
  symbol:   method setFailureReason(java.lang.String)
  location: variable saga of type com.skillsync.payment.entity.PaymentSaga
[ERROR] /app/src/main/java/com/skillsync/payment/saga/SagaOrchestrator.java:[155,17] cannot find symbol
  symbol:   method getStatus()
  location: variable saga of type com.skillsync.payment.entity.PaymentSaga
[ERROR] /app/src/main/java/com/skillsync/payment/saga/SagaOrchestrator.java:[156,13] cannot find symbol
  symbol:   variable log
  location: class com.skillsync.payment.saga.SagaOrchestrator
[ERROR] /app/src/main/java/com/skillsync/payment/saga/SagaOrchestrator.java:[156,68] cannot find symbol
  symbol:   method getCorrelationId()
  location: variable saga of type com.skillsync.payment.entity.PaymentSaga
[ERROR] /app/src/main/java/com/skillsync/payment/saga/SagaOrchestrator.java:[156,93] cannot find symbol
  symbol:   method getStatus()
  location: variable saga of type com.skillsync.payment.entity.PaymentSaga
[ERROR] /app/src/main/java/com/skillsync/payment/saga/SagaOrchestrator.java:[160,13] cannot find symbol
  symbol:   method setStatus(com.skillsync.payment.enums.SagaStatus)
  location: variable saga of type com.skillsync.payment.entity.PaymentSaga
[ERROR] /app/src/main/java/com/skillsync/payment/saga/SagaOrchestrator.java:[169,17] cannot find symbol
  symbol:   method setPaymentReference(java.lang.String)
  location: variable saga of type com.skillsync.payment.entity.PaymentSaga
[ERROR] /app/src/main/java/com/skillsync/payment/saga/SagaOrchestrator.java:[170,17] cannot find symbol
  symbol:   method setStatus(com.skillsync.payment.enums.SagaStatus)
  location: variable saga of type com.skillsync.payment.entity.PaymentSaga
[ERROR] /app/src/main/java/com/skillsync/payment/saga/SagaOrchestrator.java:[172,37] cannot find symbol
  symbol:   method getSessionId()
  location: variable saga of type com.skillsync.payment.entity.PaymentSaga
[ERROR] /app/src/main/java/com/skillsync/payment/saga/SagaOrchestrator.java:[173,49] cannot find symbol
  symbol:   method getId()
  location: variable saga of type com.skillsync.payment.entity.PaymentSaga
[ERROR] /app/src/main/java/com/skillsync/payment/saga/SagaOrchestrator.java:[174,25] cannot find symbol
  symbol:   method getLearnerId()
  location: variable saga of type com.skillsync.payment.entity.PaymentSaga
[ERROR] /app/src/main/java/com/skillsync/payment/saga/SagaOrchestrator.java:[175,13] cannot find symbol
  symbol:   variable log
  location: class com.skillsync.payment.saga.SagaOrchestrator
[ERROR] /app/src/main/java/com/skillsync/payment/saga/SagaOrchestrator.java:[176,25] cannot find symbol
  symbol:   method getCorrelationId()
  location: variable saga of type com.skillsync.payment.entity.PaymentSaga
[ERROR] /app/src/main/java/com/skillsync/payment/saga/SagaOrchestrator.java:[176,70] cannot find symbol
  symbol:   method getSessionId()
  location: variable saga of type com.skillsync.payment.entity.PaymentSaga
[ERROR] /app/src/main/java/com/skillsync/payment/saga/SagaOrchestrator.java:[178,13] cannot find symbol
  symbol:   variable log
  location: class com.skillsync.payment.saga.SagaOrchestrator
[ERROR] /app/src/main/java/com/skillsync/payment/saga/SagaOrchestrator.java:[178,73] cannot find symbol
  symbol:   method getCorrelationId()
  location: variable saga of type com.skillsync.payment.entity.PaymentSaga
[ERROR] /app/src/main/java/com/skillsync/payment/saga/SagaOrchestrator.java:[179,17] cannot find symbol
  symbol:   method setStatus(com.skillsync.payment.enums.SagaStatus)
  location: variable saga of type com.skillsync.payment.entity.PaymentSaga
[ERROR] /app/src/main/java/com/skillsync/payment/saga/SagaOrchestrator.java:[180,17] cannot find symbol
  symbol:   method setFailureReason(java.lang.String)
  location: variable saga of type com.skillsync.payment.entity.PaymentSaga
[ERROR] /app/src/main/java/com/skillsync/payment/saga/SagaOrchestrator.java:[183,41] cannot find symbol
  symbol:   method getSessionId()
  location: variable saga of type com.skillsync.payment.entity.PaymentSaga
[ERROR] /app/src/main/java/com/skillsync/payment/saga/SagaOrchestrator.java:[185,17] cannot find symbol
  symbol:   variable log
  location: class com.skillsync.payment.saga.SagaOrchestrator
[ERROR] /app/src/main/java/com/skillsync/payment/saga/SagaOrchestrator.java:[186,29] cannot find symbol
  symbol:   method getCorrelationId()
  location: variable saga of type com.skillsync.payment.entity.PaymentSaga
[ERROR] /app/src/main/java/com/skillsync/payment/saga/SagaOrchestrator.java:[201,17] cannot find symbol
  symbol:   method getStatus()
  location: variable saga of type com.skillsync.payment.entity.PaymentSaga
[ERROR] /app/src/main/java/com/skillsync/payment/saga/SagaOrchestrator.java:[202,13] cannot find symbol
  symbol:   variable log
  location: class com.skillsync.payment.saga.SagaOrchestrator
[ERROR] /app/src/main/java/com/skillsync/payment/saga/SagaOrchestrator.java:[203,25] cannot find symbol
  symbol:   method getCorrelationId()
  location: variable saga of type com.skillsync.payment.entity.PaymentSaga
[ERROR] /app/src/main/java/com/skillsync/payment/saga/SagaOrchestrator.java:[203,50] cannot find symbol
  symbol:   method getStatus()
  location: variable saga of type com.skillsync.payment.entity.PaymentSaga
[ERROR] /app/src/main/java/com/skillsync/payment/saga/SagaOrchestrator.java:[207,17] cannot find symbol
  symbol:   method getStatus()
  location: variable saga of type com.skillsync.payment.entity.PaymentSaga
[ERROR] /app/src/main/java/com/skillsync/payment/saga/SagaOrchestrator.java:[207,60] cannot find symbol
  symbol:   method getStatus()
  location: variable saga of type com.skillsync.payment.entity.PaymentSaga
[ERROR] /app/src/main/java/com/skillsync/payment/saga/SagaOrchestrator.java:[208,13] cannot find symbol
  symbol:   variable log
  location: class com.skillsync.payment.saga.SagaOrchestrator
[ERROR] /app/src/main/java/com/skillsync/payment/saga/SagaOrchestrator.java:[208,65] cannot find symbol
  symbol:   method getCorrelationId()
  location: variable saga of type com.skillsync.payment.entity.PaymentSaga
[ERROR] /app/src/main/java/com/skillsync/payment/saga/SagaOrchestrator.java:[212,13] cannot find symbol
  symbol:   method setStatus(com.skillsync.payment.enums.SagaStatus)
  location: variable saga of type com.skillsync.payment.entity.PaymentSaga
[ERROR] /app/src/main/java/com/skillsync/payment/saga/SagaOrchestrator.java:[216,59] cannot find symbol
  symbol:   method getPaymentReference()
  location: variable saga of type com.skillsync.payment.entity.PaymentSaga
[ERROR] /app/src/main/java/com/skillsync/payment/saga/SagaOrchestrator.java:[216,87] cannot find symbol
  symbol:   method getAmount()
  location: variable saga of type com.skillsync.payment.entity.PaymentSaga
[ERROR] /app/src/main/java/com/skillsync/payment/saga/SagaOrchestrator.java:[217,17] cannot find symbol
  symbol:   method setRefundReference(java.lang.String)
  location: variable saga of type com.skillsync.payment.entity.PaymentSaga
[ERROR] /app/src/main/java/com/skillsync/payment/saga/SagaOrchestrator.java:[218,17] cannot find symbol
  symbol:   method setStatus(com.skillsync.payment.enums.SagaStatus)
  location: variable saga of type com.skillsync.payment.entity.PaymentSaga
[ERROR] /app/src/main/java/com/skillsync/payment/saga/SagaOrchestrator.java:[221,49] cannot find symbol
  symbol:   method getId()
  location: variable saga of type com.skillsync.payment.entity.PaymentSaga
[ERROR] /app/src/main/java/com/skillsync/payment/saga/SagaOrchestrator.java:[222,25] cannot find symbol
  symbol:   method getLearnerId()
  location: variable saga of type com.skillsync.payment.entity.PaymentSaga
[ERROR] /app/src/main/java/com/skillsync/payment/saga/SagaOrchestrator.java:[223,13] cannot find symbol
  symbol:   variable log
  location: class com.skillsync.payment.saga.SagaOrchestrator
[ERROR] /app/src/main/java/com/skillsync/payment/saga/SagaOrchestrator.java:[223,70] cannot find symbol
  symbol:   method getCorrelationId()
  location: variable saga of type com.skillsync.payment.entity.PaymentSaga
[ERROR] /app/src/main/java/com/skillsync/payment/saga/SagaOrchestrator.java:[225,13] cannot find symbol
  symbol:   variable log
  location: class com.skillsync.payment.saga.SagaOrchestrator
[ERROR] /app/src/main/java/com/skillsync/payment/saga/SagaOrchestrator.java:[225,59] cannot find symbol
  symbol:   method getCorrelationId()
  location: variable saga of type com.skillsync.payment.entity.PaymentSaga
[ERROR] /app/src/main/java/com/skillsync/payment/saga/SagaOrchestrator.java:[226,17] cannot find symbol
  symbol:   method setStatus(com.skillsync.payment.enums.SagaStatus)
  location: variable saga of type com.skillsync.payment.entity.PaymentSaga
[ERROR] /app/src/main/java/com/skillsync/payment/saga/SagaOrchestrator.java:[227,17] cannot find symbol
  symbol:   method setFailureReason(java.lang.String)
  location: variable saga of type com.skillsync.payment.entity.PaymentSaga
[ERROR] /app/src/main/java/com/skillsync/payment/saga/SagaOrchestrator.java:[240,21] cannot find symbol
  symbol:   method getStatus()
  location: variable saga of type com.skillsync.payment.entity.PaymentSaga
[ERROR] /app/src/main/java/com/skillsync/payment/saga/SagaOrchestrator.java:[241,21] cannot find symbol
  symbol:   method setStatus(com.skillsync.payment.enums.SagaStatus)
  location: variable saga of type com.skillsync.payment.entity.PaymentSaga
[ERROR] /app/src/main/java/com/skillsync/payment/saga/SagaOrchestrator.java:[243,17] cannot find symbol
  symbol:   variable log
  location: class com.skillsync.payment.saga.SagaOrchestrator
[ERROR] /app/src/main/java/com/skillsync/payment/saga/SagaOrchestrator.java:[244,29] cannot find symbol
  symbol:   method getCorrelationId()
  location: variable saga of type com.skillsync.payment.entity.PaymentSaga
[ERROR] /app/src/main/java/com/skillsync/payment/saga/SagaOrchestrator.java:[258,17] cannot find symbol
  symbol:   method getStatus()
  location: variable saga of type com.skillsync.payment.entity.PaymentSaga
[ERROR] /app/src/main/java/com/skillsync/payment/saga/SagaOrchestrator.java:[262,21] cannot find symbol
  symbol:   variable log
  location: class com.skillsync.payment.saga.SagaOrchestrator
[ERROR] Failed to execute goal org.apache.maven.plugins:maven-compiler-plugin:3.13.0:compile (default-compile) on project payment-gateway-diagnostic: Compilation failure: Compilation failure: 
[ERROR] /app/src/main/java/com/skillsync/payment/entity/PaymentSaga.java:[82,27] variable updatedAt is already defined in class com.skillsync.payment.entity.PaymentSaga
[ERROR] /app/src/main/java/com/skillsync/payment/audit/AuditService.java:[23,13] cannot find symbol
[ERROR]   symbol:   variable log
[ERROR]   location: class com.skillsync.payment.audit.AuditService
[ERROR] /app/src/main/java/com/skillsync/payment/audit/AuditService.java:[25,13] cannot find symbol
[ERROR]   symbol:   variable log
[ERROR]   location: class com.skillsync.payment.audit.AuditService
[ERROR] /app/src/main/java/com/skillsync/payment/client/MentorServiceClient.java:[20,13] cannot find symbol
[ERROR]   symbol:   variable log
[ERROR]   location: class com.skillsync.payment.client.MentorServiceClient.MentorServiceFallback
[ERROR] /app/src/main/java/com/skillsync/payment/client/SessionServiceClient.java:[27,13] cannot find symbol
[ERROR]   symbol:   variable log
[ERROR]   location: class com.skillsync.payment.client.SessionServiceClient.SessionServiceFallback
[ERROR] /app/src/main/java/com/skillsync/payment/client/SessionServiceClient.java:[33,13] cannot find symbol
[ERROR]   symbol:   variable log
[ERROR]   location: class com.skillsync.payment.client.SessionServiceClient.SessionServiceFallback
[ERROR] /app/src/main/java/com/skillsync/payment/controller/PaymentController.java:[35,9] cannot find symbol
[ERROR]   symbol:   variable log
[ERROR]   location: class com.skillsync.payment.controller.PaymentController
[ERROR] /app/src/main/java/com/skillsync/payment/saga/SagaOrchestrator.java:[51,13] cannot find symbol
[ERROR]   symbol:   variable log
[ERROR]   location: class com.skillsync.payment.saga.SagaOrchestrator
[ERROR] /app/src/main/java/com/skillsync/payment/saga/SagaOrchestrator.java:[59,37] cannot find symbol
[ERROR]   symbol:   method getStatus()
[ERROR]   location: variable saga of type com.skillsync.payment.entity.PaymentSaga
[ERROR] /app/src/main/java/com/skillsync/payment/saga/SagaOrchestrator.java:[62,17] cannot find symbol
[ERROR]   symbol:   variable log
[ERROR]   location: class com.skillsync.payment.saga.SagaOrchestrator
[ERROR] /app/src/main/java/com/skillsync/payment/saga/SagaOrchestrator.java:[69,13] cannot find symbol
[ERROR]   symbol:   variable log
[ERROR]   location: class com.skillsync.payment.saga.SagaOrchestrator
[ERROR] /app/src/main/java/com/skillsync/payment/saga/SagaOrchestrator.java:[76,13] cannot find symbol
[ERROR]   symbol:   variable log
[ERROR]   location: class com.skillsync.payment.saga.SagaOrchestrator
[ERROR] /app/src/main/java/com/skillsync/payment/saga/SagaOrchestrator.java:[76,70] cannot find symbol
[ERROR]   symbol:   method getStatus()
[ERROR]   location: variable saga of type com.skillsync.payment.entity.PaymentSaga
[ERROR] /app/src/main/java/com/skillsync/payment/saga/SagaOrchestrator.java:[78,21] cannot find symbol
[ERROR]   symbol:   method getStatus()
[ERROR]   location: variable saga of type com.skillsync.payment.entity.PaymentSaga
[ERROR] /app/src/main/java/com/skillsync/payment/saga/SagaOrchestrator.java:[79,21] cannot find symbol
[ERROR]   symbol:   method setStatus(com.skillsync.payment.enums.SagaStatus)
[ERROR]   location: variable saga of type com.skillsync.payment.entity.PaymentSaga
[ERROR] /app/src/main/java/com/skillsync/payment/saga/SagaOrchestrator.java:[80,21] cannot find symbol
[ERROR]   symbol:   method setFailureReason(<nulltype>)
[ERROR]   location: variable saga of type com.skillsync.payment.entity.PaymentSaga
[ERROR] /app/src/main/java/com/skillsync/payment/saga/SagaOrchestrator.java:[81,21] cannot find symbol
[ERROR]   symbol:   method setPaymentReference(<nulltype>)
[ERROR]   location: variable saga of type com.skillsync.payment.entity.PaymentSaga
[ERROR] /app/src/main/java/com/skillsync/payment/saga/SagaOrchestrator.java:[84,42] cannot find symbol
[ERROR]   symbol:   method getSessionId()
[ERROR]   location: variable saga of type com.skillsync.payment.entity.PaymentSaga
[ERROR] /app/src/main/java/com/skillsync/payment/saga/SagaOrchestrator.java:[84,63] cannot find symbol
[ERROR]   symbol:   method getMentorId()
[ERROR]   location: variable saga of type com.skillsync.payment.entity.PaymentSaga
[ERROR] /app/src/main/java/com/skillsync/payment/saga/SagaOrchestrator.java:[84,83] cannot find symbol
[ERROR]   symbol:   method getLearnerId()
[ERROR]   location: variable saga of type com.skillsync.payment.entity.PaymentSaga
[ERROR] /app/src/main/java/com/skillsync/payment/saga/SagaOrchestrator.java:[88,9] cannot find symbol
[ERROR]   symbol:   variable log
[ERROR]   location: class com.skillsync.payment.saga.SagaOrchestrator
[ERROR] /app/src/main/java/com/skillsync/payment/saga/SagaOrchestrator.java:[90,13] cannot find symbol
[ERROR]   symbol:   method setStatus(com.skillsync.payment.enums.SagaStatus)
[ERROR]   location: variable saga of type com.skillsync.payment.entity.PaymentSaga
[ERROR] /app/src/main/java/com/skillsync/payment/saga/SagaOrchestrator.java:[94,68] cannot find symbol
[ERROR]   symbol:   method getSessionId()
[ERROR]   location: variable saga of type com.skillsync.payment.entity.PaymentSaga
[ERROR] /app/src/main/java/com/skillsync/payment/saga/SagaOrchestrator.java:[93,45] cannot find symbol
[ERROR]   symbol:   method getId()
[ERROR]   location: variable saga of type com.skillsync.payment.entity.PaymentSaga
[ERROR] /app/src/main/java/com/skillsync/payment/saga/SagaOrchestrator.java:[94,21] cannot find symbol
[ERROR]   symbol:   method getLearnerId()
[ERROR]   location: variable saga of type com.skillsync.payment.entity.PaymentSaga
[ERROR] /app/src/main/java/com/skillsync/payment/saga/SagaOrchestrator.java:[96,38] cannot find symbol
[ERROR]   symbol:   method getSessionId()
[ERROR]   location: variable saga of type com.skillsync.payment.entity.PaymentSaga
[ERROR] /app/src/main/java/com/skillsync/payment/saga/SagaOrchestrator.java:[96,59] cannot find symbol
[ERROR]   symbol:   method getMentorId()
[ERROR]   location: variable saga of type com.skillsync.payment.entity.PaymentSaga
[ERROR] /app/src/main/java/com/skillsync/payment/saga/SagaOrchestrator.java:[96,79] cannot find symbol
[ERROR]   symbol:   method getLearnerId()
[ERROR]   location: variable saga of type com.skillsync.payment.entity.PaymentSaga
[ERROR] /app/src/main/java/com/skillsync/payment/saga/SagaOrchestrator.java:[106,21] cannot find symbol
[ERROR]   symbol:   variable log
[ERROR]   location: class com.skillsync.payment.saga.SagaOrchestrator
[ERROR] /app/src/main/java/com/skillsync/payment/saga/SagaOrchestrator.java:[108,22] cannot find symbol
[ERROR]   symbol:   method setSessionId(java.lang.Long)
[ERROR]   location: variable s of type com.skillsync.payment.entity.PaymentSaga
[ERROR] /app/src/main/java/com/skillsync/payment/saga/SagaOrchestrator.java:[109,22] cannot find symbol
[ERROR]   symbol:   method setMentorId(java.lang.Long)
[ERROR]   location: variable s of type com.skillsync.payment.entity.PaymentSaga
[ERROR] /app/src/main/java/com/skillsync/payment/saga/SagaOrchestrator.java:[110,22] cannot find symbol
[ERROR]   symbol:   method setLearnerId(java.lang.Long)
[ERROR]   location: variable s of type com.skillsync.payment.entity.PaymentSaga
[ERROR] /app/src/main/java/com/skillsync/payment/saga/SagaOrchestrator.java:[111,22] cannot find symbol
[ERROR]   symbol:   method setCorrelationId(java.lang.String)
[ERROR]   location: variable s of type com.skillsync.payment.entity.PaymentSaga
[ERROR] /app/src/main/java/com/skillsync/payment/saga/SagaOrchestrator.java:[112,22] cannot find symbol
[ERROR]   symbol:   method setStatus(com.skillsync.payment.enums.SagaStatus)
[ERROR]   location: variable s of type com.skillsync.payment.entity.PaymentSaga
[ERROR] /app/src/main/java/com/skillsync/payment/saga/SagaOrchestrator.java:[116,17] cannot find symbol
[ERROR]   symbol:   method getStatus()
[ERROR]   location: variable saga of type com.skillsync.payment.entity.PaymentSaga
[ERROR] /app/src/main/java/com/skillsync/payment/saga/SagaOrchestrator.java:[117,13] cannot find symbol
[ERROR]   symbol:   variable log
[ERROR]   location: class com.skillsync.payment.saga.SagaOrchestrator
[ERROR] /app/src/main/java/com/skillsync/payment/saga/SagaOrchestrator.java:[118,25] cannot find symbol
[ERROR]   symbol:   method getCorrelationId()
[ERROR]   location: variable saga of type com.skillsync.payment.entity.PaymentSaga
[ERROR] /app/src/main/java/com/skillsync/payment/saga/SagaOrchestrator.java:[118,50] cannot find symbol
[ERROR]   symbol:   method getStatus()
[ERROR]   location: variable saga of type com.skillsync.payment.entity.PaymentSaga
[ERROR] /app/src/main/java/com/skillsync/payment/saga/SagaOrchestrator.java:[123,57] cannot find symbol
[ERROR]   symbol:   method getMentorId()
[ERROR]   location: variable saga of type com.skillsync.payment.entity.PaymentSaga
[ERROR] /app/src/main/java/com/skillsync/payment/saga/SagaOrchestrator.java:[124,17] cannot find symbol
[ERROR]   symbol:   method setHourlyRate(java.math.BigDecimal)
[ERROR]   location: variable saga of type com.skillsync.payment.entity.PaymentSaga
[ERROR] /app/src/main/java/com/skillsync/payment/saga/SagaOrchestrator.java:[125,63] cannot find symbol
[ERROR]   symbol:   method getDurationMinutes()
[ERROR]   location: variable saga of type com.skillsync.payment.entity.PaymentSaga
[ERROR] /app/src/main/java/com/skillsync/payment/saga/SagaOrchestrator.java:[128,17] cannot find symbol
[ERROR]   symbol:   method setAmount(java.math.BigDecimal)
[ERROR]   location: variable saga of type com.skillsync.payment.entity.PaymentSaga
[ERROR] /app/src/main/java/com/skillsync/payment/saga/SagaOrchestrator.java:[129,71] cannot find symbol
[ERROR]   symbol:   method getCorrelationId()
[ERROR]   location: variable saga of type com.skillsync.payment.entity.PaymentSaga
[ERROR] /app/src/main/java/com/skillsync/payment/saga/SagaOrchestrator.java:[130,17] cannot find symbol
[ERROR]   symbol:   method setPaymentReference(java.lang.String)
[ERROR]   location: variable saga of type com.skillsync.payment.entity.PaymentSaga
[ERROR] /app/src/main/java/com/skillsync/payment/saga/SagaOrchestrator.java:[131,17] cannot find symbol
[ERROR]   symbol:   method setStatus(com.skillsync.payment.enums.SagaStatus)
[ERROR]   location: variable saga of type com.skillsync.payment.entity.PaymentSaga
[ERROR] /app/src/main/java/com/skillsync/payment/saga/SagaOrchestrator.java:[133,49] cannot find symbol
[ERROR]   symbol:   method getId()
[ERROR]   location: variable saga of type com.skillsync.payment.entity.PaymentSaga
[ERROR] /app/src/main/java/com/skillsync/payment/saga/SagaOrchestrator.java:[134,25] cannot find symbol
[ERROR]   symbol:   method getLearnerId()
[ERROR]   location: variable saga of type com.skillsync.payment.entity.PaymentSaga
[ERROR] /app/src/main/java/com/skillsync/payment/saga/SagaOrchestrator.java:[135,13] cannot find symbol
[ERROR]   symbol:   variable log
[ERROR]   location: class com.skillsync.payment.saga.SagaOrchestrator
[ERROR] /app/src/main/java/com/skillsync/payment/saga/SagaOrchestrator.java:[136,25] cannot find symbol
[ERROR]   symbol:   method getCorrelationId()
[ERROR]   location: variable saga of type com.skillsync.payment.entity.PaymentSaga
[ERROR] /app/src/main/java/com/skillsync/payment/saga/SagaOrchestrator.java:[138,13] cannot find symbol
[ERROR]   symbol:   variable log
[ERROR]   location: class com.skillsync.payment.saga.SagaOrchestrator
[ERROR] /app/src/main/java/com/skillsync/payment/saga/SagaOrchestrator.java:[138,77] cannot find symbol
[ERROR]   symbol:   method getCorrelationId()
[ERROR]   location: variable saga of type com.skillsync.payment.entity.PaymentSaga
[ERROR] /app/src/main/java/com/skillsync/payment/saga/SagaOrchestrator.java:[139,17] cannot find symbol
[ERROR]   symbol:   method setStatus(com.skillsync.payment.enums.SagaStatus)
[ERROR]   location: variable saga of type com.skillsync.payment.entity.PaymentSaga
[ERROR] /app/src/main/java/com/skillsync/payment/saga/SagaOrchestrator.java:[140,17] cannot find symbol
[ERROR]   symbol:   method setFailureReason(java.lang.String)
[ERROR]   location: variable saga of type com.skillsync.payment.entity.PaymentSaga
[ERROR] /app/src/main/java/com/skillsync/payment/saga/SagaOrchestrator.java:[155,17] cannot find symbol
[ERROR]   symbol:   method getStatus()
[ERROR]   location: variable saga of type com.skillsync.payment.entity.PaymentSaga
[ERROR] /app/src/main/java/com/skillsync/payment/saga/SagaOrchestrator.java:[156,13] cannot find symbol
[ERROR]   symbol:   variable log
[ERROR]   location: class com.skillsync.payment.saga.SagaOrchestrator
[ERROR] /app/src/main/java/com/skillsync/payment/saga/SagaOrchestrator.java:[156,68] cannot find symbol
[ERROR]   symbol:   method getCorrelationId()
[ERROR]   location: variable saga of type com.skillsync.payment.entity.PaymentSaga
[ERROR] /app/src/main/java/com/skillsync/payment/saga/SagaOrchestrator.java:[156,93] cannot find symbol
[ERROR]   symbol:   method getStatus()
[ERROR]   location: variable saga of type com.skillsync.payment.entity.PaymentSaga
[ERROR] /app/src/main/java/com/skillsync/payment/saga/SagaOrchestrator.java:[160,13] cannot find symbol
[ERROR]   symbol:   method setStatus(com.skillsync.payment.enums.SagaStatus)
[ERROR]   location: variable saga of type com.skillsync.payment.entity.PaymentSaga
[ERROR] /app/src/main/java/com/skillsync/payment/saga/SagaOrchestrator.java:[169,17] cannot find symbol
[ERROR]   symbol:   method setPaymentReference(java.lang.String)
[ERROR]   location: variable saga of type com.skillsync.payment.entity.PaymentSaga
[ERROR] /app/src/main/java/com/skillsync/payment/saga/SagaOrchestrator.java:[170,17] cannot find symbol
[ERROR]   symbol:   method setStatus(com.skillsync.payment.enums.SagaStatus)
[ERROR]   location: variable saga of type com.skillsync.payment.entity.PaymentSaga
[ERROR] /app/src/main/java/com/skillsync/payment/saga/SagaOrchestrator.java:[172,37] cannot find symbol
[ERROR]   symbol:   method getSessionId()
[ERROR]   location: variable saga of type com.skillsync.payment.entity.PaymentSaga
[ERROR] /app/src/main/java/com/skillsync/payment/saga/SagaOrchestrator.java:[173,49] cannot find symbol
[ERROR]   symbol:   method getId()
[ERROR]   location: variable saga of type com.skillsync.payment.entity.PaymentSaga
[ERROR] /app/src/main/java/com/skillsync/payment/saga/SagaOrchestrator.java:[174,25] cannot find symbol
[ERROR]   symbol:   method getLearnerId()
[ERROR]   location: variable saga of type com.skillsync.payment.entity.PaymentSaga
[ERROR] /app/src/main/java/com/skillsync/payment/saga/SagaOrchestrator.java:[175,13] cannot find symbol
[ERROR]   symbol:   variable log
[ERROR]   location: class com.skillsync.payment.saga.SagaOrchestrator
[ERROR] /app/src/main/java/com/skillsync/payment/saga/SagaOrchestrator.java:[176,25] cannot find symbol
[ERROR]   symbol:   method getCorrelationId()
[ERROR]   location: variable saga of type com.skillsync.payment.entity.PaymentSaga
[ERROR] /app/src/main/java/com/skillsync/payment/saga/SagaOrchestrator.java:[176,70] cannot find symbol
[ERROR]   symbol:   method getSessionId()
[ERROR]   location: variable saga of type com.skillsync.payment.entity.PaymentSaga
[ERROR] /app/src/main/java/com/skillsync/payment/saga/SagaOrchestrator.java:[178,13] cannot find symbol
[ERROR]   symbol:   variable log
[ERROR]   location: class com.skillsync.payment.saga.SagaOrchestrator
[ERROR] /app/src/main/java/com/skillsync/payment/saga/SagaOrchestrator.java:[178,73] cannot find symbol
[ERROR]   symbol:   method getCorrelationId()
[ERROR]   location: variable saga of type com.skillsync.payment.entity.PaymentSaga
[ERROR] /app/src/main/java/com/skillsync/payment/saga/SagaOrchestrator.java:[179,17] cannot find symbol
[ERROR]   symbol:   method setStatus(com.skillsync.payment.enums.SagaStatus)
[ERROR]   location: variable saga of type com.skillsync.payment.entity.PaymentSaga
[ERROR] /app/src/main/java/com/skillsync/payment/saga/SagaOrchestrator.java:[180,17] cannot find symbol
[ERROR]   symbol:   method setFailureReason(java.lang.String)
[ERROR]   location: variable saga of type com.skillsync.payment.entity.PaymentSaga
[ERROR] /app/src/main/java/com/skillsync/payment/saga/SagaOrchestrator.java:[183,41] cannot find symbol
[ERROR]   symbol:   method getSessionId()
[ERROR]   location: variable saga of type com.skillsync.payment.entity.PaymentSaga
[ERROR] /app/src/main/java/com/skillsync/payment/saga/SagaOrchestrator.java:[185,17] cannot find symbol
[ERROR]   symbol:   variable log
[ERROR]   location: class com.skillsync.payment.saga.SagaOrchestrator
[ERROR] /app/src/main/java/com/skillsync/payment/saga/SagaOrchestrator.java:[186,29] cannot find symbol
[ERROR]   symbol:   method getCorrelationId()
[ERROR]   location: variable saga of type com.skillsync.payment.entity.PaymentSaga
[ERROR] /app/src/main/java/com/skillsync/payment/saga/SagaOrchestrator.java:[201,17] cannot find symbol
[ERROR]   symbol:   method getStatus()
[ERROR]   location: variable saga of type com.skillsync.payment.entity.PaymentSaga
[ERROR] /app/src/main/java/com/skillsync/payment/saga/SagaOrchestrator.java:[202,13] cannot find symbol
[ERROR]   symbol:   variable log
[ERROR]   location: class com.skillsync.payment.saga.SagaOrchestrator
[ERROR] /app/src/main/java/com/skillsync/payment/saga/SagaOrchestrator.java:[203,25] cannot find symbol
[ERROR]   symbol:   method getCorrelationId()
[ERROR]   location: variable saga of type com.skillsync.payment.entity.PaymentSaga
[ERROR] /app/src/main/java/com/skillsync/payment/saga/SagaOrchestrator.java:[203,50] cannot find symbol
[ERROR]   symbol:   method getStatus()
[ERROR]   location: variable saga of type com.skillsync.payment.entity.PaymentSaga
[ERROR] /app/src/main/java/com/skillsync/payment/saga/SagaOrchestrator.java:[207,17] cannot find symbol
[ERROR]   symbol:   method getStatus()
[ERROR]   location: variable saga of type com.skillsync.payment.entity.PaymentSaga
[ERROR] /app/src/main/java/com/skillsync/payment/saga/SagaOrchestrator.java:[207,60] cannot find symbol
[ERROR]   symbol:   method getStatus()
[ERROR]   location: variable saga of type com.skillsync.payment.entity.PaymentSaga
[ERROR] /app/src/main/java/com/skillsync/payment/saga/SagaOrchestrator.java:[208,13] cannot find symbol
[ERROR]   symbol:   variable log
[ERROR]   location: class com.skillsync.payment.saga.SagaOrchestrator
[ERROR] /app/src/main/java/com/skillsync/payment/saga/SagaOrchestrator.java:[208,65] cannot find symbol
[ERROR]   symbol:   method getCorrelationId()
[ERROR]   location: variable saga of type com.skillsync.payment.entity.PaymentSaga
[ERROR] /app/src/main/java/com/skillsync/payment/saga/SagaOrchestrator.java:[212,13] cannot find symbol
[ERROR]   symbol:   method setStatus(com.skillsync.payment.enums.SagaStatus)
[ERROR]   location: variable saga of type com.skillsync.payment.entity.PaymentSaga
[ERROR] /app/src/main/java/com/skillsync/payment/saga/SagaOrchestrator.java:[216,59] cannot find symbol
[ERROR]   symbol:   method getPaymentReference()
[ERROR]   location: variable saga of type com.skillsync.payment.entity.PaymentSaga
[ERROR] /app/src/main/java/com/skillsync/payment/saga/SagaOrchestrator.java:[216,87] cannot find symbol
[ERROR]   symbol:   method getAmount()
[ERROR]   location: variable saga of type com.skillsync.payment.entity.PaymentSaga
[ERROR] /app/src/main/java/com/skillsync/payment/saga/SagaOrchestrator.java:[217,17] cannot find symbol
[ERROR]   symbol:   method setRefundReference(java.lang.String)
[ERROR]   location: variable saga of type com.skillsync.payment.entity.PaymentSaga
[ERROR] /app/src/main/java/com/skillsync/payment/saga/SagaOrchestrator.java:[218,17] cannot find symbol
[ERROR]   symbol:   method setStatus(com.skillsync.payment.enums.SagaStatus)
[ERROR]   location: variable saga of type com.skillsync.payment.entity.PaymentSaga
[ERROR] /app/src/main/java/com/skillsync/payment/saga/SagaOrchestrator.java:[221,49] cannot find symbol
[ERROR]   symbol:   method getId()
[ERROR]   location: variable saga of type com.skillsync.payment.entity.PaymentSaga
[ERROR] /app/src/main/java/com/skillsync/payment/saga/SagaOrchestrator.java:[222,25] cannot find symbol
[ERROR]   symbol:   method getLearnerId()
[ERROR]   location: variable saga of type com.skillsync.payment.entity.PaymentSaga
[ERROR] /app/src/main/java/com/skillsync/payment/saga/SagaOrchestrator.java:[223,13] cannot find symbol
[ERROR]   symbol:   variable log
[ERROR]   location: class com.skillsync.payment.saga.SagaOrchestrator
[ERROR] /app/src/main/java/com/skillsync/payment/saga/SagaOrchestrator.java:[223,70] cannot find symbol
[ERROR]   symbol:   method getCorrelationId()
[ERROR]   location: variable saga of type com.skillsync.payment.entity.PaymentSaga
[ERROR] /app/src/main/java/com/skillsync/payment/saga/SagaOrchestrator.java:[225,13] cannot find symbol
[ERROR]   symbol:   variable log
[ERROR]   location: class com.skillsync.payment.saga.SagaOrchestrator
[ERROR] /app/src/main/java/com/skillsync/payment/saga/SagaOrchestrator.java:[225,59] cannot find symbol
[ERROR]   symbol:   method getCorrelationId()
[ERROR]   location: variable saga of type com.skillsync.payment.entity.PaymentSaga
[ERROR] /app/src/main/java/com/skillsync/payment/saga/SagaOrchestrator.java:[226,17] cannot find symbol
[ERROR]   symbol:   method setStatus(com.skillsync.payment.enums.SagaStatus)
[ERROR]   location: variable saga of type com.skillsync.payment.entity.PaymentSaga
[ERROR] /app/src/main/java/com/skillsync/payment/saga/SagaOrchestrator.java:[227,17] cannot find symbol
[ERROR]   symbol:   method setFailureReason(java.lang.String)
[ERROR]   location: variable saga of type com.skillsync.payment.entity.PaymentSaga
[ERROR] /app/src/main/java/com/skillsync/payment/saga/SagaOrchestrator.java:[240,21] cannot find symbol
[ERROR]   symbol:   method getStatus()
[ERROR]   location: variable saga of type com.skillsync.payment.entity.PaymentSaga
[ERROR] /app/src/main/java/com/skillsync/payment/saga/SagaOrchestrator.java:[241,21] cannot find symbol
[ERROR]   symbol:   method setStatus(com.skillsync.payment.enums.SagaStatus)
[ERROR]   location: variable saga of type com.skillsync.payment.entity.PaymentSaga
[ERROR] /app/src/main/java/com/skillsync/payment/saga/SagaOrchestrator.java:[243,17] cannot find symbol
[ERROR]   symbol:   variable log
[ERROR]   location: class com.skillsync.payment.saga.SagaOrchestrator
[ERROR] /app/src/main/java/com/skillsync/payment/saga/SagaOrchestrator.java:[244,29] cannot find symbol
[ERROR]   symbol:   method getCorrelationId()
[ERROR]   location: variable saga of type com.skillsync.payment.entity.PaymentSaga
[ERROR] /app/src/main/java/com/skillsync/payment/saga/SagaOrchestrator.java:[258,17] cannot find symbol
[ERROR]   symbol:   method getStatus()
[ERROR]   location: variable saga of type com.skillsync.payment.entity.PaymentSaga
[ERROR] /app/src/main/java/com/skillsync/payment/saga/SagaOrchestrator.java:[262,21] cannot find symbol
[ERROR]   symbol:   variable log
[ERROR]   location: class com.skillsync.payment.saga.SagaOrchestrator
[ERROR] -> [Help 1]
[ERROR] 
[ERROR] To see the full stack trace of the errors, re-run Maven with the -e switch.
[ERROR] Re-run Maven using the -X switch to enable full debug logging.
[ERROR] 
[ERROR] For more information about the errors and possible solutions, please read the following articles:
[ERROR] [Help 1] http://cwiki.apache.org/confluence/display/MAVEN/MojoFailureException
